#
# There is insufficient memory for the Java Runtime Environment to continue.
# Native memory allocation (malloc) failed to allocate 1048576 bytes. Error detail: AllocateHeap
# Possible reasons:
#   The system is out of physical RAM or swap space
#   This process is running with CompressedOops enabled, and the Java Heap may be blocking the growth of the native heap
# Possible solutions:
#   Reduce memory load on the system
#   Increase physical memory or swap space
#   Check if swap backing store is full
#   Decrease Java heap size (-Xmx/-Xms)
#   Decrease number of Java threads
#   Decrease Java thread stack sizes (-Xss)
#   Set larger code cache with -XX:ReservedCodeCacheSize=
#   JVM is running with Unscaled Compressed Oops mode in which the Java heap is
#     placed in the first 4GB address space. The Java Heap base address is the
#     maximum limit for the native heap growth. Please use -XX:HeapBaseMinAddress
#     to set the Java Heap base and to place the Java Heap above 4GB virtual address.
# This output file may be truncated or incomplete.
#
#  Out of Memory Error (allocation.cpp:44), pid=26968, tid=16076
#
# JRE version:  (21.0.9+10) (build )
# Java VM: OpenJDK 64-Bit Server VM (21.0.9+10-LTS, mixed mode, sharing, tiered, compressed oops, compressed class ptrs, parallel gc, windows-amd64)
# No core dump will be written. Minidumps are not enabled by default on client versions of Windows
#

---------------  S U M M A R Y ------------

Command Line: --add-modules=ALL-SYSTEM --add-opens=java.base/java.util=ALL-UNNAMED --add-opens=java.base/java.lang=ALL-UNNAMED --add-opens=java.base/sun.nio.fs=ALL-UNNAMED -Declipse.application=org.eclipse.jdt.ls.core.id1 -Dosgi.bundles.defaultStartLevel=4 -Declipse.product=org.eclipse.jdt.ls.core.product -Djava.import.generatesMetadataFilesAtProjectRoot=false -DDetectVMInstallationsJob.disabled=true -Dfile.encoding=utf8 -XX:+UseParallelGC -XX:GCTimeRatio=4 -XX:AdaptiveSizePolicyWeight=90 -Dsun.zip.disableMemoryMapping=true -Xmx2G -Xms100m -Xlog:disable -javaagent:c:\Users\shash\.vscode\extensions\redhat.java-1.50.0-win32-x64\lombok\lombok-1.18.39-4050.jar c:\Users\shash\.vscode\extensions\redhat.java-1.50.0-win32-x64\server\plugins\org.eclipse.equinox.launcher_1.7.100.v20251111-0406.jar -configuration c:\Users\shash\AppData\Roaming\Code\User\globalStorage\redhat.java\1.50.0\config_ss_win -data c:\Users\shash\AppData\Roaming\Code\User\workspaceStorage\56ad5240e6f48706266a227f2e169b27\redhat.java\ss_ws --pipe=\\.\pipe\lsp-96ad81149a3925a92df15f2332264aff-sock

Host: AMD Ryzen 5 5600H with Radeon Graphics         , 12 cores, 7G,  Windows 11 , 64 bit Build 26100 (10.0.26100.7019)
Time: Tue Dec  9 02:02:51 2025 India Standard Time elapsed time: 0.035979 seconds (0d 0h 0m 0s)

---------------  T H R E A D  ---------------

Current thread (0x0000024c861dcde0):  JavaThread "Unknown thread" [_thread_in_vm, id=16076, stack(0x0000005b7a900000,0x0000005b7aa00000) (1024K)]

Stack: [0x0000005b7a900000,0x0000005b7aa00000]
Native frames: (J=compiled Java code, j=interpreted, Vv=VM code, C=native code)
V  [jvm.dll+0x6d6e29]
V  [jvm.dll+0x8b4b76]
V  [jvm.dll+0x8b712e]
V  [jvm.dll+0x8b7813]
V  [jvm.dll+0x283d86]
V  [jvm.dll+0xc1277]
V  [jvm.dll+0x71457d]
V  [jvm.dll+0x714c3c]
V  [jvm.dll+0x6e59c8]
V  [jvm.dll+0x87e58c]
V  [jvm.dll+0x3c42fc]
V  [jvm.dll+0x86727b]
V  [jvm.dll+0x457391]
V  [jvm.dll+0x458f81]
C  [jli.dll+0x52d0]
C  [ucrtbase.dll+0x37b0]
C  [KERNEL32.DLL+0x2e8d7]
C  [ntdll.dll+0x8c53c]


---------------  P R O C E S S  ---------------

Threads class SMR info:
_java_thread_list=0x0000024c86204ee0, length=1, elements={
0x0000024c861dcde0
}

Java Threads: ( => current thread )
=>0x0000024c861dcde0 JavaThread "Unknown thread"             [_thread_in_vm, id=16076, stack(0x0000005b7a900000,0x0000005b7aa00000) (1024K)]
Total: 1

Other Threads:
  0x0000024c8606bb20 WatcherThread "VM Periodic Task Thread"        [id=16300, stack(0x0000005b7ab00000,0x0000005b7ac00000) (1024K)]
  0x0000024c861fb2a0 WorkerThread "GC Thread#0"                     [id=22020, stack(0x0000005b7aa00000,0x0000005b7ab00000) (1024K)]
Total: 2

Threads with active compile tasks:
Total: 0

VM state: not at safepoint (normal execution)

VM Mutex/Monitor currently owned by a thread: None

Heap address: 0x0000000080000000, size: 2048 MB, Compressed Oops mode: 32-bit

CDS archive(s) mapped at: [0x0000024c9d000000-0x0000024c9dba0000-0x0000024c9dba0000), size 12189696, SharedBaseAddress: 0x0000024c9d000000, ArchiveRelocationMode: 1.
Compressed class space mapped at: 0x0000024c9e000000-0x0000024cde000000, reserved size: 1073741824
Narrow klass base: 0x0000024c9d000000, Narrow klass shift: 0, Narrow klass range: 0x100000000

GC Precious Log:
 CardTable entry size: 512
 CPUs: 12 total, 12 available
 Memory: 7518M
 Large Page Support: Disabled
 NUMA Support: Disabled
 Compressed Oops: Enabled (32-bit)
 Alignments: Space 512K, Generation 512K, Heap 2M
 Heap Min Capacity: 100M
 Heap Initial Capacity: 100M
 Heap Max Capacity: 2G
 Pre-touch: Disabled
 Parallel Workers: 10

Heap:
 PSYoungGen      total 29696K, used 512K [0x00000000d5580000, 0x00000000d7680000, 0x0000000100000000)
  eden space 25600K, 2% used [0x00000000d5580000,0x00000000d5600020,0x00000000d6e80000)
  from space 4096K, 0% used [0x00000000d7280000,0x00000000d7280000,0x00000000d7680000)
  to   space 4096K, 0% used [0x00000000d6e80000,0x00000000d6e80000,0x00000000d7280000)
 ParOldGen       total 68608K, used 0K [0x0000000080000000, 0x0000000084300000, 0x00000000d5580000)
  object space 68608K, 0% used [0x0000000080000000,0x0000000080000000,0x0000000084300000)
 Metaspace       used 0K, committed 0K, reserved 1048576K
  class space    used 0K, committed 0K, reserved 1048576K

Card table byte_map: [0x0000024c85b80000,0x0000024c85f90000] _byte_map_base: 0x0000024c85780000

Marking Bits: (ParMarkBitMap*) 0x00007ff9cd0c2460
 Begin Bits: [0x0000024c98690000, 0x0000024c9a690000)
 End Bits:   [0x0000024c9a690000, 0x0000024c9c690000)

Polling page: 0x0000024c84020000

Metaspace:

Usage:
  Non-class:      0 bytes used.
      Class:      0 bytes used.
       Both:      0 bytes used.

Virtual space:
  Non-class space:        0 bytes reserved,       0 bytes (  ?%) committed,  0 nodes.
      Class space:        1.00 GB reserved,       0 bytes (  0%) committed,  1 nodes.
             Both:        1.00 GB reserved,       0 bytes (  0%) committed. 

Chunk freelists:
   Non-Class:  0 bytes
       Class:  16.00 MB
        Both:  16.00 MB

MaxMetaspaceSize: unlimited
CompressedClassSpaceSize: 1.00 GB
Initial GC threshold: 21.00 MB
Current GC threshold: 17179869184.00 GB
CDS: on
 - commit_granule_bytes: 65536.
 - commit_granule_words: 8192.
 - virtual_space_node_default_size: 8388608.
 - enlarge_chunks_in_place: 1.
 - use_allocation_guard: 0.


Internal statistics:

num_allocs_failed_limit: 0.
num_arena_births: 0.
num_arena_deaths: 0.
num_vsnodes_births: 1.
num_vsnodes_deaths: 0.
num_space_committed: 0.
num_space_uncommitted: 0.
num_chunks_returned_to_freelist: 0.
num_chunks_taken_from_freelist: 1.
num_chunk_merges: 0.
num_chunk_splits: 1.
num_chunks_enlarged: 0.
num_inconsistent_stats: 0.

CodeHeap 'non-profiled nmethods': size=120000Kb used=0Kb max_used=0Kb free=120000Kb
 bounds [0x0000024c90eb0000, 0x0000024c91120000, 0x0000024c983e0000]
CodeHeap 'profiled nmethods': size=120000Kb used=0Kb max_used=0Kb free=120000Kb
 bounds [0x0000024c893e0000, 0x0000024c89650000, 0x0000024c90910000]
CodeHeap 'non-nmethods': size=5760Kb used=194Kb max_used=342Kb free=5565Kb
 bounds [0x0000024c90910000, 0x0000024c90b80000, 0x0000024c90eb0000]
CodeCache: size=245760Kb, used=194Kb, max_used=342Kb, free=245565Kb
 total_blobs=70, nmethods=0, adapters=48, full_count=0
Compilation: enabled, stopped_count=0, restarted_count=0

Compilation events (0 events):
No events

GC Heap History (0 events):
No events

Dll operation events (1 events):
Event: 0.012 Loaded shared library c:\Users\shash\.vscode\extensions\redhat.java-1.50.0-win32-x64\jre\21.0.9-win32-x86_64\bin\java.dll

Deoptimization events (0 events):
No events

Classes loaded (0 events):
No events

Classes unloaded (0 events):
No events

Classes redefined (0 events):
No events

Internal exceptions (0 events):
No events

ZGC Phase Switch (0 events):
No events

VM Operations (0 events):
No events

Memory protections (0 events):
No events

Nmethod flushes (0 events):
No events

Events (1 events):
Event: 0.030 Thread 0x0000024c861dcde0 Thread added: 0x0000024c861dcde0


Dynamic libraries:
0x00007ff789b70000 - 0x00007ff789b7e000 	c:\Users\shash\.vscode\extensions\redhat.java-1.50.0-win32-x64\jre\21.0.9-win32-x86_64\bin\java.exe
0x00007ffabc1e0000 - 0x00007ffabc448000 	C:\WINDOWS\SYSTEM32\ntdll.dll
0x00007ffabb5d0000 - 0x00007ffabb699000 	C:\WINDOWS\System32\KERNEL32.DLL
0x00007ffab9950000 - 0x00007ffab9d48000 	C:\WINDOWS\System32\KERNELBASE.dll
0x00007ffab96a0000 - 0x00007ffab97eb000 	C:\WINDOWS\System32\ucrtbase.dll
0x00007ffaadd70000 - 0x00007ffaadd88000 	c:\Users\shash\.vscode\extensions\redhat.java-1.50.0-win32-x64\jre\21.0.9-win32-x86_64\bin\jli.dll
0x00007ffaa2fb0000 - 0x00007ffaa2fce000 	c:\Users\shash\.vscode\extensions\redhat.java-1.50.0-win32-x64\jre\21.0.9-win32-x86_64\bin\VCRUNTIME140.dll
0x00007ffabac10000 - 0x00007ffabadd7000 	C:\WINDOWS\System32\USER32.dll
0x00007ffab9920000 - 0x00007ffab9947000 	C:\WINDOWS\System32\win32u.dll
0x00007ffa9d4d0000 - 0x00007ffa9d764000 	C:\WINDOWS\WinSxS\amd64_microsoft.windows.common-controls_6595b64144ccf1df_6.0.26100.7019_none_3e06ffa0e335b8a8\COMCTL32.dll
0x00007ffabb7a0000 - 0x00007ffabb7cb000 	C:\WINDOWS\System32\GDI32.dll
0x00007ffabb980000 - 0x00007ffabba29000 	C:\WINDOWS\System32\msvcrt.dll
0x00007ffab97f0000 - 0x00007ffab991c000 	C:\WINDOWS\System32\gdi32full.dll
0x00007ffab9540000 - 0x00007ffab95e3000 	C:\WINDOWS\System32\msvcp_win.dll
0x00007ffabbc80000 - 0x00007ffabbcb1000 	C:\WINDOWS\System32\IMM32.DLL
0x00007ffab6480000 - 0x00007ffab648c000 	c:\Users\shash\.vscode\extensions\redhat.java-1.50.0-win32-x64\jre\21.0.9-win32-x86_64\bin\vcruntime140_1.dll
0x00007ffa81a10000 - 0x00007ffa81a9d000 	c:\Users\shash\.vscode\extensions\redhat.java-1.50.0-win32-x64\jre\21.0.9-win32-x86_64\bin\msvcp140.dll
0x00007ff9cc400000 - 0x00007ff9cd1a0000 	c:\Users\shash\.vscode\extensions\redhat.java-1.50.0-win32-x64\jre\21.0.9-win32-x86_64\bin\server\jvm.dll
0x00007ffabadf0000 - 0x00007ffabaea4000 	C:\WINDOWS\System32\ADVAPI32.dll
0x00007ffabb8d0000 - 0x00007ffabb976000 	C:\WINDOWS\System32\sechost.dll
0x00007ffabaf40000 - 0x00007ffabb058000 	C:\WINDOWS\System32\RPCRT4.dll
0x00007ffabb6a0000 - 0x00007ffabb714000 	C:\WINDOWS\System32\WS2_32.dll
0x00007ffab9190000 - 0x00007ffab91ee000 	C:\WINDOWS\SYSTEM32\POWRPROF.dll
0x00007ffab0b20000 - 0x00007ffab0b55000 	C:\WINDOWS\SYSTEM32\WINMM.dll
0x00007ffab67a0000 - 0x00007ffab67ab000 	C:\WINDOWS\SYSTEM32\VERSION.dll
0x00007ffab9170000 - 0x00007ffab9184000 	C:\WINDOWS\SYSTEM32\UMPDC.dll
0x00007ffab80f0000 - 0x00007ffab810b000 	C:\WINDOWS\SYSTEM32\kernel.appcore.dll
0x00007ffaaacd0000 - 0x00007ffaaacda000 	c:\Users\shash\.vscode\extensions\redhat.java-1.50.0-win32-x64\jre\21.0.9-win32-x86_64\bin\jimage.dll
0x00007ffaab460000 - 0x00007ffaab6a2000 	C:\WINDOWS\SYSTEM32\DBGHELP.DLL
0x00007ffabb060000 - 0x00007ffabb3eb000 	C:\WINDOWS\System32\combase.dll
0x00007ffab9f80000 - 0x00007ffaba057000 	C:\WINDOWS\System32\OLEAUT32.dll
0x00007ffa98230000 - 0x00007ffa9826c000 	C:\WINDOWS\SYSTEM32\dbgcore.DLL
0x00007ffab95f0000 - 0x00007ffab9695000 	C:\WINDOWS\System32\bcryptPrimitives.dll
0x00007ffaae050000 - 0x00007ffaae05f000 	c:\Users\shash\.vscode\extensions\redhat.java-1.50.0-win32-x64\jre\21.0.9-win32-x86_64\bin\instrument.dll
0x00007ffa9f350000 - 0x00007ffa9f370000 	c:\Users\shash\.vscode\extensions\redhat.java-1.50.0-win32-x64\jre\21.0.9-win32-x86_64\bin\java.dll

JVMTI agents:
c:\Users\shash\.vscode\extensions\redhat.java-1.50.0-win32-x64\lombok\lombok-1.18.39-4050.jar path:none, loaded, not initialized, instrumentlib options:none

dbghelp: loaded successfully - version: 4.0.5 - missing functions: none
symbol engine: initialized successfully - sym options: 0x614 - pdb path: .;c:\Users\shash\.vscode\extensions\redhat.java-1.50.0-win32-x64\jre\21.0.9-win32-x86_64\bin;C:\WINDOWS\SYSTEM32;C:\WINDOWS\WinSxS\amd64_microsoft.windows.common-controls_6595b64144ccf1df_6.0.26100.7019_none_3e06ffa0e335b8a8;c:\Users\shash\.vscode\extensions\redhat.java-1.50.0-win32-x64\jre\21.0.9-win32-x86_64\bin\server

VM Arguments:
jvm_args: --add-modules=ALL-SYSTEM --add-opens=java.base/java.util=ALL-UNNAMED --add-opens=java.base/java.lang=ALL-UNNAMED --add-opens=java.base/sun.nio.fs=ALL-UNNAMED -Declipse.application=org.eclipse.jdt.ls.core.id1 -Dosgi.bundles.defaultStartLevel=4 -Declipse.product=org.eclipse.jdt.ls.core.product -Djava.import.generatesMetadataFilesAtProjectRoot=false -DDetectVMInstallationsJob.disabled=true -Dfile.encoding=utf8 -XX:+UseParallelGC -XX:GCTimeRatio=4 -XX:AdaptiveSizePolicyWeight=90 -Dsun.zip.disableMemoryMapping=true -Xmx2G -Xms100m -Xlog:disable -javaagent:c:\Users\shash\.vscode\extensions\redhat.java-1.50.0-win32-x64\lombok\lombok-1.18.39-4050.jar 
java_command: c:\Users\shash\.vscode\extensions\redhat.java-1.50.0-win32-x64\server\plugins\org.eclipse.equinox.launcher_1.7.100.v20251111-0406.jar -configuration c:\Users\shash\AppData\Roaming\Code\User\globalStorage\redhat.java\1.50.0\config_ss_win -data c:\Users\shash\AppData\Roaming\Code\User\workspaceStorage\56ad5240e6f48706266a227f2e169b27\redhat.java\ss_ws --pipe=\\.\pipe\lsp-96ad81149a3925a92df15f2332264aff-sock
java_class_path (initial): c:\Users\shash\.vscode\extensions\redhat.java-1.50.0-win32-x64\server\plugins\org.eclipse.equinox.launcher_1.7.100.v20251111-0406.jar
Launcher Type: SUN_STANDARD

[Global flags]
    uintx AdaptiveSizePolicyWeight                 = 90                                        {product} {command line}
     intx CICompilerCount                          = 4                                         {product} {ergonomic}
    uintx GCTimeRatio                              = 4                                         {product} {command line}
   size_t InitialHeapSize                          = 104857600                                 {product} {command line}
   size_t MaxHeapSize                              = 2147483648                                {product} {command line}
   size_t MaxNewSize                               = 715653120                                 {product} {ergonomic}
   size_t MinHeapDeltaBytes                        = 524288                                    {product} {ergonomic}
   size_t MinHeapSize                              = 104857600                                 {product} {command line}
   size_t NewSize                                  = 34603008                                  {product} {ergonomic}
    uintx NonNMethodCodeHeapSize                   = 5839372                                {pd product} {ergonomic}
    uintx NonProfiledCodeHeapSize                  = 122909434                              {pd product} {ergonomic}
   size_t OldSize                                  = 70254592                                  {product} {ergonomic}
    uintx ProfiledCodeHeapSize                     = 122909434                              {pd product} {ergonomic}
    uintx ReservedCodeCacheSize                    = 251658240                              {pd product} {ergonomic}
     bool SegmentedCodeCache                       = true                                      {product} {ergonomic}
   size_t SoftMaxHeapSize                          = 2147483648                             {manageable} {ergonomic}
     bool UseCompressedOops                        = true                           {product lp64_product} {ergonomic}
     bool UseLargePagesIndividualAllocation        = false                                  {pd product} {ergonomic}
     bool UseParallelGC                            = true                                      {product} {command line}

Logging:
Log output configuration:
 #0: stdout all=off uptime,level,tags foldmultilines=false
 #1: stderr all=off uptime,level,tags foldmultilines=false

Release file:
<release file has not been read>
Environment Variables:
JAVA_HOME=C:\Program Files\Microsoft\jdk-17.0.16.8-hotspot
PATH=C:\Python314\Scripts\;C:\Python314\;C:\Program Files\Microsoft\jdk-17.0.16.8-hotspot\bin;C:\Users\shash\AppData\Local\Microsoft\WindowsApps;C:\Users\shash\AppData\Local\Programs\Microsoft VS Code\bin;C:\Users\shash\.dotnet\tools;C:\Users\shash\AppData\Local\Programs\MiKTeX\miktex\bin\x64\;C:\Program Files\Java\jdk-23\bin;C:\Users\shash\AppData\Roaming\npm;C:\ProgramData\chocolatey\bin;C:\WINDOWS\system32;C:\WINDOWS;C:\WINDOWS\System32\Wbem;C:\WINDOWS\System32\WindowsPowerShell\v1.0\;C:\WINDOWS\System32\OpenSSH\;C:\xampp\php;C:\ProgramData\ComposerSetup\bin;C:\Program Files\Git\cmd;D:\Program Files\nodejs\;C:\Users\shash\AppData\Local\Programs\Python\Python311\Scripts\;C:\Users\shash\AppData\Local\Programs\Python\Python311\;C:\Users\shash\AppData\Local\Programs\Python\Launcher\;C:\Program Files\nodejs\;C:\Users\shash\AppData\Local\Programs\Microsoft VS Code\bin;C:\Program Files\JetBrains\IntelliJ IDEA Community Edition 2024.3.1.1\bin;;C:\Users\shash\AppData\Local\Microsoft\WindowsApps;C:\Users\shash\AppData\Roaming\Composer\vendor\bin;D:\Users\shash\AppData\Local\AndroidSDK\platform-tools;D:\Users\shash\AppData\Local\AndroidSDK\tools;D:\Users\shash\AppData\Local\AndroidSDK\tools\bin;D:\Users\shash\AppData\Local\AndroidSDK\emulator;C:\Users\shash\AppData\Roaming\npm;D:\Users\shash\AppData\Local\AndroidSDK\cmdline-tools\latest\bin;D:\Users\shash\AppData\Local\Programs\Antigravity\bin
USERNAME=shash
OS=Windows_NT
PROCESSOR_IDENTIFIER=AMD64 Family 25 Model 80 Stepping 0, AuthenticAMD
TMP=C:\Users\shash\AppData\Local\Temp
TEMP=C:\Users\shash\AppData\Local\Temp




Periodic native trim disabled

---------------  S Y S T E M  ---------------

OS:
 Windows 11 , 64 bit Build 26100 (10.0.26100.7019)
OS uptime: 0 days 15:49 hours
Hyper-V role detected

CPU: total 12 (initial active 12) (12 cores per cpu, 2 threads per core) family 25 model 80 stepping 0 microcode 0xa50000f, cx8, cmov, fxsr, ht, mmx, 3dnowpref, sse, sse2, sse3, ssse3, sse4a, sse4.1, sse4.2, popcnt, lzcnt, tsc, tscinvbit, avx, avx2, aes, erms, clmul, bmi1, bmi2, adx, sha, fma, vzeroupper, clflush, clflushopt, hv, rdtscp, rdpid, fsrm, f16c, cet_ss
Processor Information for processor 0
  Max Mhz: 3301, Current Mhz: 3301, Mhz Limit: 3301
Processor Information for processor 1
  Max Mhz: 3301, Current Mhz: 1805, Mhz Limit: 3301
Processor Information for processor 2
  Max Mhz: 3301, Current Mhz: 3301, Mhz Limit: 3301
Processor Information for processor 3
  Max Mhz: 3301, Current Mhz: 3301, Mhz Limit: 3301
Processor Information for processor 4
  Max Mhz: 3301, Current Mhz: 3301, Mhz Limit: 3301
Processor Information for processor 5
  Max Mhz: 3301, Current Mhz: 3301, Mhz Limit: 3301
Processor Information for processor 6
  Max Mhz: 3301, Current Mhz: 3301, Mhz Limit: 3301
Processor Information for processor 7
  Max Mhz: 3301, Current Mhz: 3301, Mhz Limit: 3301
Processor Information for processor 8
  Max Mhz: 3301, Current Mhz: 3301, Mhz Limit: 3301
Processor Information for processor 9
  Max Mhz: 3301, Current Mhz: 3301, Mhz Limit: 3301
Processor Information for processor 10
  Max Mhz: 3301, Current Mhz: 3301, Mhz Limit: 3301
Processor Information for processor 11
  Max Mhz: 3301, Current Mhz: 3301, Mhz Limit: 3301

Memory: 4k page, system-wide physical 7518M (573M free)
TotalPageFile size 18039M (AvailPageFile size 5M)
current process WorkingSet (physical memory assigned to process): 26M, peak: 26M
current process commit charge ("private bytes"): 218M, peak: 219M

vm_info: OpenJDK 64-Bit Server VM (21.0.9+10-LTS) for windows-amd64 JRE (21.0.9+10-LTS), built on 2025-10-21T00:00:00Z by "admin" with unknown MS VC++:1942

END.
