#
# There is insufficient memory for the Java Runtime Environment to continue.
# Native memory allocation (malloc) failed to allocate 1091056 bytes. Error detail: Chunk::new
# Possible reasons:
#   The system is out of physical RAM or swap space
#   This process is running with CompressedOops enabled, and the Java Heap may be blocking the growth of the native heap
# Possible solutions:
#   Reduce memory load on the system
#   Increase physical memory or swap space
#   Check if swap backing store is full
#   Decrease Java heap size (-Xmx/-Xms)
#   Decrease number of Java threads
#   Decrease Java thread stack sizes (-Xss)
#   Set larger code cache with -XX:ReservedCodeCacheSize=
#   JVM is running with Unscaled Compressed Oops mode in which the Java heap is
#     placed in the first 4GB address space. The Java Heap base address is the
#     maximum limit for the native heap growth. Please use -XX:HeapBaseMinAddress
#     to set the Java Heap base and to place the Java Heap above 4GB virtual address.
# This output file may be truncated or incomplete.
#
#  Out of Memory Error (arena.cpp:168), pid=27504, tid=26132
#
# JRE version: OpenJDK Runtime Environment Temurin-21.0.9+10 (21.0.9+10) (build 21.0.9+10-LTS)
# Java VM: OpenJDK 64-Bit Server VM Temurin-21.0.9+10 (21.0.9+10-LTS, mixed mode, sharing, tiered, compressed oops, compressed class ptrs, parallel gc, windows-amd64)
# No core dump will be written. Minidumps are not enabled by default on client versions of Windows
#

---------------  S U M M A R Y ------------

Command Line: --add-modules=ALL-SYSTEM --add-opens=java.base/java.util=ALL-UNNAMED --add-opens=java.base/java.lang=ALL-UNNAMED --add-opens=java.base/sun.nio.fs=ALL-UNNAMED -Declipse.application=org.eclipse.jdt.ls.core.id1 -Dosgi.bundles.defaultStartLevel=4 -Declipse.product=org.eclipse.jdt.ls.core.product -Djava.import.generatesMetadataFilesAtProjectRoot=false -DDetectVMInstallationsJob.disabled=true -Dfile.encoding=utf8 -XX:+UseParallelGC -XX:GCTimeRatio=4 -XX:AdaptiveSizePolicyWeight=90 -Dsun.zip.disableMemoryMapping=true -Xmx2G -Xms100m -Xlog:disable -javaagent:c:\Users\shash\.vscode\extensions\redhat.java-1.50.0-win32-x64\lombok\lombok-1.18.39-4050.jar c:\Users\shash\.vscode\extensions\redhat.java-1.50.0-win32-x64\server\plugins\org.eclipse.equinox.launcher_1.7.100.v20251111-0406.jar -configuration c:\Users\shash\AppData\Roaming\Code\User\globalStorage\redhat.java\1.50.0\config_ss_win -data c:\Users\shash\AppData\Roaming\Code\User\workspaceStorage\56ad5240e6f48706266a227f2e169b27\redhat.java\ss_ws --pipe=\\.\pipe\lsp-4fbd5af8ded89c402070c11596c06769-sock

Host: AMD Ryzen 5 5600H with Radeon Graphics         , 12 cores, 7G,  Windows 11 , 64 bit Build 26100 (10.0.26100.7019)
Time: Tue Dec  9 02:02:50 2025 India Standard Time elapsed time: 5.468818 seconds (0d 0h 0m 5s)

---------------  T H R E A D  ---------------

Current thread (0x00000277e0aceec0):  JavaThread "C2 CompilerThread0" daemon [_thread_in_native, id=26132, stack(0x000000e86db00000,0x000000e86dc00000) (1024K)]


Current CompileTask:
C2:5468 3173       4       java.lang.invoke.MethodType::makeImpl (109 bytes)

Stack: [0x000000e86db00000,0x000000e86dc00000]
Native frames: (J=compiled Java code, j=interpreted, Vv=VM code, C=native code)
V  [jvm.dll+0x6d6e29]
V  [jvm.dll+0x8b4b76]
V  [jvm.dll+0x8b712e]
V  [jvm.dll+0x8b7813]
V  [jvm.dll+0x283d86]
V  [jvm.dll+0xc66ed]
V  [jvm.dll+0xc6c31]
V  [jvm.dll+0x3be501]
V  [jvm.dll+0x1e3d59]
V  [jvm.dll+0x24c0f3]
V  [jvm.dll+0x24b580]
V  [jvm.dll+0x1cb13e]
V  [jvm.dll+0x25b29d]
V  [jvm.dll+0x25982a]
V  [jvm.dll+0x3f7ea6]
V  [jvm.dll+0x85e9ad]
V  [jvm.dll+0x6d565d]
C  [ucrtbase.dll+0x37b0]
C  [KERNEL32.DLL+0x2e8d7]
C  [ntdll.dll+0x8c53c]


---------------  P R O C E S S  ---------------

Threads class SMR info:
_java_thread_list=0x00000277e639d590, length=36, elements={
0x00000277c822df80, 0x00000277e0ac44b0, 0x00000277e0ac5260, 0x00000277e0aca190,
0x00000277e0acabe0, 0x00000277e0acb630, 0x00000277e0acc080, 0x00000277e0aceec0,
0x00000277e0b09340, 0x00000277e0d128d0, 0x00000277e0e63520, 0x00000277e551b220,
0x00000277e50f3fd0, 0x00000277e50f4630, 0x00000277e59780e0, 0x00000277e56c60f0,
0x00000277e571bfc0, 0x00000277e5d070f0, 0x00000277e6428b50, 0x00000277e702f600,
0x00000277e64291e0, 0x00000277e6426a80, 0x00000277e6429870, 0x00000277e64284c0,
0x00000277e64277a0, 0x00000277e6429f00, 0x00000277e6427110, 0x00000277e6427e30,
0x00000277e61b5930, 0x00000277e61b5fc0, 0x00000277e61b4c10, 0x00000277e61b6650,
0x00000277e61b6ce0, 0x00000277e61b3ef0, 0x00000277e61b3860, 0x00000277e61b7370
}

Java Threads: ( => current thread )
  0x00000277c822df80 JavaThread "main"                              [_thread_blocked, id=20108, stack(0x000000e86d100000,0x000000e86d200000) (1024K)]
  0x00000277e0ac44b0 JavaThread "Reference Handler"          daemon [_thread_blocked, id=13648, stack(0x000000e86d500000,0x000000e86d600000) (1024K)]
  0x00000277e0ac5260 JavaThread "Finalizer"                  daemon [_thread_blocked, id=24532, stack(0x000000e86d600000,0x000000e86d700000) (1024K)]
  0x00000277e0aca190 JavaThread "Signal Dispatcher"          daemon [_thread_blocked, id=19432, stack(0x000000e86d700000,0x000000e86d800000) (1024K)]
  0x00000277e0acabe0 JavaThread "Attach Listener"            daemon [_thread_blocked, id=26220, stack(0x000000e86d800000,0x000000e86d900000) (1024K)]
  0x00000277e0acb630 JavaThread "Service Thread"             daemon [_thread_blocked, id=1908, stack(0x000000e86d900000,0x000000e86da00000) (1024K)]
  0x00000277e0acc080 JavaThread "Monitor Deflation Thread"   daemon [_thread_blocked, id=11756, stack(0x000000e86da00000,0x000000e86db00000) (1024K)]
=>0x00000277e0aceec0 JavaThread "C2 CompilerThread0"         daemon [_thread_in_native, id=26132, stack(0x000000e86db00000,0x000000e86dc00000) (1024K)]
  0x00000277e0b09340 JavaThread "C1 CompilerThread0"         daemon [_thread_blocked, id=6836, stack(0x000000e86dc00000,0x000000e86dd00000) (1024K)]
  0x00000277e0d128d0 JavaThread "Common-Cleaner"             daemon [_thread_blocked, id=14012, stack(0x000000e86de00000,0x000000e86df00000) (1024K)]
  0x00000277e0e63520 JavaThread "Notification Thread"        daemon [_thread_blocked, id=22864, stack(0x000000e86df00000,0x000000e86e000000) (1024K)]
  0x00000277e551b220 JavaThread "Active Thread: Equinox Container: b662eab3-c8dc-4ae5-b1ce-a0059d5d14ea"        [_thread_blocked, id=6496, stack(0x000000e86e600000,0x000000e86e700000) (1024K)]
  0x00000277e50f3fd0 JavaThread "Framework Event Dispatcher: Equinox Container: b662eab3-c8dc-4ae5-b1ce-a0059d5d14ea" daemon [_thread_blocked, id=26436, stack(0x000000e86e700000,0x000000e86e800000) (1024K)]
  0x00000277e50f4630 JavaThread "Start Level: Equinox Container: b662eab3-c8dc-4ae5-b1ce-a0059d5d14ea" daemon [_thread_blocked, id=20952, stack(0x000000e86e800000,0x000000e86e900000) (1024K)]
  0x00000277e59780e0 JavaThread "SCR Component Actor"        daemon [_thread_blocked, id=21616, stack(0x000000e86dd00000,0x000000e86de00000) (1024K)]
  0x00000277e56c60f0 JavaThread "Worker-JM"                         [_thread_blocked, id=19332, stack(0x000000e86ec00000,0x000000e86ed00000) (1024K)]
  0x00000277e571bfc0 JavaThread "Worker-0"                          [_thread_blocked, id=12408, stack(0x000000e86ee00000,0x000000e86ef00000) (1024K)]
  0x00000277e5d070f0 JavaThread "Worker-1"                          [_thread_blocked, id=408, stack(0x000000e86ef00000,0x000000e86f000000) (1024K)]
  0x00000277e6428b50 JavaThread "JNA Cleaner"                daemon [_thread_blocked, id=21432, stack(0x000000e86ea00000,0x000000e86eb00000) (1024K)]
  0x00000277e702f600 JavaThread "C2 CompilerThread1"         daemon [_thread_blocked, id=25852, stack(0x000000e86f200000,0x000000e86f300000) (1024K)]
  0x00000277e64291e0 JavaThread "Thread-1"                   daemon [_thread_in_native, id=23204, stack(0x000000e86f300000,0x000000e86f400000) (1024K)]
  0x00000277e6426a80 JavaThread "Thread-2"                   daemon [_thread_in_native, id=2808, stack(0x000000e86f400000,0x000000e86f500000) (1024K)]
  0x00000277e6429870 JavaThread "Thread-3"                   daemon [_thread_in_native, id=3808, stack(0x000000e86f500000,0x000000e86f600000) (1024K)]
  0x00000277e64284c0 JavaThread "Thread-4"                   daemon [_thread_in_native, id=26344, stack(0x000000e86f600000,0x000000e86f700000) (1024K)]
  0x00000277e64277a0 JavaThread "Thread-5"                   daemon [_thread_in_native, id=712, stack(0x000000e86f700000,0x000000e86f800000) (1024K)]
  0x00000277e6429f00 JavaThread "Thread-6"                   daemon [_thread_in_native, id=9416, stack(0x000000e86f800000,0x000000e86f900000) (1024K)]
  0x00000277e6427110 JavaThread "Thread-7"                   daemon [_thread_in_native, id=27280, stack(0x000000e86f900000,0x000000e86fa00000) (1024K)]
  0x00000277e6427e30 JavaThread "Thread-8"                   daemon [_thread_in_native, id=5240, stack(0x000000e86fa00000,0x000000e86fb00000) (1024K)]
  0x00000277e61b5930 JavaThread "Thread-9"                   daemon [_thread_in_native, id=11108, stack(0x000000e86fb00000,0x000000e86fc00000) (1024K)]
  0x00000277e61b5fc0 JavaThread "Thread-10"                  daemon [_thread_in_native, id=23268, stack(0x000000e86fc00000,0x000000e86fd00000) (1024K)]
  0x00000277e61b4c10 JavaThread "Thread-11"                  daemon [_thread_in_native, id=9212, stack(0x000000e86fd00000,0x000000e86fe00000) (1024K)]
  0x00000277e61b6650 JavaThread "Thread-12"                  daemon [_thread_in_native, id=12964, stack(0x000000e86fe00000,0x000000e86ff00000) (1024K)]
  0x00000277e61b6ce0 JavaThread "Thread-13"                  daemon [_thread_in_native, id=324, stack(0x000000e86ff00000,0x000000e870000000) (1024K)]
  0x00000277e61b3ef0 JavaThread "pool-2-thread-1"                   [_thread_blocked, id=17164, stack(0x000000e870000000,0x000000e870100000) (1024K)]
  0x00000277e61b3860 JavaThread "WorkspaceEventsHandler"            [_thread_blocked, id=12520, stack(0x000000e870100000,0x000000e870200000) (1024K)]
  0x00000277e61b7370 JavaThread "pool-1-thread-1"                   [_thread_blocked, id=13552, stack(0x000000e870200000,0x000000e870300000) (1024K)]
Total: 36

Other Threads:
  0x00000277c81c3960 VMThread "VM Thread"                           [id=10348, stack(0x000000e86d400000,0x000000e86d500000) (1024K)]
  0x00000277c80bca10 WatcherThread "VM Periodic Task Thread"        [id=16752, stack(0x000000e86d300000,0x000000e86d400000) (1024K)]
  0x00000277c824cb50 WorkerThread "GC Thread#0"                     [id=2224, stack(0x000000e86d200000,0x000000e86d300000) (1024K)]
  0x00000277e59680f0 WorkerThread "GC Thread#1"                     [id=22580, stack(0x000000e86e000000,0x000000e86e100000) (1024K)]
  0x00000277e5968f70 WorkerThread "GC Thread#2"                     [id=25748, stack(0x000000e86e100000,0x000000e86e200000) (1024K)]
  0x00000277e59696b0 WorkerThread "GC Thread#3"                     [id=17436, stack(0x000000e86e200000,0x000000e86e300000) (1024K)]
  0x00000277e5968bd0 WorkerThread "GC Thread#4"                     [id=10204, stack(0x000000e86e300000,0x000000e86e400000) (1024K)]
  0x00000277e5968830 WorkerThread "GC Thread#5"                     [id=18756, stack(0x000000e86e400000,0x000000e86e500000) (1024K)]
  0x00000277e5969a50 WorkerThread "GC Thread#6"                     [id=4288, stack(0x000000e86e500000,0x000000e86e600000) (1024K)]
  0x00000277e5968490 WorkerThread "GC Thread#7"                     [id=16976, stack(0x000000e86e900000,0x000000e86ea00000) (1024K)]
  0x00000277e57cce30 WorkerThread "GC Thread#8"                     [id=19144, stack(0x000000e86eb00000,0x000000e86ec00000) (1024K)]
  0x00000277e57c9f10 WorkerThread "GC Thread#9"                     [id=13212, stack(0x000000e86ed00000,0x000000e86ee00000) (1024K)]
Total: 12

Threads with active compile tasks:
C2 CompilerThread0  5508 3173       4       java.lang.invoke.MethodType::makeImpl (109 bytes)
Total: 1

VM state: not at safepoint (normal execution)

VM Mutex/Monitor currently owned by a thread: None

Heap address: 0x0000000080000000, size: 2048 MB, Compressed Oops mode: 32-bit

CDS archive(s) mapped at: [0x0000027780000000-0x0000027780ba0000-0x0000027780ba0000), size 12189696, SharedBaseAddress: 0x0000027780000000, ArchiveRelocationMode: 1.
Compressed class space mapped at: 0x0000027781000000-0x00000277c1000000, reserved size: 1073741824
Narrow klass base: 0x0000027780000000, Narrow klass shift: 0, Narrow klass range: 0x100000000

GC Precious Log:
 CardTable entry size: 512
 CPUs: 12 total, 12 available
 Memory: 7518M
 Large Page Support: Disabled
 NUMA Support: Disabled
 Compressed Oops: Enabled (32-bit)
 Alignments: Space 512K, Generation 512K, Heap 2M
 Heap Min Capacity: 100M
 Heap Initial Capacity: 100M
 Heap Max Capacity: 2G
 Pre-touch: Disabled
 Parallel Workers: 10

Heap:
 PSYoungGen      total 26624K, used 16928K [0x00000000d5580000, 0x00000000d7400000, 0x0000000100000000)
  eden space 24064K, 60% used [0x00000000d5580000,0x00000000d63c0d10,0x00000000d6d00000)
  from space 2560K, 91% used [0x00000000d6d80000,0x00000000d6fc7480,0x00000000d7000000)
  to   space 3584K, 0% used [0x00000000d7080000,0x00000000d7080000,0x00000000d7400000)
 ParOldGen       total 68608K, used 10127K [0x0000000080000000, 0x0000000084300000, 0x00000000d5580000)
  object space 68608K, 14% used [0x0000000080000000,0x00000000809e3eb0,0x0000000084300000)
 Metaspace       used 27416K, committed 28288K, reserved 1114112K
  class space    used 2737K, committed 3136K, reserved 1048576K

Card table byte_map: [0x00000277c7bd0000,0x00000277c7fe0000] _byte_map_base: 0x00000277c77d0000

Marking Bits: (ParMarkBitMap*) 0x00007ff9cd0c2460
 Begin Bits: [0x00000277da6e0000, 0x00000277dc6e0000)
 End Bits:   [0x00000277dc6e0000, 0x00000277de6e0000)

Polling page: 0x00000277c61c0000

Metaspace:

Usage:
  Non-class:     24.10 MB used.
      Class:      2.67 MB used.
       Both:     26.77 MB used.

Virtual space:
  Non-class space:       64.00 MB reserved,      24.56 MB ( 38%) committed,  1 nodes.
      Class space:        1.00 GB reserved,       3.06 MB ( <1%) committed,  1 nodes.
             Both:        1.06 GB reserved,      27.62 MB (  3%) committed. 

Chunk freelists:
   Non-Class:  7.36 MB
       Class:  12.98 MB
        Both:  20.33 MB

MaxMetaspaceSize: unlimited
CompressedClassSpaceSize: 1.00 GB
Initial GC threshold: 21.00 MB
Current GC threshold: 35.00 MB
CDS: on
 - commit_granule_bytes: 65536.
 - commit_granule_words: 8192.
 - virtual_space_node_default_size: 8388608.
 - enlarge_chunks_in_place: 1.
 - use_allocation_guard: 0.


Internal statistics:

num_allocs_failed_limit: 3.
num_arena_births: 542.
num_arena_deaths: 14.
num_vsnodes_births: 2.
num_vsnodes_deaths: 0.
num_space_committed: 442.
num_space_uncommitted: 0.
num_chunks_returned_to_freelist: 17.
num_chunks_taken_from_freelist: 1560.
num_chunk_merges: 9.
num_chunk_splits: 1018.
num_chunks_enlarged: 667.
num_inconsistent_stats: 0.

CodeHeap 'non-profiled nmethods': size=120000Kb used=1501Kb max_used=1501Kb free=118498Kb
 bounds [0x00000277d2f00000, 0x00000277d3170000, 0x00000277da430000]
CodeHeap 'profiled nmethods': size=120000Kb used=6304Kb max_used=6304Kb free=113695Kb
 bounds [0x00000277cb430000, 0x00000277cba60000, 0x00000277d2960000]
CodeHeap 'non-nmethods': size=5760Kb used=1334Kb max_used=1366Kb free=4425Kb
 bounds [0x00000277d2960000, 0x00000277d2bd0000, 0x00000277d2f00000]
CodeCache: size=245760Kb, used=9139Kb, max_used=9171Kb, free=236618Kb
 total_blobs=3853, nmethods=3229, adapters=530, full_count=0
Compilation: enabled, stopped_count=0, restarted_count=0

Compilation events (20 events):
Event: 5.304 Thread 0x00000277e0b09340 3223       3       java.time.format.DateTimeParseContext::setParsedField (54 bytes)
Event: 5.304 Thread 0x00000277e702f600 3226       4       java.util.HashMap::containsKey (14 bytes)
Event: 5.305 Thread 0x00000277e0b09340 nmethod 3223 0x00000277cba54190 code [0x00000277cba543c0, 0x00000277cba54c58]
Event: 5.305 Thread 0x00000277e0b09340 3227       3       java.time.temporal.ChronoField::checkValidValue (10 bytes)
Event: 5.305 Thread 0x00000277e0b09340 nmethod 3227 0x00000277cba55010 code [0x00000277cba551c0, 0x00000277cba55320]
Event: 5.305 Thread 0x00000277e0b09340 3228       3       java.time.temporal.ValueRange::checkValidValue (24 bytes)
Event: 5.305 Thread 0x00000277e0b09340 nmethod 3228 0x00000277cba55410 code [0x00000277cba555e0, 0x00000277cba55908]
Event: 5.305 Thread 0x00000277e0b09340 3224       3       java.time.temporal.ChronoField::checkValidIntValue (10 bytes)
Event: 5.306 Thread 0x00000277e0b09340 nmethod 3224 0x00000277cba55a90 code [0x00000277cba55c40, 0x00000277cba55da0]
Event: 5.306 Thread 0x00000277e0b09340 3225       3       java.time.temporal.ValueRange::checkValidIntValue (25 bytes)
Event: 5.306 Thread 0x00000277e0b09340 nmethod 3225 0x00000277cba55e90 code [0x00000277cba56080, 0x00000277cba565b0]
Event: 5.306 Thread 0x00000277e0b09340 3230       3       java.lang.Character::digit (6 bytes)
Event: 5.306 Thread 0x00000277e0b09340 nmethod 3230 0x00000277cba56790 code [0x00000277cba56960, 0x00000277cba56bc0]
Event: 5.306 Thread 0x00000277e0b09340 3229       3       java.time.temporal.ValueRange::isIntValue (28 bytes)
Event: 5.306 Thread 0x00000277e0b09340 nmethod 3229 0x00000277cba56d10 code [0x00000277cba56ec0, 0x00000277cba57090]
Event: 5.306 Thread 0x00000277e0b09340 3231       1       java.util.Collections$SingletonList::size (2 bytes)
Event: 5.307 Thread 0x00000277e0b09340 nmethod 3231 0x00000277d3076c90 code [0x00000277d3076e20, 0x00000277d3076ee8]
Event: 5.309 Thread 0x00000277e702f600 nmethod 3226 0x00000277d3076f90 code [0x00000277d3077160, 0x00000277d30774b0]
Event: 5.310 Thread 0x00000277e0b09340 3232       3       java.nio.Buffer::<init> (105 bytes)
Event: 5.310 Thread 0x00000277e0b09340 nmethod 3232 0x00000277cba57110 code [0x00000277cba573c0, 0x00000277cba57e60]

GC Heap History (16 events):
Event: 1.027 GC heap before
{Heap before GC invocations=1 (full 0):
 PSYoungGen      total 29696K, used 25600K [0x00000000d5580000, 0x00000000d7680000, 0x0000000100000000)
  eden space 25600K, 100% used [0x00000000d5580000,0x00000000d6e80000,0x00000000d6e80000)
  from space 4096K, 0% used [0x00000000d7280000,0x00000000d7280000,0x00000000d7680000)
  to   space 4096K, 0% used [0x00000000d6e80000,0x00000000d6e80000,0x00000000d7280000)
 ParOldGen       total 68608K, used 0K [0x0000000080000000, 0x0000000084300000, 0x00000000d5580000)
  object space 68608K, 0% used [0x0000000080000000,0x0000000080000000,0x0000000084300000)
 Metaspace       used 4338K, committed 4608K, reserved 1114112K
  class space    used 472K, committed 576K, reserved 1048576K
}
Event: 1.037 GC heap after
{Heap after GC invocations=1 (full 0):
 PSYoungGen      total 29696K, used 3287K [0x00000000d5580000, 0x00000000d7680000, 0x0000000100000000)
  eden space 25600K, 0% used [0x00000000d5580000,0x00000000d5580000,0x00000000d6e80000)
  from space 4096K, 80% used [0x00000000d6e80000,0x00000000d71b5e88,0x00000000d7280000)
  to   space 4096K, 0% used [0x00000000d7280000,0x00000000d7280000,0x00000000d7680000)
 ParOldGen       total 68608K, used 16K [0x0000000080000000, 0x0000000084300000, 0x00000000d5580000)
  object space 68608K, 0% used [0x0000000080000000,0x0000000080004000,0x0000000084300000)
 Metaspace       used 4338K, committed 4608K, reserved 1114112K
  class space    used 472K, committed 576K, reserved 1048576K
}
Event: 1.944 GC heap before
{Heap before GC invocations=2 (full 0):
 PSYoungGen      total 29696K, used 28887K [0x00000000d5580000, 0x00000000d7680000, 0x0000000100000000)
  eden space 25600K, 99% used [0x00000000d5580000,0x00000000d6e7fff8,0x00000000d6e80000)
  from space 4096K, 80% used [0x00000000d6e80000,0x00000000d71b5e88,0x00000000d7280000)
  to   space 4096K, 0% used [0x00000000d7280000,0x00000000d7280000,0x00000000d7680000)
 ParOldGen       total 68608K, used 16K [0x0000000080000000, 0x0000000084300000, 0x00000000d5580000)
  object space 68608K, 0% used [0x0000000080000000,0x0000000080004000,0x0000000084300000)
 Metaspace       used 8199K, committed 8512K, reserved 1114112K
  class space    used 875K, committed 1024K, reserved 1048576K
}
Event: 1.951 GC heap after
{Heap after GC invocations=2 (full 0):
 PSYoungGen      total 29696K, used 4081K [0x00000000d5580000, 0x00000000d7680000, 0x0000000100000000)
  eden space 25600K, 0% used [0x00000000d5580000,0x00000000d5580000,0x00000000d6e80000)
  from space 4096K, 99% used [0x00000000d7280000,0x00000000d767c650,0x00000000d7680000)
  to   space 4096K, 0% used [0x00000000d6e80000,0x00000000d6e80000,0x00000000d7280000)
 ParOldGen       total 68608K, used 908K [0x0000000080000000, 0x0000000084300000, 0x00000000d5580000)
  object space 68608K, 1% used [0x0000000080000000,0x00000000800e3078,0x0000000084300000)
 Metaspace       used 8199K, committed 8512K, reserved 1114112K
  class space    used 875K, committed 1024K, reserved 1048576K
}
Event: 2.686 GC heap before
{Heap before GC invocations=3 (full 0):
 PSYoungGen      total 29696K, used 29681K [0x00000000d5580000, 0x00000000d7680000, 0x0000000100000000)
  eden space 25600K, 100% used [0x00000000d5580000,0x00000000d6e80000,0x00000000d6e80000)
  from space 4096K, 99% used [0x00000000d7280000,0x00000000d767c650,0x00000000d7680000)
  to   space 4096K, 0% used [0x00000000d6e80000,0x00000000d6e80000,0x00000000d7280000)
 ParOldGen       total 68608K, used 908K [0x0000000080000000, 0x0000000084300000, 0x00000000d5580000)
  object space 68608K, 1% used [0x0000000080000000,0x00000000800e3078,0x0000000084300000)
 Metaspace       used 13035K, committed 13504K, reserved 1114112K
  class space    used 1382K, committed 1600K, reserved 1048576K
}
Event: 2.691 GC heap after
{Heap after GC invocations=3 (full 0):
 PSYoungGen      total 29696K, used 4095K [0x00000000d5580000, 0x00000000d7680000, 0x0000000100000000)
  eden space 25600K, 0% used [0x00000000d5580000,0x00000000d5580000,0x00000000d6e80000)
  from space 4096K, 99% used [0x00000000d6e80000,0x00000000d727fef8,0x00000000d7280000)
  to   space 4096K, 0% used [0x00000000d7280000,0x00000000d7280000,0x00000000d7680000)
 ParOldGen       total 68608K, used 2735K [0x0000000080000000, 0x0000000084300000, 0x00000000d5580000)
  object space 68608K, 3% used [0x0000000080000000,0x00000000802abce0,0x0000000084300000)
 Metaspace       used 13035K, committed 13504K, reserved 1114112K
  class space    used 1382K, committed 1600K, reserved 1048576K
}
Event: 3.149 GC heap before
{Heap before GC invocations=4 (full 0):
 PSYoungGen      total 29696K, used 29695K [0x00000000d5580000, 0x00000000d7680000, 0x0000000100000000)
  eden space 25600K, 100% used [0x00000000d5580000,0x00000000d6e80000,0x00000000d6e80000)
  from space 4096K, 99% used [0x00000000d6e80000,0x00000000d727fef8,0x00000000d7280000)
  to   space 4096K, 0% used [0x00000000d7280000,0x00000000d7280000,0x00000000d7680000)
 ParOldGen       total 68608K, used 2735K [0x0000000080000000, 0x0000000084300000, 0x00000000d5580000)
  object space 68608K, 3% used [0x0000000080000000,0x00000000802abce0,0x0000000084300000)
 Metaspace       used 15955K, committed 16576K, reserved 1114112K
  class space    used 1662K, committed 1920K, reserved 1048576K
}
Event: 3.153 GC heap after
{Heap after GC invocations=4 (full 0):
 PSYoungGen      total 29696K, used 4095K [0x00000000d5580000, 0x00000000d7680000, 0x0000000100000000)
  eden space 25600K, 0% used [0x00000000d5580000,0x00000000d5580000,0x00000000d6e80000)
  from space 4096K, 99% used [0x00000000d7280000,0x00000000d767fd80,0x00000000d7680000)
  to   space 4096K, 0% used [0x00000000d6e80000,0x00000000d6e80000,0x00000000d7280000)
 ParOldGen       total 68608K, used 5385K [0x0000000080000000, 0x0000000084300000, 0x00000000d5580000)
  object space 68608K, 7% used [0x0000000080000000,0x00000000805425d8,0x0000000084300000)
 Metaspace       used 15955K, committed 16576K, reserved 1114112K
  class space    used 1662K, committed 1920K, reserved 1048576K
}
Event: 3.443 GC heap before
{Heap before GC invocations=5 (full 0):
 PSYoungGen      total 29696K, used 29394K [0x00000000d5580000, 0x00000000d7680000, 0x0000000100000000)
  eden space 25600K, 98% used [0x00000000d5580000,0x00000000d6e34e48,0x00000000d6e80000)
  from space 4096K, 99% used [0x00000000d7280000,0x00000000d767fd80,0x00000000d7680000)
  to   space 4096K, 0% used [0x00000000d6e80000,0x00000000d6e80000,0x00000000d7280000)
 ParOldGen       total 68608K, used 5385K [0x0000000080000000, 0x0000000084300000, 0x00000000d5580000)
  object space 68608K, 7% used [0x0000000080000000,0x00000000805425d8,0x0000000084300000)
 Metaspace       used 20134K, committed 20800K, reserved 1114112K
  class space    used 1967K, committed 2240K, reserved 1048576K
}
Event: 3.447 GC heap after
{Heap after GC invocations=5 (full 0):
 PSYoungGen      total 29184K, used 4089K [0x00000000d5580000, 0x00000000d7900000, 0x0000000100000000)
  eden space 25088K, 0% used [0x00000000d5580000,0x00000000d5580000,0x00000000d6e00000)
  from space 4096K, 99% used [0x00000000d6e80000,0x00000000d727e5e8,0x00000000d7280000)
  to   space 5632K, 0% used [0x00000000d7380000,0x00000000d7380000,0x00000000d7900000)
 ParOldGen       total 68608K, used 5972K [0x0000000080000000, 0x0000000084300000, 0x00000000d5580000)
  object space 68608K, 8% used [0x0000000080000000,0x00000000805d5380,0x0000000084300000)
 Metaspace       used 20134K, committed 20800K, reserved 1114112K
  class space    used 1967K, committed 2240K, reserved 1048576K
}
Event: 3.672 GC heap before
{Heap before GC invocations=6 (full 0):
 PSYoungGen      total 29184K, used 23793K [0x00000000d5580000, 0x00000000d7900000, 0x0000000100000000)
  eden space 25088K, 78% used [0x00000000d5580000,0x00000000d68bdeb8,0x00000000d6e00000)
  from space 4096K, 99% used [0x00000000d6e80000,0x00000000d727e5e8,0x00000000d7280000)
  to   space 5632K, 0% used [0x00000000d7380000,0x00000000d7380000,0x00000000d7900000)
 ParOldGen       total 68608K, used 5972K [0x0000000080000000, 0x0000000084300000, 0x00000000d5580000)
  object space 68608K, 8% used [0x0000000080000000,0x00000000805d5380,0x0000000084300000)
 Metaspace       used 20913K, committed 21504K, reserved 1114112K
  class space    used 2012K, committed 2304K, reserved 1048576K
}
Event: 3.680 GC heap after
{Heap after GC invocations=6 (full 0):
 PSYoungGen      total 30208K, used 5552K [0x00000000d5580000, 0x00000000d7a00000, 0x0000000100000000)
  eden space 24576K, 0% used [0x00000000d5580000,0x00000000d5580000,0x00000000d6d80000)
  from space 5632K, 98% used [0x00000000d7380000,0x00000000d78ec3d0,0x00000000d7900000)
  to   space 6144K, 0% used [0x00000000d6d80000,0x00000000d6d80000,0x00000000d7380000)
 ParOldGen       total 68608K, used 6762K [0x0000000080000000, 0x0000000084300000, 0x00000000d5580000)
  object space 68608K, 9% used [0x0000000080000000,0x000000008069a890,0x0000000084300000)
 Metaspace       used 20913K, committed 21504K, reserved 1114112K
  class space    used 2012K, committed 2304K, reserved 1048576K
}
Event: 3.680 GC heap before
{Heap before GC invocations=7 (full 1):
 PSYoungGen      total 30208K, used 5552K [0x00000000d5580000, 0x00000000d7a00000, 0x0000000100000000)
  eden space 24576K, 0% used [0x00000000d5580000,0x00000000d5580000,0x00000000d6d80000)
  from space 5632K, 98% used [0x00000000d7380000,0x00000000d78ec3d0,0x00000000d7900000)
  to   space 6144K, 0% used [0x00000000d6d80000,0x00000000d6d80000,0x00000000d7380000)
 ParOldGen       total 68608K, used 6762K [0x0000000080000000, 0x0000000084300000, 0x00000000d5580000)
  object space 68608K, 9% used [0x0000000080000000,0x000000008069a890,0x0000000084300000)
 Metaspace       used 20913K, committed 21504K, reserved 1114112K
  class space    used 2012K, committed 2304K, reserved 1048576K
}
Event: 3.708 GC heap after
{Heap after GC invocations=7 (full 1):
 PSYoungGen      total 30208K, used 0K [0x00000000d5580000, 0x00000000d7a00000, 0x0000000100000000)
  eden space 24576K, 0% used [0x00000000d5580000,0x00000000d5580000,0x00000000d6d80000)
  from space 5632K, 0% used [0x00000000d7380000,0x00000000d7380000,0x00000000d7900000)
  to   space 6144K, 0% used [0x00000000d6d80000,0x00000000d6d80000,0x00000000d7380000)
 ParOldGen       total 68608K, used 10119K [0x0000000080000000, 0x0000000084300000, 0x00000000d5580000)
  object space 68608K, 14% used [0x0000000080000000,0x00000000809e1eb0,0x0000000084300000)
 Metaspace       used 20901K, committed 21504K, reserved 1114112K
  class space    used 2008K, committed 2304K, reserved 1048576K
}
Event: 5.026 GC heap before
{Heap before GC invocations=8 (full 1):
 PSYoungGen      total 30208K, used 24553K [0x00000000d5580000, 0x00000000d7a00000, 0x0000000100000000)
  eden space 24576K, 99% used [0x00000000d5580000,0x00000000d6d7a680,0x00000000d6d80000)
  from space 5632K, 0% used [0x00000000d7380000,0x00000000d7380000,0x00000000d7900000)
  to   space 6144K, 0% used [0x00000000d6d80000,0x00000000d6d80000,0x00000000d7380000)
 ParOldGen       total 68608K, used 10119K [0x0000000080000000, 0x0000000084300000, 0x00000000d5580000)
  object space 68608K, 14% used [0x0000000080000000,0x00000000809e1eb0,0x0000000084300000)
 Metaspace       used 25316K, committed 26048K, reserved 1114112K
  class space    used 2470K, committed 2752K, reserved 1048576K
}
Event: 5.028 GC heap after
{Heap after GC invocations=8 (full 1):
 PSYoungGen      total 26624K, used 2333K [0x00000000d5580000, 0x00000000d7400000, 0x0000000100000000)
  eden space 24064K, 0% used [0x00000000d5580000,0x00000000d5580000,0x00000000d6d00000)
  from space 2560K, 91% used [0x00000000d6d80000,0x00000000d6fc7480,0x00000000d7000000)
  to   space 3584K, 0% used [0x00000000d7080000,0x00000000d7080000,0x00000000d7400000)
 ParOldGen       total 68608K, used 10127K [0x0000000080000000, 0x0000000084300000, 0x00000000d5580000)
  object space 68608K, 14% used [0x0000000080000000,0x00000000809e3eb0,0x0000000084300000)
 Metaspace       used 25316K, committed 26048K, reserved 1114112K
  class space    used 2470K, committed 2752K, reserved 1048576K
}

Dll operation events (10 events):
Event: 0.024 Loaded shared library c:\Users\shash\.vscode\extensions\redhat.java-1.50.0-win32-x64\jre\21.0.9-win32-x86_64\bin\java.dll
Event: 0.212 Loaded shared library c:\Users\shash\.vscode\extensions\redhat.java-1.50.0-win32-x64\jre\21.0.9-win32-x86_64\bin\zip.dll
Event: 0.254 Loaded shared library C:\Users\shash\.vscode\extensions\redhat.java-1.50.0-win32-x64\jre\21.0.9-win32-x86_64\bin\instrument.dll
Event: 0.263 Loaded shared library C:\Users\shash\.vscode\extensions\redhat.java-1.50.0-win32-x64\jre\21.0.9-win32-x86_64\bin\net.dll
Event: 0.266 Loaded shared library C:\Users\shash\.vscode\extensions\redhat.java-1.50.0-win32-x64\jre\21.0.9-win32-x86_64\bin\nio.dll
Event: 0.270 Loaded shared library C:\Users\shash\.vscode\extensions\redhat.java-1.50.0-win32-x64\jre\21.0.9-win32-x86_64\bin\zip.dll
Event: 0.300 Loaded shared library C:\Users\shash\.vscode\extensions\redhat.java-1.50.0-win32-x64\jre\21.0.9-win32-x86_64\bin\jimage.dll
Event: 0.448 Loaded shared library c:\Users\shash\.vscode\extensions\redhat.java-1.50.0-win32-x64\jre\21.0.9-win32-x86_64\bin\verify.dll
Event: 1.896 Loaded shared library C:\Users\shash\AppData\Roaming\Code\User\globalStorage\redhat.java\1.50.0\config_ss_win\org.eclipse.equinox.launcher\org.eclipse.equinox.launcher.win32.win32.x86_64_1.2.1400.v20250801-0854\eclipse_11916.dll
Event: 4.911 Loaded shared library C:\Users\shash\AppData\Local\Temp\jna-109400065\jna8126424717584449199.dll

Deoptimization events (20 events):
Event: 5.233 Thread 0x00000277c822df80 Uncommon trap: trap_request=0xffffffde fr.pc=0x00000277d30653ec relative=0x000000000000004c
Event: 5.233 Thread 0x00000277c822df80 Uncommon trap: reason=class_check action=maybe_recompile pc=0x00000277d30653ec method=java.lang.StringConcatHelper.stringOf(Ljava/lang/Object;)Ljava/lang/String; @ 5 c2
Event: 5.233 Thread 0x00000277c822df80 DEOPT PACKING pc=0x00000277d30653ec sp=0x000000e86d1fe300
Event: 5.233 Thread 0x00000277c822df80 DEOPT UNPACKING pc=0x00000277d29b3aa2 sp=0x000000e86d1fe290 mode 2
Event: 5.254 Thread 0x00000277c822df80 Uncommon trap: trap_request=0xffffff45 fr.pc=0x00000277d2ff63a8 relative=0x00000000000000e8
Event: 5.254 Thread 0x00000277c822df80 Uncommon trap: reason=unstable_if action=reinterpret pc=0x00000277d2ff63a8 method=java.lang.CharacterDataLatin1.digit(II)I @ 7 c2
Event: 5.254 Thread 0x00000277c822df80 DEOPT PACKING pc=0x00000277d2ff63a8 sp=0x000000e86d1fe370
Event: 5.254 Thread 0x00000277c822df80 DEOPT UNPACKING pc=0x00000277d29b3aa2 sp=0x000000e86d1fe230 mode 2
Event: 5.254 Thread 0x00000277c822df80 Uncommon trap: trap_request=0xffffff45 fr.pc=0x00000277d2f3d748 relative=0x00000000000000a8
Event: 5.254 Thread 0x00000277c822df80 Uncommon trap: reason=unstable_if action=reinterpret pc=0x00000277d2f3d748 method=java.lang.CharacterDataLatin1.digit(II)I @ 7 c2
Event: 5.254 Thread 0x00000277c822df80 DEOPT PACKING pc=0x00000277d2f3d748 sp=0x000000e86d1fe2d0
Event: 5.254 Thread 0x00000277c822df80 DEOPT UNPACKING pc=0x00000277d29b3aa2 sp=0x000000e86d1fe250 mode 2
Event: 5.258 Thread 0x00000277c822df80 Uncommon trap: trap_request=0xffffff76 fr.pc=0x00000277d30408f4 relative=0x0000000000000934
Event: 5.258 Thread 0x00000277c822df80 Uncommon trap: reason=predicate action=maybe_recompile pc=0x00000277d30408f4 method=java.util.TreeMap.put(Ljava/lang/Object;Ljava/lang/Object;Z)Ljava/lang/Object; @ 27 c2
Event: 5.258 Thread 0x00000277c822df80 DEOPT PACKING pc=0x00000277d30408f4 sp=0x000000e86d1fdfe0
Event: 5.259 Thread 0x00000277c822df80 DEOPT UNPACKING pc=0x00000277d29b3aa2 sp=0x000000e86d1fdf80 mode 2
Event: 5.301 Thread 0x00000277c822df80 Uncommon trap: trap_request=0xffffff45 fr.pc=0x00000277d2f35044 relative=0x00000000000002a4
Event: 5.301 Thread 0x00000277c822df80 Uncommon trap: reason=unstable_if action=reinterpret pc=0x00000277d2f35044 method=java.util.HashMap$HashIterator.<init>(Ljava/util/HashMap;)V @ 45 c2
Event: 5.301 Thread 0x00000277c822df80 DEOPT PACKING pc=0x00000277d2f35044 sp=0x000000e86d1fe460
Event: 5.301 Thread 0x00000277c822df80 DEOPT UNPACKING pc=0x00000277d29b3aa2 sp=0x000000e86d1fe3f8 mode 2

Classes loaded (20 events):
Event: 5.253 Loading class java/text/ParsePosition
Event: 5.253 Loading class java/text/ParsePosition done
Event: 5.254 Loading class java/text/CalendarBuilder
Event: 5.254 Loading class java/text/CalendarBuilder done
Event: 5.255 Loading class sun/util/locale/provider/CalendarDataUtility$CalendarFieldValueNamesMapGetter
Event: 5.255 Loading class sun/util/locale/provider/CalendarDataUtility$CalendarFieldValueNamesMapGetter done
Event: 5.255 Loading class sun/util/cldr/CLDRCalendarNameProviderImpl
Event: 5.255 Loading class sun/util/locale/provider/CalendarNameProviderImpl
Event: 5.256 Loading class sun/util/locale/provider/CalendarNameProviderImpl done
Event: 5.256 Loading class sun/util/cldr/CLDRCalendarNameProviderImpl done
Event: 5.258 Loading class sun/util/locale/provider/CalendarNameProviderImpl$LengthBasedComparator
Event: 5.258 Loading class sun/util/locale/provider/CalendarNameProviderImpl$LengthBasedComparator done
Event: 5.298 Loading class java/io/PrintWriter$1
Event: 5.298 Loading class jdk/internal/access/JavaIOPrintWriterAccess
Event: 5.298 Loading class jdk/internal/access/JavaIOPrintWriterAccess done
Event: 5.298 Loading class java/io/PrintWriter$1 done
Event: 5.299 Loading class java/time/format/DateTimeParseContext
Event: 5.299 Loading class java/time/format/DateTimeParseContext done
Event: 5.299 Loading class java/time/format/Parsed
Event: 5.300 Loading class java/time/format/Parsed done

Classes unloaded (7 events):
Event: 3.684 Thread 0x00000277c81c3960 Unloading class 0x0000027781188c00 'java/lang/invoke/LambdaForm$MH+0x0000027781188c00'
Event: 3.684 Thread 0x00000277c81c3960 Unloading class 0x0000027781188800 'java/lang/invoke/LambdaForm$MH+0x0000027781188800'
Event: 3.684 Thread 0x00000277c81c3960 Unloading class 0x0000027781188400 'java/lang/invoke/LambdaForm$MH+0x0000027781188400'
Event: 3.684 Thread 0x00000277c81c3960 Unloading class 0x0000027781188000 'java/lang/invoke/LambdaForm$MH+0x0000027781188000'
Event: 3.684 Thread 0x00000277c81c3960 Unloading class 0x0000027781187c00 'java/lang/invoke/LambdaForm$BMH+0x0000027781187c00'
Event: 3.684 Thread 0x00000277c81c3960 Unloading class 0x0000027781187800 'java/lang/invoke/LambdaForm$DMH+0x0000027781187800'
Event: 3.684 Thread 0x00000277c81c3960 Unloading class 0x0000027781186400 'java/lang/invoke/LambdaForm$DMH+0x0000027781186400'

Classes redefined (0 events):
No events

Internal exceptions (20 events):
Event: 4.958 Thread 0x00000277e50f4630 Exception <a 'java/io/FileNotFoundException'{0x00000000d6841258}> (0x00000000d6841258) 
thrown [s\src\hotspot\share\prims\jni.cpp, line 520]
Event: 4.971 Thread 0x00000277e50f4630 Exception <a 'java/lang/NoSuchMethodError'{0x00000000d68d6770}: 'void java.lang.invoke.DirectMethodHandle$Holder.invokeSpecial(java.lang.Object, java.lang.Object, java.lang.Object, int)'> (0x00000000d68d6770) 
thrown [s\src\hotspot\share\interpreter\linkResolver.cpp, line 773]
Event: 4.972 Thread 0x00000277e50f4630 Exception <a 'java/lang/NoSuchMethodError'{0x00000000d68d9e50}: 'void java.lang.invoke.DelegatingMethodHandle$Holder.reinvoke_L(java.lang.Object, java.lang.Object, int)'> (0x00000000d68d9e50) 
thrown [s\src\hotspot\share\interpreter\linkResolver.cpp, line 773]
Event: 4.972 Thread 0x00000277e50f4630 Exception <a 'java/lang/NoSuchMethodError'{0x00000000d68e0888}: 'int java.lang.invoke.Invokers$Holder.invokeExact_MT(java.lang.Object, java.lang.Object, java.lang.Object)'> (0x00000000d68e0888) 
thrown [s\src\hotspot\share\interpreter\linkResolver.cpp, line 773]
Event: 4.975 Thread 0x00000277e50f4630 Exception <a 'java/lang/UnsatisfiedLinkError'{0x00000000d68f44a0}: The specified procedure could not be found.
> (0x00000000d68f44a0) 
thrown [s\src\hotspot\share\prims\jni.cpp, line 539]
Event: 4.981 Thread 0x00000277e50f4630 Exception <a 'java/lang/NoSuchMethodError'{0x00000000d6900738}: 'void java.lang.invoke.Invokers$Holder.invokeExact_MT(java.lang.Object, java.lang.Object, int, java.lang.Object)'> (0x00000000d6900738) 
thrown [s\src\hotspot\share\interpreter\linkResolver.cpp, line 773]
Event: 5.016 Thread 0x00000277c822df80 Exception <a 'java/lang/NoSuchMethodError'{0x00000000d6c48698}: 'java.lang.Object java.lang.invoke.DirectMethodHandle$Holder.invokeStatic(java.lang.Object, long, java.lang.Object)'> (0x00000000d6c48698) 
thrown [s\src\hotspot\share\interpreter\linkResolver.cpp, line 773]
Event: 5.017 Thread 0x00000277c822df80 Exception <a 'java/lang/NoSuchMethodError'{0x00000000d6c4bd30}: 'java.lang.Object java.lang.invoke.DirectMethodHandle$Holder.invokeStaticInit(java.lang.Object, long, java.lang.Object)'> (0x00000000d6c4bd30) 
thrown [s\src\hotspot\share\interpreter\linkResolver.cpp, line 773]
Event: 5.017 Thread 0x00000277c822df80 Exception <a 'java/lang/NoSuchMethodError'{0x00000000d6c6a980}: 'java.lang.Object java.lang.invoke.DirectMethodHandle$Holder.newInvokeSpecial(java.lang.Object, long)'> (0x00000000d6c6a980) 
thrown [s\src\hotspot\share\interpreter\linkResolver.cpp, line 773]
Event: 5.042 Thread 0x00000277e5d070f0 Exception <a 'java/io/FileNotFoundException'{0x00000000d5760980}> (0x00000000d5760980) 
thrown [s\src\hotspot\share\prims\jni.cpp, line 520]
Event: 5.043 Thread 0x00000277e5d070f0 Exception <a 'java/io/FileNotFoundException'{0x00000000d5761c08}> (0x00000000d5761c08) 
thrown [s\src\hotspot\share\prims\jni.cpp, line 520]
Event: 5.044 Thread 0x00000277e5d070f0 Exception <a 'java/lang/NoSuchMethodError'{0x00000000d576fda0}: 'java.lang.Object java.lang.invoke.DirectMethodHandle$Holder.newInvokeSpecial(java.lang.Object, java.lang.Object, java.lang.Object, int)'> (0x00000000d576fda0) 
thrown [s\src\hotspot\share\interpreter\linkResolver.cpp, line 773]
Event: 5.044 Thread 0x00000277e5d070f0 Exception <a 'java/lang/NoSuchMethodError'{0x00000000d5773c88}: 'java.lang.Object java.lang.invoke.DirectMethodHandle$Holder.invokeSpecial(java.lang.Object, java.lang.Object, java.lang.Object, java.lang.Object, int)'> (0x00000000d5773c88) 
thrown [s\src\hotspot\share\interpreter\linkResolver.cpp, line 773]
Event: 5.045 Thread 0x00000277e5d070f0 Exception <a 'java/lang/NoSuchMethodError'{0x00000000d5777130}: 'java.lang.Object java.lang.invoke.Invokers$Holder.linkToTargetMethod(java.lang.Object, java.lang.Object, int, java.lang.Object)'> (0x00000000d5777130) 
thrown [s\src\hotspot\share\interpreter\linkResolver.cpp, line 773]
Event: 5.046 Thread 0x00000277e5d070f0 Exception <a 'java/lang/NoSuchMethodError'{0x00000000d5782d88}: 'void java.lang.invoke.DirectMethodHandle$Holder.invokeStaticInit(java.lang.Object, java.lang.Object, java.lang.Object)'> (0x00000000d5782d88) 
thrown [s\src\hotspot\share\interpreter\linkResolver.cpp, line 773]
Event: 5.052 Thread 0x00000277e5d070f0 Exception <a 'java/io/FileNotFoundException'{0x00000000d57a2fa0}> (0x00000000d57a2fa0) 
thrown [s\src\hotspot\share\prims\jni.cpp, line 520]
Event: 5.052 Thread 0x00000277e5d070f0 Exception <a 'java/io/FileNotFoundException'{0x00000000d57a3fe0}> (0x00000000d57a3fe0) 
thrown [s\src\hotspot\share\prims\jni.cpp, line 520]
Event: 5.231 Thread 0x00000277c822df80 Exception <a 'java/lang/NoSuchMethodError'{0x00000000d621bf08}: 'void java.lang.invoke.DirectMethodHandle$Holder.invokeSpecial(java.lang.Object, java.lang.Object, java.lang.Object, java.lang.Object, java.lang.Object, java.lang.Object)'> (0x00000000d621bf08) 
thrown [s\src\hotspot\share\interpreter\linkResolver.cpp, line 773]
Event: 5.232 Thread 0x00000277c822df80 Exception <a 'java/lang/IncompatibleClassChangeError'{0x00000000d62241a8}: Found class java.lang.Object, but interface was expected> (0x00000000d62241a8) 
thrown [s\src\hotspot\share\interpreter\linkResolver.cpp, line 840]
Event: 5.233 Thread 0x00000277c822df80 Exception <a 'java/lang/IncompatibleClassChangeError'{0x00000000d6226068}: Found class java.lang.Object, but interface was expected> (0x00000000d6226068) 
thrown [s\src\hotspot\share\interpreter\linkResolver.cpp, line 840]

ZGC Phase Switch (0 events):
No events

VM Operations (20 events):
Event: 3.149 Executing VM operation: ParallelGCFailedAllocation (Allocation Failure)
Event: 3.153 Executing VM operation: ParallelGCFailedAllocation (Allocation Failure) done
Event: 3.443 Executing VM operation: ParallelGCFailedAllocation (Allocation Failure)
Event: 3.447 Executing VM operation: ParallelGCFailedAllocation (Allocation Failure) done
Event: 3.672 Executing VM operation: CollectForMetadataAllocation (Metadata GC Threshold)
Event: 3.708 Executing VM operation: CollectForMetadataAllocation (Metadata GC Threshold) done
Event: 3.767 Executing VM operation: HandshakeAllThreads (Deoptimize)
Event: 3.767 Executing VM operation: HandshakeAllThreads (Deoptimize) done
Event: 3.871 Executing VM operation: HandshakeAllThreads (Deoptimize)
Event: 3.872 Executing VM operation: HandshakeAllThreads (Deoptimize) done
Event: 4.067 Executing VM operation: HandshakeAllThreads (Deoptimize)
Event: 4.067 Executing VM operation: HandshakeAllThreads (Deoptimize) done
Event: 4.114 Executing VM operation: HandshakeAllThreads (Deoptimize)
Event: 4.115 Executing VM operation: HandshakeAllThreads (Deoptimize) done
Event: 4.927 Executing VM operation: HandshakeAllThreads (Deoptimize)
Event: 4.927 Executing VM operation: HandshakeAllThreads (Deoptimize) done
Event: 4.927 Executing VM operation: Cleanup
Event: 4.928 Executing VM operation: Cleanup done
Event: 5.026 Executing VM operation: ParallelGCFailedAllocation (Allocation Failure)
Event: 5.028 Executing VM operation: ParallelGCFailedAllocation (Allocation Failure) done

Memory protections (0 events):
No events

Nmethod flushes (0 events):
No events

Events (20 events):
Event: 3.805 Thread 0x00000277e7577090 Thread exited: 0x00000277e7577090
Event: 4.918 Thread 0x00000277e61c2710 Thread exited: 0x00000277e61c2710
Event: 4.934 Thread 0x00000277e50f4630 Thread added: 0x00000277e6428b50
Event: 4.996 Thread 0x00000277e0b09340 Thread added: 0x00000277e702f600
Event: 5.026 Thread 0x00000277c822df80 Thread added: 0x00000277e64291e0
Event: 5.029 Thread 0x00000277c822df80 Thread added: 0x00000277e6426a80
Event: 5.029 Thread 0x00000277c822df80 Thread added: 0x00000277e6429870
Event: 5.029 Thread 0x00000277c822df80 Thread added: 0x00000277e64284c0
Event: 5.029 Thread 0x00000277c822df80 Thread added: 0x00000277e64277a0
Event: 5.029 Thread 0x00000277c822df80 Thread added: 0x00000277e6429f00
Event: 5.029 Thread 0x00000277c822df80 Thread added: 0x00000277e6427110
Event: 5.030 Thread 0x00000277c822df80 Thread added: 0x00000277e6427e30
Event: 5.030 Thread 0x00000277c822df80 Thread added: 0x00000277e61b5930
Event: 5.030 Thread 0x00000277c822df80 Thread added: 0x00000277e61b5fc0
Event: 5.030 Thread 0x00000277c822df80 Thread added: 0x00000277e61b4c10
Event: 5.030 Thread 0x00000277c822df80 Thread added: 0x00000277e61b6650
Event: 5.030 Thread 0x00000277c822df80 Thread added: 0x00000277e61b6ce0
Event: 5.061 Thread 0x00000277c822df80 Thread added: 0x00000277e61b3ef0
Event: 5.250 Thread 0x00000277c822df80 Thread added: 0x00000277e61b3860
Event: 5.251 Thread 0x00000277c822df80 Thread added: 0x00000277e61b7370


Dynamic libraries:
0x00007ff789b70000 - 0x00007ff789b7e000 	c:\Users\shash\.vscode\extensions\redhat.java-1.50.0-win32-x64\jre\21.0.9-win32-x86_64\bin\java.exe
0x00007ffabc1e0000 - 0x00007ffabc448000 	C:\WINDOWS\SYSTEM32\ntdll.dll
0x00007ffabb5d0000 - 0x00007ffabb699000 	C:\WINDOWS\System32\KERNEL32.DLL
0x00007ffab9950000 - 0x00007ffab9d48000 	C:\WINDOWS\System32\KERNELBASE.dll
0x00007ffab96a0000 - 0x00007ffab97eb000 	C:\WINDOWS\System32\ucrtbase.dll
0x00007ffaa2fb0000 - 0x00007ffaa2fce000 	c:\Users\shash\.vscode\extensions\redhat.java-1.50.0-win32-x64\jre\21.0.9-win32-x86_64\bin\VCRUNTIME140.dll
0x00007ffaadd70000 - 0x00007ffaadd88000 	c:\Users\shash\.vscode\extensions\redhat.java-1.50.0-win32-x64\jre\21.0.9-win32-x86_64\bin\jli.dll
0x00007ffabac10000 - 0x00007ffabadd7000 	C:\WINDOWS\System32\USER32.dll
0x00007ffab9920000 - 0x00007ffab9947000 	C:\WINDOWS\System32\win32u.dll
0x00007ffabb7a0000 - 0x00007ffabb7cb000 	C:\WINDOWS\System32\GDI32.dll
0x00007ffa9d4d0000 - 0x00007ffa9d764000 	C:\WINDOWS\WinSxS\amd64_microsoft.windows.common-controls_6595b64144ccf1df_6.0.26100.7019_none_3e06ffa0e335b8a8\COMCTL32.dll
0x00007ffabb980000 - 0x00007ffabba29000 	C:\WINDOWS\System32\msvcrt.dll
0x00007ffab97f0000 - 0x00007ffab991c000 	C:\WINDOWS\System32\gdi32full.dll
0x00007ffab9540000 - 0x00007ffab95e3000 	C:\WINDOWS\System32\msvcp_win.dll
0x00007ffabbc80000 - 0x00007ffabbcb1000 	C:\WINDOWS\System32\IMM32.DLL
0x00007ffab6480000 - 0x00007ffab648c000 	c:\Users\shash\.vscode\extensions\redhat.java-1.50.0-win32-x64\jre\21.0.9-win32-x86_64\bin\vcruntime140_1.dll
0x00007ffa81a10000 - 0x00007ffa81a9d000 	c:\Users\shash\.vscode\extensions\redhat.java-1.50.0-win32-x64\jre\21.0.9-win32-x86_64\bin\msvcp140.dll
0x00007ff9cc400000 - 0x00007ff9cd1a0000 	c:\Users\shash\.vscode\extensions\redhat.java-1.50.0-win32-x64\jre\21.0.9-win32-x86_64\bin\server\jvm.dll
0x00007ffabadf0000 - 0x00007ffabaea4000 	C:\WINDOWS\System32\ADVAPI32.dll
0x00007ffabb8d0000 - 0x00007ffabb976000 	C:\WINDOWS\System32\sechost.dll
0x00007ffabaf40000 - 0x00007ffabb058000 	C:\WINDOWS\System32\RPCRT4.dll
0x00007ffabb6a0000 - 0x00007ffabb714000 	C:\WINDOWS\System32\WS2_32.dll
0x00007ffab9190000 - 0x00007ffab91ee000 	C:\WINDOWS\SYSTEM32\POWRPROF.dll
0x00007ffab0b20000 - 0x00007ffab0b55000 	C:\WINDOWS\SYSTEM32\WINMM.dll
0x00007ffab67a0000 - 0x00007ffab67ab000 	C:\WINDOWS\SYSTEM32\VERSION.dll
0x00007ffab9170000 - 0x00007ffab9184000 	C:\WINDOWS\SYSTEM32\UMPDC.dll
0x00007ffab80f0000 - 0x00007ffab810b000 	C:\WINDOWS\SYSTEM32\kernel.appcore.dll
0x00007ffaaacd0000 - 0x00007ffaaacda000 	c:\Users\shash\.vscode\extensions\redhat.java-1.50.0-win32-x64\jre\21.0.9-win32-x86_64\bin\jimage.dll
0x00007ffaab460000 - 0x00007ffaab6a2000 	C:\WINDOWS\SYSTEM32\DBGHELP.DLL
0x00007ffabb060000 - 0x00007ffabb3eb000 	C:\WINDOWS\System32\combase.dll
0x00007ffab9f80000 - 0x00007ffaba057000 	C:\WINDOWS\System32\OLEAUT32.dll
0x00007ffa98230000 - 0x00007ffa9826c000 	C:\WINDOWS\SYSTEM32\dbgcore.DLL
0x00007ffab95f0000 - 0x00007ffab9695000 	C:\WINDOWS\System32\bcryptPrimitives.dll
0x00007ffaae050000 - 0x00007ffaae05f000 	c:\Users\shash\.vscode\extensions\redhat.java-1.50.0-win32-x64\jre\21.0.9-win32-x86_64\bin\instrument.dll
0x00007ffa9f350000 - 0x00007ffa9f370000 	c:\Users\shash\.vscode\extensions\redhat.java-1.50.0-win32-x64\jre\21.0.9-win32-x86_64\bin\java.dll
0x00007ffaba3e0000 - 0x00007ffabab2f000 	C:\WINDOWS\System32\SHELL32.dll
0x00007ffab9e10000 - 0x00007ffab9f7b000 	C:\WINDOWS\System32\wintypes.dll
0x00007ffab6f30000 - 0x00007ffab778d000 	C:\WINDOWS\SYSTEM32\windows.storage.dll
0x00007ffabb4d0000 - 0x00007ffabb5c2000 	C:\WINDOWS\System32\SHCORE.dll
0x00007ffabbc00000 - 0x00007ffabbc67000 	C:\WINDOWS\System32\shlwapi.dll
0x00007ffab9250000 - 0x00007ffab9279000 	C:\WINDOWS\SYSTEM32\profapi.dll
0x00007ffa9da50000 - 0x00007ffa9da68000 	c:\Users\shash\.vscode\extensions\redhat.java-1.50.0-win32-x64\jre\21.0.9-win32-x86_64\bin\zip.dll
0x00007ffaa83f0000 - 0x00007ffaa8400000 	C:\Users\shash\.vscode\extensions\redhat.java-1.50.0-win32-x64\jre\21.0.9-win32-x86_64\bin\net.dll
0x00007ffab27c0000 - 0x00007ffab28e8000 	C:\WINDOWS\SYSTEM32\WINHTTP.dll
0x00007ffab8660000 - 0x00007ffab86cb000 	C:\WINDOWS\system32\mswsock.dll
0x00007ffa9d200000 - 0x00007ffa9d216000 	C:\Users\shash\.vscode\extensions\redhat.java-1.50.0-win32-x64\jre\21.0.9-win32-x86_64\bin\nio.dll
0x00007ffaae040000 - 0x00007ffaae050000 	c:\Users\shash\.vscode\extensions\redhat.java-1.50.0-win32-x64\jre\21.0.9-win32-x86_64\bin\verify.dll
0x00007ffa9ce70000 - 0x00007ffa9ceb4000 	C:\Users\shash\AppData\Roaming\Code\User\globalStorage\redhat.java\1.50.0\config_ss_win\org.eclipse.equinox.launcher\org.eclipse.equinox.launcher.win32.win32.x86_64_1.2.1400.v20250801-0854\eclipse_11916.dll
0x00007ffaba060000 - 0x00007ffaba1f7000 	C:\WINDOWS\System32\ole32.dll
0x00007ffab8920000 - 0x00007ffab893b000 	C:\WINDOWS\SYSTEM32\CRYPTSP.dll
0x00007ffab8050000 - 0x00007ffab808a000 	C:\WINDOWS\system32\rsaenh.dll
0x00007ffab8710000 - 0x00007ffab873b000 	C:\WINDOWS\SYSTEM32\USERENV.dll
0x00007ffab9220000 - 0x00007ffab924a000 	C:\WINDOWS\SYSTEM32\bcrypt.dll
0x00007ffab8940000 - 0x00007ffab894c000 	C:\WINDOWS\SYSTEM32\CRYPTBASE.dll
0x00007ffab7b90000 - 0x00007ffab7bc4000 	C:\WINDOWS\SYSTEM32\IPHLPAPI.DLL
0x00007ffabac00000 - 0x00007ffabac0a000 	C:\WINDOWS\System32\NSI.dll
0x00007ffa90bb0000 - 0x00007ffa90bf9000 	C:\Users\shash\AppData\Local\Temp\jna-109400065\jna8126424717584449199.dll
0x00007ffabb410000 - 0x00007ffabb418000 	C:\WINDOWS\System32\PSAPI.DLL
0x00007ffab2aa0000 - 0x00007ffab2abe000 	C:\WINDOWS\SYSTEM32\dhcpcsvc6.DLL
0x00007ffab29e0000 - 0x00007ffab2a03000 	C:\WINDOWS\SYSTEM32\dhcpcsvc.DLL

JVMTI agents:
c:\Users\shash\.vscode\extensions\redhat.java-1.50.0-win32-x64\lombok\lombok-1.18.39-4050.jar path:c:\Users\shash\.vscode\extensions\redhat.java-1.50.0-win32-x64\jre\21.0.9-win32-x86_64\bin\instrument.dll, loaded, initialized, instrumentlib options:none

dbghelp: loaded successfully - version: 4.0.5 - missing functions: none
symbol engine: initialized successfully - sym options: 0x614 - pdb path: .;c:\Users\shash\.vscode\extensions\redhat.java-1.50.0-win32-x64\jre\21.0.9-win32-x86_64\bin;C:\WINDOWS\SYSTEM32;C:\WINDOWS\WinSxS\amd64_microsoft.windows.common-controls_6595b64144ccf1df_6.0.26100.7019_none_3e06ffa0e335b8a8;c:\Users\shash\.vscode\extensions\redhat.java-1.50.0-win32-x64\jre\21.0.9-win32-x86_64\bin\server;C:\Users\shash\AppData\Roaming\Code\User\globalStorage\redhat.java\1.50.0\config_ss_win\org.eclipse.equinox.launcher\org.eclipse.equinox.launcher.win32.win32.x86_64_1.2.1400.v20250801-0854;C:\Users\shash\AppData\Local\Temp\jna-109400065

VM Arguments:
jvm_args: --add-modules=ALL-SYSTEM --add-opens=java.base/java.util=ALL-UNNAMED --add-opens=java.base/java.lang=ALL-UNNAMED --add-opens=java.base/sun.nio.fs=ALL-UNNAMED -Declipse.application=org.eclipse.jdt.ls.core.id1 -Dosgi.bundles.defaultStartLevel=4 -Declipse.product=org.eclipse.jdt.ls.core.product -Djava.import.generatesMetadataFilesAtProjectRoot=false -DDetectVMInstallationsJob.disabled=true -Dfile.encoding=utf8 -XX:+UseParallelGC -XX:GCTimeRatio=4 -XX:AdaptiveSizePolicyWeight=90 -Dsun.zip.disableMemoryMapping=true -Xmx2G -Xms100m -Xlog:disable -javaagent:c:\Users\shash\.vscode\extensions\redhat.java-1.50.0-win32-x64\lombok\lombok-1.18.39-4050.jar 
java_command: c:\Users\shash\.vscode\extensions\redhat.java-1.50.0-win32-x64\server\plugins\org.eclipse.equinox.launcher_1.7.100.v20251111-0406.jar -configuration c:\Users\shash\AppData\Roaming\Code\User\globalStorage\redhat.java\1.50.0\config_ss_win -data c:\Users\shash\AppData\Roaming\Code\User\workspaceStorage\56ad5240e6f48706266a227f2e169b27\redhat.java\ss_ws --pipe=\\.\pipe\lsp-4fbd5af8ded89c402070c11596c06769-sock
java_class_path (initial): c:\Users\shash\.vscode\extensions\redhat.java-1.50.0-win32-x64\server\plugins\org.eclipse.equinox.launcher_1.7.100.v20251111-0406.jar
Launcher Type: SUN_STANDARD

[Global flags]
    uintx AdaptiveSizePolicyWeight                 = 90                                        {product} {command line}
     intx CICompilerCount                          = 4                                         {product} {ergonomic}
    uintx GCTimeRatio                              = 4                                         {product} {command line}
   size_t InitialHeapSize                          = 104857600                                 {product} {command line}
   size_t MaxHeapSize                              = 2147483648                                {product} {command line}
   size_t MaxNewSize                               = 715653120                                 {product} {ergonomic}
   size_t MinHeapDeltaBytes                        = 524288                                    {product} {ergonomic}
   size_t MinHeapSize                              = 104857600                                 {product} {command line}
   size_t NewSize                                  = 34603008                                  {product} {ergonomic}
    uintx NonNMethodCodeHeapSize                   = 5839372                                {pd product} {ergonomic}
    uintx NonProfiledCodeHeapSize                  = 122909434                              {pd product} {ergonomic}
   size_t OldSize                                  = 70254592                                  {product} {ergonomic}
    uintx ProfiledCodeHeapSize                     = 122909434                              {pd product} {ergonomic}
    uintx ReservedCodeCacheSize                    = 251658240                              {pd product} {ergonomic}
     bool SegmentedCodeCache                       = true                                      {product} {ergonomic}
   size_t SoftMaxHeapSize                          = 2147483648                             {manageable} {ergonomic}
     bool UseCompressedOops                        = true                           {product lp64_product} {ergonomic}
     bool UseLargePagesIndividualAllocation        = false                                  {pd product} {ergonomic}
     bool UseParallelGC                            = true                                      {product} {command line}

Logging:
Log output configuration:
 #0: stdout all=off uptime,level,tags foldmultilines=false
 #1: stderr all=off uptime,level,tags foldmultilines=false

Release file:
JAVA_VERSION="21.0.9" 
MODULES="java.base java.compiler java.datatransfer java.xml java.prefs java.desktop java.instrument java.logging java.management java.security.sasl java.naming java.rmi java.management.rmi java.net.http java.scripting java.security.jgss java.transaction.xa java.sql java.sql.rowset java.xml.crypto java.se java.smartcardio jdk.accessibility jdk.internal.jvmstat jdk.attach jdk.charsets jdk.internal.opt jdk.zipfs jdk.compiler jdk.crypto.ec jdk.crypto.cryptoki jdk.crypto.mscapi jdk.dynalink jdk.internal.ed jdk.editpad jdk.hotspot.agent jdk.httpserver jdk.internal.le jdk.internal.vm.ci jdk.internal.vm.compiler jdk.internal.vm.compiler.management jdk.jartool jdk.javadoc jdk.jcmd jdk.management jdk.management.agent jdk.jconsole jdk.jdeps jdk.jdwp.agent jdk.jdi jdk.jfr jdk.jshell jdk.jsobject jdk.jstatd jdk.localedata jdk.management.jfr jdk.naming.dns jdk.naming.rmi jdk.net jdk.nio.mapmode jdk.random jdk.sctp jdk.security.auth jdk.security.jgss jdk.unsupported jdk.unsupported.desktop jdk.xml.dom" 

Environment Variables:
JAVA_HOME=C:\Program Files\Microsoft\jdk-17.0.16.8-hotspot
PATH=C:\Python314\Scripts\;C:\Python314\;C:\Program Files\Microsoft\jdk-17.0.16.8-hotspot\bin;C:\Users\shash\AppData\Local\Microsoft\WindowsApps;C:\Users\shash\AppData\Local\Programs\Microsoft VS Code\bin;C:\Users\shash\.dotnet\tools;C:\Users\shash\AppData\Local\Programs\MiKTeX\miktex\bin\x64\;C:\Program Files\Java\jdk-23\bin;C:\Users\shash\AppData\Roaming\npm;C:\ProgramData\chocolatey\bin;C:\WINDOWS\system32;C:\WINDOWS;C:\WINDOWS\System32\Wbem;C:\WINDOWS\System32\WindowsPowerShell\v1.0\;C:\WINDOWS\System32\OpenSSH\;C:\xampp\php;C:\ProgramData\ComposerSetup\bin;C:\Program Files\Git\cmd;D:\Program Files\nodejs\;C:\Users\shash\AppData\Local\Programs\Python\Python311\Scripts\;C:\Users\shash\AppData\Local\Programs\Python\Python311\;C:\Users\shash\AppData\Local\Programs\Python\Launcher\;C:\Program Files\nodejs\;C:\Users\shash\AppData\Local\Programs\Microsoft VS Code\bin;C:\Program Files\JetBrains\IntelliJ IDEA Community Edition 2024.3.1.1\bin;;C:\Users\shash\AppData\Local\Microsoft\WindowsApps;C:\Users\shash\AppData\Roaming\Composer\vendor\bin;D:\Users\shash\AppData\Local\AndroidSDK\platform-tools;D:\Users\shash\AppData\Local\AndroidSDK\tools;D:\Users\shash\AppData\Local\AndroidSDK\tools\bin;D:\Users\shash\AppData\Local\AndroidSDK\emulator;C:\Users\shash\AppData\Roaming\npm;D:\Users\shash\AppData\Local\AndroidSDK\cmdline-tools\latest\bin;D:\Users\shash\AppData\Local\Programs\Antigravity\bin
USERNAME=shash
OS=Windows_NT
PROCESSOR_IDENTIFIER=AMD64 Family 25 Model 80 Stepping 0, AuthenticAMD
TMP=C:\Users\shash\AppData\Local\Temp
TEMP=C:\Users\shash\AppData\Local\Temp




Periodic native trim disabled

---------------  S Y S T E M  ---------------

OS:
 Windows 11 , 64 bit Build 26100 (10.0.26100.7019)
OS uptime: 0 days 15:49 hours
Hyper-V role detected

CPU: total 12 (initial active 12) (12 cores per cpu, 2 threads per core) family 25 model 80 stepping 0 microcode 0xa50000f, cx8, cmov, fxsr, ht, mmx, 3dnowpref, sse, sse2, sse3, ssse3, sse4a, sse4.1, sse4.2, popcnt, lzcnt, tsc, tscinvbit, avx, avx2, aes, erms, clmul, bmi1, bmi2, adx, sha, fma, vzeroupper, clflush, clflushopt, hv, rdtscp, rdpid, fsrm, f16c, cet_ss
Processor Information for processor 0
  Max Mhz: 3301, Current Mhz: 3301, Mhz Limit: 3301
Processor Information for processor 1
  Max Mhz: 3301, Current Mhz: 1805, Mhz Limit: 3301
Processor Information for processor 2
  Max Mhz: 3301, Current Mhz: 3301, Mhz Limit: 3301
Processor Information for processor 3
  Max Mhz: 3301, Current Mhz: 1805, Mhz Limit: 3301
Processor Information for processor 4
  Max Mhz: 3301, Current Mhz: 1805, Mhz Limit: 3301
Processor Information for processor 5
  Max Mhz: 3301, Current Mhz: 1805, Mhz Limit: 3301
Processor Information for processor 6
  Max Mhz: 3301, Current Mhz: 3301, Mhz Limit: 3301
Processor Information for processor 7
  Max Mhz: 3301, Current Mhz: 3301, Mhz Limit: 3301
Processor Information for processor 8
  Max Mhz: 3301, Current Mhz: 3301, Mhz Limit: 3301
Processor Information for processor 9
  Max Mhz: 3301, Current Mhz: 1805, Mhz Limit: 3301
Processor Information for processor 10
  Max Mhz: 3301, Current Mhz: 3301, Mhz Limit: 3301
Processor Information for processor 11
  Max Mhz: 3301, Current Mhz: 3301, Mhz Limit: 3301

Memory: 4k page, system-wide physical 7518M (503M free)
TotalPageFile size 18039M (AvailPageFile size 77M)
current process WorkingSet (physical memory assigned to process): 166M, peak: 168M
current process commit charge ("private bytes"): 305M, peak: 307M

vm_info: OpenJDK 64-Bit Server VM (21.0.9+10-LTS) for windows-amd64 JRE (21.0.9+10-LTS), built on 2025-10-21T00:00:00Z by "admin" with unknown MS VC++:1942

END.
