#
# There is insufficient memory for the Java Runtime Environment to continue.
# Native memory allocation (mmap) failed to map 65536 bytes. Error detail: Failed to commit metaspace.
# Possible reasons:
#   The system is out of physical RAM or swap space
#   This process is running with CompressedOops enabled, and the Java Heap may be blocking the growth of the native heap
# Possible solutions:
#   Reduce memory load on the system
#   Increase physical memory or swap space
#   Check if swap backing store is full
#   Decrease Java heap size (-Xmx/-Xms)
#   Decrease number of Java threads
#   Decrease Java thread stack sizes (-Xss)
#   Set larger code cache with -XX:ReservedCodeCacheSize=
#   JVM is running with Unscaled Compressed Oops mode in which the Java heap is
#     placed in the first 4GB address space. The Java Heap base address is the
#     maximum limit for the native heap growth. Please use -XX:HeapBaseMinAddress
#     to set the Java Heap base and to place the Java Heap above 4GB virtual address.
# This output file may be truncated or incomplete.
#
#  Out of Memory Error (virtualSpaceNode.cpp:113), pid=25852, tid=4068
#
# JRE version: OpenJDK Runtime Environment Temurin-21.0.9+10 (21.0.9+10) (build 21.0.9+10-LTS)
# Java VM: OpenJDK 64-Bit Server VM Temurin-21.0.9+10 (21.0.9+10-LTS, mixed mode, sharing, tiered, compressed oops, compressed class ptrs, parallel gc, windows-amd64)
# No core dump will be written. Minidumps are not enabled by default on client versions of Windows
#

---------------  S U M M A R Y ------------

Command Line: --add-modules=ALL-SYSTEM --add-opens=java.base/java.util=ALL-UNNAMED --add-opens=java.base/java.lang=ALL-UNNAMED --add-opens=java.base/sun.nio.fs=ALL-UNNAMED -Declipse.application=org.eclipse.jdt.ls.core.id1 -Dosgi.bundles.defaultStartLevel=4 -Declipse.product=org.eclipse.jdt.ls.core.product -Djava.import.generatesMetadataFilesAtProjectRoot=false -DDetectVMInstallationsJob.disabled=true -Dfile.encoding=utf8 -XX:+UseParallelGC -XX:GCTimeRatio=4 -XX:AdaptiveSizePolicyWeight=90 -Dsun.zip.disableMemoryMapping=true -Xmx2G -Xms100m -Xlog:disable -javaagent:c:\Users\shash\.vscode\extensions\redhat.java-1.50.0-win32-x64\lombok\lombok-1.18.39-4050.jar -XX:+HeapDumpOnOutOfMemoryError -XX:HeapDumpPath=c:\Users\shash\AppData\Roaming\Code\User\workspaceStorage\56ad5240e6f48706266a227f2e169b27\redhat.java -Daether.dependencyCollector.impl=bf c:\Users\shash\.vscode\extensions\redhat.java-1.50.0-win32-x64\server\plugins\org.eclipse.equinox.launcher_1.7.100.v20251111-0406.jar -configuration c:\Users\shash\AppData\Roaming\Code\User\globalStorage\redhat.java\1.50.0\config_win -data c:\Users\shash\AppData\Roaming\Code\User\workspaceStorage\56ad5240e6f48706266a227f2e169b27\redhat.java\jdt_ws --pipe=\\.\pipe\lsp-6f03a89e685ebf017da7057b1007cf42-sock

Host: AMD Ryzen 5 5600H with Radeon Graphics         , 12 cores, 7G,  Windows 11 , 64 bit Build 26100 (10.0.26100.7019)
Time: Tue Dec  9 01:55:58 2025 India Standard Time elapsed time: 1.466670 seconds (0d 0h 0m 1s)

---------------  T H R E A D  ---------------

Current thread (0x000001720b77d010):  JavaThread "main"             [_thread_in_vm, id=4068, stack(0x0000002885000000,0x0000002885100000) (1024K)]

Stack: [0x0000002885000000,0x0000002885100000]
Native frames: (J=compiled Java code, j=interpreted, Vv=VM code, C=native code)
V  [jvm.dll+0x6d6e29]
V  [jvm.dll+0x8b4b76]
V  [jvm.dll+0x8b712e]
V  [jvm.dll+0x8b7813]
V  [jvm.dll+0x283d86]
V  [jvm.dll+0x8b08be]
V  [jvm.dll+0x678824]
V  [jvm.dll+0x1e80ab]
V  [jvm.dll+0x1e7e6e]
V  [jvm.dll+0x67b122]
V  [jvm.dll+0x67af52]
V  [jvm.dll+0x6791fe]
V  [jvm.dll+0x3c6dd3]
V  [jvm.dll+0x21151b]
V  [jvm.dll+0x5b5a39]
V  [jvm.dll+0x82dee6]
V  [jvm.dll+0x478438]
V  [jvm.dll+0x47e268]
C  [java.dll+0x17ec]

Java frames: (J=compiled Java code, j=interpreted, Vv=VM code)
J 1115  java.lang.ClassLoader.defineClass1(Ljava/lang/ClassLoader;Ljava/lang/String;[BIILjava/security/ProtectionDomain;Ljava/lang/String;)Ljava/lang/Class; java.base@21.0.9 (0 bytes) @ 0x00000172164c2b11 [0x00000172164c2a40+0x00000000000000d1]
j  java.lang.ClassLoader.defineClass(Ljava/lang/String;[BIILjava/security/ProtectionDomain;)Ljava/lang/Class;+27 java.base@21.0.9
j  java.security.SecureClassLoader.defineClass(Ljava/lang/String;[BIILjava/security/CodeSource;)Ljava/lang/Class;+12 java.base@21.0.9
j  java.net.URLClassLoader.defineClass(Ljava/lang/String;Ljdk/internal/loader/Resource;)Ljava/lang/Class;+220 java.base@21.0.9
j  java.net.URLClassLoader$1.run()Ljava/lang/Class;+43 java.base@21.0.9
j  java.net.URLClassLoader$1.run()Ljava/lang/Object;+1 java.base@21.0.9
J 1152 c1 java.security.AccessController.executePrivileged(Ljava/security/PrivilegedExceptionAction;Ljava/security/AccessControlContext;Ljava/lang/Class;)Ljava/lang/Object; java.base@21.0.9 (65 bytes) @ 0x000001720eb52ac4 [0x000001720eb52960+0x0000000000000164]
j  java.security.AccessController.doPrivileged(Ljava/security/PrivilegedExceptionAction;Ljava/security/AccessControlContext;)Ljava/lang/Object;+13 java.base@21.0.9
j  java.net.URLClassLoader.findClass(Ljava/lang/String;)Ljava/lang/Class;+13 java.base@21.0.9
J 1170 c1 java.lang.ClassLoader.loadClass(Ljava/lang/String;Z)Ljava/lang/Class; java.base@21.0.9 (121 bytes) @ 0x000001720eb57d24 [0x000001720eb57760+0x00000000000005c4]
J 1008 c1 java.lang.ClassLoader.loadClass(Ljava/lang/String;)Ljava/lang/Class; java.base@21.0.9 (7 bytes) @ 0x000001720eb0dfd4 [0x000001720eb0dec0+0x0000000000000114]
v  ~StubRoutines::call_stub 0x0000017215eb100d
j  org.eclipse.osgi.storage.Storage.<init>(Lorg/eclipse/osgi/internal/framework/EquinoxContainer;[Ljava/lang/String;)V+642
j  org.eclipse.osgi.storage.Storage.createStorage(Lorg/eclipse/osgi/internal/framework/EquinoxContainer;)Lorg/eclipse/osgi/storage/Storage;+11
j  org.eclipse.osgi.internal.framework.EquinoxContainer.<init>(Ljava/util/Map;Lorg/osgi/framework/connect/ModuleConnector;)V+146
j  org.eclipse.osgi.launch.Equinox.<init>(Ljava/util/Map;Lorg/osgi/framework/connect/ModuleConnector;)V+10
j  org.eclipse.osgi.launch.Equinox.<init>(Ljava/util/Map;)V+3
j  org.eclipse.core.runtime.adaptor.EclipseStarter.startup([Ljava/lang/String;Ljava/lang/Runnable;)Lorg/osgi/framework/BundleContext;+28
j  org.eclipse.core.runtime.adaptor.EclipseStarter.run([Ljava/lang/String;Ljava/lang/Runnable;)Ljava/lang/Object;+21
j  java.lang.invoke.DirectMethodHandle$Holder.invokeStatic(Ljava/lang/Object;Ljava/lang/Object;Ljava/lang/Object;)Ljava/lang/Object;+11 java.base@21.0.9
j  java.lang.invoke.LambdaForm$MH+0x000001722408a800.invoke(Ljava/lang/Object;Ljava/lang/Object;Ljava/lang/Object;Ljava/lang/Object;)Ljava/lang/Object;+54 java.base@21.0.9
j  java.lang.invoke.LambdaForm$MH+0x0000017224002c00.invokeExact_MT(Ljava/lang/Object;Ljava/lang/Object;Ljava/lang/Object;Ljava/lang/Object;Ljava/lang/Object;)Ljava/lang/Object;+22 java.base@21.0.9
j  jdk.internal.reflect.DirectMethodHandleAccessor.invokeImpl(Ljava/lang/Object;[Ljava/lang/Object;)Ljava/lang/Object;+72 java.base@21.0.9
j  jdk.internal.reflect.DirectMethodHandleAccessor.invoke(Ljava/lang/Object;[Ljava/lang/Object;)Ljava/lang/Object;+23 java.base@21.0.9
j  java.lang.reflect.Method.invoke(Ljava/lang/Object;[Ljava/lang/Object;)Ljava/lang/Object;+102 java.base@21.0.9
j  org.eclipse.equinox.launcher.Main.invokeFramework([Ljava/lang/String;[Ljava/net/URL;)V+155
j  org.eclipse.equinox.launcher.Main.basicRun([Ljava/lang/String;)V+191
j  org.eclipse.equinox.launcher.Main.run([Ljava/lang/String;)I+4
j  org.eclipse.equinox.launcher.Main.main([Ljava/lang/String;)V+10
v  ~StubRoutines::call_stub 0x0000017215eb100d

Compiled method (n/a) 1487 1115     n 0       java.lang.ClassLoader::defineClass1 (native)
 total in heap  [0x00000172164c2890,0x00000172164c2d18] = 1160
 relocation     [0x00000172164c29f0,0x00000172164c2a28] = 56
 main code      [0x00000172164c2a40,0x00000172164c2d16] = 726
 stub code      [0x00000172164c2d16,0x00000172164c2d18] = 2

[Constant Pool (empty)]

[MachCode]
[Entry Point]
  # {method} {0x0000017223436820} 'defineClass1' '(Ljava/lang/ClassLoader;Ljava/lang/String;[BIILjava/security/ProtectionDomain;Ljava/lang/String;)Ljava/lang/Class;' in 'java/lang/ClassLoader'
  # parm0:    rdx:rdx   = 'java/lang/ClassLoader'
  # parm1:    r8:r8     = 'java/lang/String'
  # parm2:    r9:r9     = '[B'
  # parm3:    rdi       = int
  # parm4:    rsi       = int
  # parm5:    rcx:rcx   = 'java/security/ProtectionDomain'
  # parm6:    [sp+0xa0]   = 'java/lang/String'  (sp of caller)
  0x00000172164c2a40: 448b 5208 | 49bb 0000 | 0023 7201 | 0000 4d03 | d349 3bc2 | 0f84 0600 

  0x00000172164c2a58: ;   {runtime_call ic_miss_stub}
  0x00000172164c2a58: 0000 e921 | baa3 ff90 
[Verified Entry Point]
  0x00000172164c2a60: 8984 2400 | 80ff ff55 | 488b ec48 | 81ec 9000 | 0000 6690 | 4181 7f20 | 0100 0000 

  0x00000172164c2a7c: ;   {runtime_call StubRoutines (final stubs)}
  0x00000172164c2a7c: 7405 e85d | 5fa2 ff48 | 837d 1000 | 488d 4510 | 480f 4445 | 1048 8944 | 2440 4889 | 4c24 7048 
  0x00000172164c2a9c: 83f9 0048 | 8d44 2470 | 480f 4444 | 2470 4889 | 4424 3848 | 8974 2430 | 4889 7c24 | 284c 894c 
  0x00000172164c2abc: 2458 4983 | f900 488d | 4424 5848 | 0f44 4424 | 5848 8944 | 2420 4c89 | 4424 5049 | 83f8 004c 
  0x00000172164c2adc: 8d4c 2450 | 4c0f 444c | 2450 4889 | 5424 4848 | 83fa 004c | 8d44 2448 | 4c0f 4444 

  0x00000172164c2af8: ;   {oop(a 'java/lang/Class'{0x0000000080000978} = 'java/lang/ClassLoader')}
  0x00000172164c2af8: 2448 49be | 7809 0080 | 0000 0000 | 4c89 7424 | 784c 8d74 | 2478 498b | d6c5 f877 

  0x00000172164c2b14: ;   {internal_word}
  0x00000172164c2b14: 49ba 112b | 4c16 7201 | 0000 4d89 | 97a0 0300 | 0049 89a7 | 9803 0000 

  0x00000172164c2b2c: ;   {external_word}
  0x00000172164c2b2c: 49ba cf4d | 0acd f97f | 0000 4180 | 3a00 0f84 | 4e00 0000 | 5241 5041 

  0x00000172164c2b44: ;   {metadata({method} {0x0000017223436820} 'defineClass1' '(Ljava/lang/ClassLoader;Ljava/lang/String;[BIILjava/security/ProtectionDomain;Ljava/lang/String;)Ljava/lang/Class;' in 'java/lang/ClassLoader')}
  0x00000172164c2b44: 5148 ba18 | 6843 2372 | 0100 0049 | 8bcf 4883 | ec20 40f6 | c40f 0f84 | 1900 0000 | 4883 ec08 
  0x00000172164c2b64: ;   {runtime_call}
  0x00000172164c2b64: 48b8 40d5 | b3cc f97f | 0000 ffd0 | 4883 c408 | e90c 0000 

  0x00000172164c2b78: ;   {runtime_call}
  0x00000172164c2b78: 0048 b840 | d5b3 ccf9 | 7f00 00ff | d048 83c4 | 2041 5941 | 585a 498d | 8fb8 0300 | 0041 c787 
  0x00000172164c2b98: 4404 0000 | 0400 0000 

  0x00000172164c2ba0: ;   {runtime_call}
  0x00000172164c2ba0: 48b8 ac16 | 359f fa7f | 0000 ffd0 | c5f8 7741 | c787 4404 | 0000 0500 | 0000 f083 | 4424 c000 
  0x00000172164c2bc0: 493b af48 | 0400 000f | 870e 0000 | 0041 83bf | 4004 0000 | 000f 842b | 0000 00c5 | f877 4889 
  0x00000172164c2be0: 45f8 498b | cf4c 8be4 | 4883 ec20 | 4883 e4f0 

  0x00000172164c2bf0: ;   {runtime_call}
  0x00000172164c2bf0: 48b8 e04b | 7fcc f97f | 0000 ffd0 | 498b e44d | 33e4 488b | 45f8 41c7 | 8744 0400 | 0008 0000 
  0x00000172164c2c10: 0041 83bf | c004 0000 | 020f 84ca 

  0x00000172164c2c1c: ;   {external_word}
  0x00000172164c2c1c: 0000 0049 | bacf 4d0a | cdf9 7f00 | 0041 803a | 000f 844c | 0000 0048 

  0x00000172164c2c34: ;   {metadata({method} {0x0000017223436820} 'defineClass1' '(Ljava/lang/ClassLoader;Ljava/lang/String;[BIILjava/security/ProtectionDomain;Ljava/lang/String;)Ljava/lang/Class;' in 'java/lang/ClassLoader')}
  0x00000172164c2c34: 8945 f848 | ba18 6843 | 2372 0100 | 0049 8bcf | 4883 ec20 | 40f6 c40f | 0f84 1900 | 0000 4883 
  0x00000172164c2c54: ;   {runtime_call}
  0x00000172164c2c54: ec08 48b8 | 40d5 b3cc | f97f 0000 | ffd0 4883 | c408 e90c 

  0x00000172164c2c68: ;   {runtime_call}
  0x00000172164c2c68: 0000 0048 | b840 d5b3 | ccf9 7f00 | 00ff d048 | 83c4 2048 | 8b45 f849 | c787 9803 | 0000 0000 
  0x00000172164c2c88: 0000 49c7 | 87a0 0300 | 0000 0000 | 00c5 f877 | 4885 c00f | 8425 0000 | 00a8 030f | 8508 0000 
  0x00000172164c2ca8: 0048 8b00 | e915 0000 | 00a8 010f | 8509 0000 | 0048 8b40 | fee9 0400 | 0000 488b | 40ff 498b 
  0x00000172164c2cc8: 8f28 0400 | 00c7 8100 | 0100 0000 | 0000 00c9 | 4983 7f08 | 000f 8501 | 0000 00c3 

  0x00000172164c2ce4: ;   {runtime_call StubRoutines (initial stubs)}
  0x00000172164c2ce4: e917 e29e | ffc5 f877 | 4889 45f8 | 4c8b e448 | 83ec 2048 

  0x00000172164c2cf8: ;   {runtime_call}
  0x00000172164c2cf8: 83e4 f048 | b890 0cb4 | ccf9 7f00 | 00ff d049 | 8be4 4d33 | e448 8b45 | f8e9 09ff | ffff f4f4 
[/MachCode]


Compiled method (c1) 1495 1152       3       java.security.AccessController::executePrivileged (65 bytes)
 total in heap  [0x000001720eb52790,0x000001720eb52d80] = 1520
 relocation     [0x000001720eb528f0,0x000001720eb52958] = 104
 main code      [0x000001720eb52960,0x000001720eb52c08] = 680
 stub code      [0x000001720eb52c08,0x000001720eb52c60] = 88
 metadata       [0x000001720eb52c60,0x000001720eb52c70] = 16
 scopes data    [0x000001720eb52c70,0x000001720eb52ce8] = 120
 scopes pcs     [0x000001720eb52ce8,0x000001720eb52d68] = 128
 dependencies   [0x000001720eb52d68,0x000001720eb52d70] = 8
 nul chk table  [0x000001720eb52d70,0x000001720eb52d80] = 16

[Constant Pool (empty)]

[MachCode]
[Verified Entry Point]
  # {method} {0x00000172234724f0} 'executePrivileged' '(Ljava/security/PrivilegedExceptionAction;Ljava/security/AccessControlContext;Ljava/lang/Class;)Ljava/lang/Object;' in 'java/security/AccessController'
  # parm0:    rdx:rdx   = 'java/security/PrivilegedExceptionAction'
  # parm1:    r8:r8     = 'java/security/AccessControlContext'
  # parm2:    r9:r9     = 'java/lang/Class'
  #           [sp+0x50]  (sp of caller)
  0x000001720eb52960: 8984 2400 | 80ff ff55 | 4883 ec40 | 4181 7f20 | 0100 0000 

  0x000001720eb52974: ;   {runtime_call StubRoutines (final stubs)}
  0x000001720eb52974: 7405 e865 | 6039 074c | 8944 2430 

  0x000001720eb52980: ;   {metadata(method data for {method} {0x00000172234724f0} 'executePrivileged' '(Ljava/security/PrivilegedExceptionAction;Ljava/security/AccessControlContext;Ljava/lang/Class;)Ljava/lang/Object;' in 'java/security/AccessController')}
  0x000001720eb52980: 48be d86a | 3166 7201 | 0000 8bbe | cc00 0000 | 83c7 0289 | becc 0000 | 0081 e7fe | 0700 0085 
  0x000001720eb529a0: ff0f 84bf | 0100 004d 

  0x000001720eb529a8: ;   {metadata(method data for {method} {0x00000172234724f0} 'executePrivileged' '(Ljava/security/PrivilegedExceptionAction;Ljava/security/AccessControlContext;Ljava/lang/Class;)Ljava/lang/Object;' in 'java/security/AccessController')}
  0x000001720eb529a8: 85c0 48be | d86a 3166 | 7201 0000 | 48c7 c710 | 0100 0074 | 0748 c7c7 | 2001 0000 | 488b 1c3e 
  0x000001720eb529c8: 488d 5b01 | 4889 1c3e | 4c89 4c24 | 2848 8954 | 2420 0f84 | 2400 0000 

  0x000001720eb529e0: ;   {metadata(method data for {method} {0x00000172234724f0} 'executePrivileged' '(Ljava/security/PrivilegedExceptionAction;Ljava/security/AccessControlContext;Ljava/lang/Class;)Ljava/lang/Object;' in 'java/security/AccessController')}
  0x000001720eb529e0: 48be d86a | 3166 7201 | 0000 4883 | 8630 0100 | 0001 498b 

  0x000001720eb529f4: ;   {static_call}
  0x000001720eb529f4: d066 90e8 

  0x000001720eb529f8: ; ImmutableOopMap {[32]=Oop [40]=Oop [48]=Oop }
                      ;*invokestatic ensureMaterializedForStackWalk {reexecute=0 rethrow=0 return_oop=0}
                      ; - java.security.AccessController::executePrivileged@5
  0x000001720eb529f8: 6445 9707 

  0x000001720eb529fc: ;   {other}
  0x000001720eb529fc: 0f1f 8400 | 6c02 0000 

  0x000001720eb52a04: ;   {metadata(method data for {method} {0x00000172234724f0} 'executePrivileged' '(Ljava/security/PrivilegedExceptionAction;Ljava/security/AccessControlContext;Ljava/lang/Class;)Ljava/lang/Object;' in 'java/security/AccessController')}
  0x000001720eb52a04: 48ba d86a | 3166 7201 | 0000 ff82 | 4001 0000 | 488b 5424 | 2048 3b02 

  0x000001720eb52a1c: ;   {metadata(method data for {method} {0x00000172234724f0} 'executePrivileged' '(Ljava/security/PrivilegedExceptionAction;Ljava/security/AccessControlContext;Ljava/lang/Class;)Ljava/lang/Object;' in 'java/security/AccessController')}
  0x000001720eb52a1c: 488b f248 | bfd8 6a31 | 6672 0100 | 008b 7608 | 49ba 0000 | 0023 7201 | 0000 4903 | f248 3bb7 
  0x000001720eb52a3c: b001 0000 | 750d 4883 | 87b8 0100 | 0001 e960 | 0000 0048 | 3bb7 c001 | 0000 750d | 4883 87c8 
  0x000001720eb52a5c: 0100 0001 | e94a 0000 | 0048 83bf | b001 0000 | 0075 1748 | 89b7 b001 | 0000 48c7 | 87b8 0100 
  0x000001720eb52a7c: 0001 0000 | 00e9 2900 | 0000 4883 | bfc0 0100 | 0000 7517 | 4889 b7c0 | 0100 0048 | c787 c801 
  0x000001720eb52a9c: 0000 0100 | 0000 e908 | 0000 0048 | 8387 a001 | 0000 0166 | 0f1f 4400 | 0048 b8ff | ffff ffff 
  0x000001720eb52abc: ;   {virtual_call}
  0x000001720eb52abc: ffff ffe8 

  0x000001720eb52ac0: ; ImmutableOopMap {[40]=Oop [48]=Oop }
                      ;*invokeinterface run {reexecute=0 rethrow=0 return_oop=0}
                      ; - java.security.AccessController::executePrivileged@29
  0x000001720eb52ac0: 5c8d 3a07 

  0x000001720eb52ac4: ;   {other}
  0x000001720eb52ac4: 0f1f 8400 | 3403 0001 

  0x000001720eb52acc: ;   {metadata(method data for {method} {0x00000172234724f0} 'executePrivileged' '(Ljava/security/PrivilegedExceptionAction;Ljava/security/AccessControlContext;Ljava/lang/Class;)Ljava/lang/Object;' in 'java/security/AccessController')}
  0x000001720eb52acc: 48be d86a | 3166 7201 | 0000 ff86 | d801 0000 | 4c8b 4c24 

  0x000001720eb52ae0: ;   {metadata(method data for {method} {0x00000172234724f0} 'executePrivileged' '(Ljava/security/PrivilegedExceptionAction;Ljava/security/AccessControlContext;Ljava/lang/Class;)Ljava/lang/Object;' in 'java/security/AccessController')}
  0x000001720eb52ae0: 2848 bed8 | 6a31 6672 | 0100 0048 | 8386 3802 

  0x000001720eb52af0: ;   {metadata(method data for {method} {0x000001722303d898} 'reachabilityFence' '(Ljava/lang/Object;)V' in 'java/lang/ref/Reference')}
  0x000001720eb52af0: 0000 0148 | be68 fa05 | 6672 0100 | 008b becc | 0000 0083 | c702 89be | cc00 0000 | 81e7 feff 
  0x000001720eb52b10: 1f00 85ff | 0f84 7200 

  0x000001720eb52b18: ;   {metadata(method data for {method} {0x00000172234724f0} 'executePrivileged' '(Ljava/security/PrivilegedExceptionAction;Ljava/security/AccessControlContext;Ljava/lang/Class;)Ljava/lang/Object;' in 'java/security/AccessController')}
  0x000001720eb52b18: 0000 48be | d86a 3166 | 7201 0000 | 4883 8648 | 0200 0001 

  0x000001720eb52b2c: ;   {metadata(method data for {method} {0x000001722303d898} 'reachabilityFence' '(Ljava/lang/Object;)V' in 'java/lang/ref/Reference')}
  0x000001720eb52b2c: 48be 68fa | 0566 7201 | 0000 8bbe | cc00 0000 | 83c7 0289 | becc 0000 | 0081 e7fe | ff1f 0085 
  0x000001720eb52b4c: ff0f 845a | 0000 0048 | 83c4 405d 

  0x000001720eb52b58: ;   {poll_return}
  0x000001720eb52b58: 493b a748 | 0400 000f | 8766 0000 

  0x000001720eb52b64: ;   {metadata({method} {0x00000172234724f0} 'executePrivileged' '(Ljava/security/PrivilegedExceptionAction;Ljava/security/AccessControlContext;Ljava/lang/Class;)Ljava/lang/Object;' in 'java/security/AccessController')}
  0x000001720eb52b64: 00c3 49ba | e824 4723 | 7201 0000 | 4c89 5424 | 0848 c704 | 24ff ffff 

  0x000001720eb52b7c: ;   {runtime_call counter_overflow Runtime1 stub}
  0x000001720eb52b7c: ffe8 7ef7 

  0x000001720eb52b80: ; ImmutableOopMap {rdx=Oop r8=Oop r9=Oop [48]=Oop }
                      ;*synchronization entry
                      ; - java.security.AccessController::executePrivileged@-1
  0x000001720eb52b80: 4507 e920 

  0x000001720eb52b84: ;   {runtime_call throw_null_pointer_exception Runtime1 stub}
  0x000001720eb52b84: feff ffe8 

  0x000001720eb52b88: ; ImmutableOopMap {rdx=Oop [40]=Oop [48]=Oop }
                      ;*invokeinterface run {reexecute=0 rethrow=0 return_oop=0}
                      ; - java.security.AccessController::executePrivileged@29
  0x000001720eb52b88: 74a6 4507 

  0x000001720eb52b8c: ;   {metadata({method} {0x000001722303d898} 'reachabilityFence' '(Ljava/lang/Object;)V' in 'java/lang/ref/Reference')}
  0x000001720eb52b8c: 49ba 90d8 | 0323 7201 | 0000 4c89 | 5424 0848 | c704 24ff 

  0x000001720eb52ba0: ;   {runtime_call counter_overflow Runtime1 stub}
  0x000001720eb52ba0: ffff ffe8 

  0x000001720eb52ba4: ; ImmutableOopMap {rax=Oop r9=Oop }
                      ;*synchronization entry
                      ; - java.lang.ref.Reference::reachabilityFence@-1
                      ; - java.security.AccessController::executePrivileged@56
  0x000001720eb52ba4: 58f7 4507 | e96d ffff 

  0x000001720eb52bac: ;   {metadata({method} {0x000001722303d898} 'reachabilityFence' '(Ljava/lang/Object;)V' in 'java/lang/ref/Reference')}
  0x000001720eb52bac: ff49 ba90 | d803 2372 | 0100 004c | 8954 2408 | 48c7 0424 | ffff ffff 

  0x000001720eb52bc4: ;   {runtime_call counter_overflow Runtime1 stub}
  0x000001720eb52bc4: e837 f745 

  0x000001720eb52bc8: ; ImmutableOopMap {rax=Oop }
                      ;*synchronization entry
                      ; - java.lang.ref.Reference::reachabilityFence@-1
                      ; - java.security.AccessController::executePrivileged@60
                      ;   {internal_word}
  0x000001720eb52bc8: 07eb 8849 | ba58 2bb5 | 0e72 0100 | 004d 8997 | 6004 0000 

  0x000001720eb52bdc: ;   {runtime_call SafepointBlob}
  0x000001720eb52bdc: e91f 1f3b | 0749 8b87 | f804 0000 | 49c7 87f8 | 0400 0000 | 0000 0049 | c787 0005 | 0000 0000 
  0x000001720eb52bfc: 0000 4883 

  0x000001720eb52c00: ;   {runtime_call unwind_exception Runtime1 stub}
  0x000001720eb52c00: c440 5de9 | f896 4507 
[Stub Code]
  0x000001720eb52c08: ;   {no_reloc}
  0x000001720eb52c08: 0f1f 4400 

  0x000001720eb52c0c: ;   {static_stub}
  0x000001720eb52c0c: 0048 bb00 | 0000 0000 

  0x000001720eb52c14: ;   {runtime_call nmethod}
  0x000001720eb52c14: 0000 00e9 | fbff ffff 

  0x000001720eb52c1c: ;   {static_stub}
  0x000001720eb52c1c: 48bb 6823 | 4723 7201 

  0x000001720eb52c24: ;   {runtime_call I2C/C2I adapters}
  0x000001720eb52c24: 0000 e9b8 

  0x000001720eb52c28: ;   {runtime_call handle_exception_from_callee Runtime1 stub}
  0x000001720eb52c28: af3a 07e8 | d0c3 4507 

  0x000001720eb52c30: ;   {external_word}
  0x000001720eb52c30: 48b9 2053 | e0cc f97f | 0000 4883 

  0x000001720eb52c3c: ;   {runtime_call}
  0x000001720eb52c3c: e4f0 48b8 | 90b7 a2cc | f97f 0000 

  0x000001720eb52c48: ;   {section_word}
  0x000001720eb52c48: ffd0 f449 | ba4b 2cb5 | 0e72 0100 

  0x000001720eb52c54: ;   {runtime_call DeoptimizationBlob}
  0x000001720eb52c54: 0041 52e9 | 4411 3b07 | f4f4 f4f4 
[/MachCode]


Compiled method (c1) 1506 1170   !   3       java.lang.ClassLoader::loadClass (121 bytes)
 total in heap  [0x000001720eb57490,0x000001720eb58a70] = 5600
 relocation     [0x000001720eb575f0,0x000001720eb57758] = 360
 main code      [0x000001720eb57760,0x000001720eb58348] = 3048
 stub code      [0x000001720eb58348,0x000001720eb58420] = 216
 oops           [0x000001720eb58420,0x000001720eb58430] = 16
 metadata       [0x000001720eb58430,0x000001720eb58498] = 104
 scopes data    [0x000001720eb58498,0x000001720eb586f8] = 608
 scopes pcs     [0x000001720eb586f8,0x000001720eb588b8] = 448
 dependencies   [0x000001720eb588b8,0x000001720eb588d8] = 32
 handler table  [0x000001720eb588d8,0x000001720eb58a58] = 384
 nul chk table  [0x000001720eb58a58,0x000001720eb58a70] = 24

[Constant Pool (empty)]

[MachCode]
[Entry Point]
  # {method} {0x0000017223014398} 'loadClass' '(Ljava/lang/String;Z)Ljava/lang/Class;' in 'java/lang/ClassLoader'
  # this:     rdx:rdx   = 'java/lang/ClassLoader'
  # parm0:    r8:r8     = 'java/lang/String'
  # parm1:    r9        = boolean
  #           [sp+0xd0]  (sp of caller)
  0x000001720eb57760: 448b 5208 | 49bb 0000 | 0023 7201 | 0000 4d03 | d34c 3bd0 

  0x000001720eb57774: ;   {runtime_call ic_miss_stub}
  0x000001720eb57774: 0f85 066d | 3a07 660f | 1f44 0000 
[Verified Entry Point]
  0x000001720eb57780: 8984 2400 | 80ff ff55 | 4881 ecc0 | 0000 0090 | 4181 7f20 | 0100 0000 

  0x000001720eb57798: ;   {runtime_call StubRoutines (final stubs)}
  0x000001720eb57798: 7405 e841 | 1239 0748 | 8954 2450 | 4c89 4424 

  0x000001720eb577a8: ;   {metadata(method data for {method} {0x0000017223014398} 'loadClass' '(Ljava/lang/String;Z)Ljava/lang/Class;' in 'java/lang/ClassLoader')}
  0x000001720eb577a8: 5848 beb8 | 8031 6672 | 0100 008b | becc 0000 | 0083 c702 | 89be cc00 | 0000 81e7 | fe07 0000 
  0x000001720eb577c8: 85ff 0f84 | 7409 0000 | 4489 4c24 | 6048 8bf2 

  0x000001720eb577d8: ;   {metadata(method data for {method} {0x0000017223014398} 'loadClass' '(Ljava/lang/String;Z)Ljava/lang/Class;' in 'java/lang/ClassLoader')}
  0x000001720eb577d8: 48bf b880 | 3166 7201 | 0000 8b76 | 0849 ba00 | 0000 2372 | 0100 0049 | 03f2 483b | b720 0100 
  0x000001720eb577f8: 0075 0d48 | 8387 2801 | 0000 01e9 | 6000 0000 | 483b b730 | 0100 0075 | 0d48 8387 | 3801 0000 
  0x000001720eb57818: 01e9 4a00 | 0000 4883 | bf20 0100 | 0000 7517 | 4889 b720 | 0100 0048 | c787 2801 | 0000 0100 
  0x000001720eb57838: 0000 e929 | 0000 0048 | 83bf 3001 | 0000 0075 | 1748 89b7 | 3001 0000 | 48c7 8738 | 0100 0001 
  0x000001720eb57858: 0000 00e9 | 0800 0000 | 4883 8710 | 0100 0001 | 498b f04c | 8bc6 488b | fa48 8bd7 

  0x000001720eb57874: ;   {optimized virtual_call}
  0x000001720eb57874: 6666 90e8 

  0x000001720eb57878: ; ImmutableOopMap {[80]=Oop [88]=Oop }
                      ;*invokevirtual getClassLoadingLock {reexecute=0 rethrow=0 return_oop=0}
                      ; - java.lang.ClassLoader::loadClass@2
  0x000001720eb57878: 04df faff 

  0x000001720eb5787c: ;   {other}
  0x000001720eb5787c: 0f1f 8400 | ec03 0000 | 4889 4424 | 6848 8d94 | 24a0 0000 | 0048 8bf0 | 4889 7208 

  0x000001720eb57898: ; implicit exception: dispatches to 0x000001720eb58165
  0x000001720eb57898: 488b 0648 | 83c8 0148 | 8902 f048 | 0fb1 160f | 8412 0000 | 0048 2bc4 | 4825 07f0 | ffff 4889 
  0x000001720eb578b8: 020f 85ab | 0800 0049 | ff87 4805 | 0000 488b 

  0x000001720eb578c8: ;   {metadata(method data for {method} {0x0000017223014398} 'loadClass' '(Ljava/lang/String;Z)Ljava/lang/Class;' in 'java/lang/ClassLoader')}
  0x000001720eb578c8: 5424 5048 | beb8 8031 | 6672 0100 | 0048 8386 | 4801 0000 

  0x000001720eb578dc: ;   {metadata(method data for {method} {0x0000017223436ca8} 'findLoadedClass' '(Ljava/lang/String;)Ljava/lang/Class;' in 'java/lang/ClassLoader')}
  0x000001720eb578dc: 0148 ba90 | 8f23 6672 | 0100 008b | b2cc 0000 | 0083 c602 | 89b2 cc00 | 0000 81e6 | feff 1f00 
  0x000001720eb578fc: 85f6 0f84 | 7908 0000 

  0x000001720eb57904: ;   {metadata(method data for {method} {0x0000017223436ca8} 'findLoadedClass' '(Ljava/lang/String;)Ljava/lang/Class;' in 'java/lang/ClassLoader')}
  0x000001720eb57904: 48ba 908f | 2366 7201 | 0000 4883 | 8210 0100 | 0001 488b | 5424 580f 

  0x000001720eb5791c: ;   {static_call}
  0x000001720eb5791c: 1f40 00e8 

  0x000001720eb57920: ; ImmutableOopMap {[80]=Oop [88]=Oop [104]=Oop [168]=Oop }
                      ;*invokestatic checkName {reexecute=0 rethrow=0 return_oop=0}
                      ; - java.lang.ClassLoader::findLoadedClass@1
                      ; - java.lang.ClassLoader::loadClass@10
  0x000001720eb57920: 9cb1 ebff 

  0x000001720eb57924: ;   {other}
  0x000001720eb57924: 0f1f 8400 | 9404 0001 

  0x000001720eb5792c: ;   {metadata(method data for {method} {0x0000017223436ca8} 'findLoadedClass' '(Ljava/lang/String;)Ljava/lang/Class;' in 'java/lang/ClassLoader')}
  0x000001720eb5792c: 85c0 49b8 | 908f 2366 | 7201 0000 | 48c7 c220 | 0100 0075 | 0748 c7c2 | 3001 0000 | 498b 3410 
  0x000001720eb5794c: 488d 7601 | 4989 3410 | 0f85 0f00 

  0x000001720eb57958: ;   {oop(nullptr)}
  0x000001720eb57958: 0000 48be | 0000 0000 | 0000 0000 | e936 0000 | 0048 8b54 

  0x000001720eb5796c: ;   {metadata(method data for {method} {0x0000017223436ca8} 'findLoadedClass' '(Ljava/lang/String;)Ljava/lang/Class;' in 'java/lang/ClassLoader')}
  0x000001720eb5796c: 2450 49b8 | 908f 2366 | 7201 0000 | 4983 8040 | 0100 0001 | 4c8b 4424 | 5848 8b54 | 2450 0f1f 
  0x000001720eb5798c: ;   {optimized virtual_call}
  0x000001720eb5798c: 4400 00e8 

  0x000001720eb57990: ; ImmutableOopMap {[80]=Oop [88]=Oop [104]=Oop [168]=Oop }
                      ;*invokevirtual findLoadedClass0 {reexecute=0 rethrow=0 return_oop=0}
                      ; - java.lang.ClassLoader::findLoadedClass@11
                      ; - java.lang.ClassLoader::loadClass@10
  0x000001720eb57990: acbe 9107 

  0x000001720eb57994: ;   {other}
  0x000001720eb57994: 0f1f 8400 | 0405 0002 | 488b f048 

  0x000001720eb579a0: ;   {metadata(method data for {method} {0x0000017223014398} 'loadClass' '(Ljava/lang/String;Z)Ljava/lang/Class;' in 'java/lang/ClassLoader')}
  0x000001720eb579a0: 85f6 48bf | b880 3166 | 7201 0000 | 48c7 c380 | 0100 0075 | 0748 c7c3 | 9001 0000 | 488b 041f 
  0x000001720eb579c0: 488d 4001 | 4889 041f | 0f85 9605 | 0000 4889 

  0x000001720eb579d0: ;   {metadata(method data for {method} {0x0000017223014398} 'loadClass' '(Ljava/lang/String;Z)Ljava/lang/Class;' in 'java/lang/ClassLoader')}
  0x000001720eb579d0: 7424 7048 | bfb8 8031 | 6672 0100 | 0048 8387 | a001 0000 

  0x000001720eb579e4: ;   {runtime_call}
  0x000001720eb579e4: 0148 b810 | 1bad ccf9 | 7f00 00ff 

  0x000001720eb579f0: ;   {other}
  0x000001720eb579f0: d00f 1f84 | 0000 0000 | 0048 8944 | 2478 488b | 5424 508b | 7218 4885 

  0x000001720eb57a08: ;   {metadata(method data for {method} {0x0000017223014398} 'loadClass' '(Ljava/lang/String;Z)Ljava/lang/Class;' in 'java/lang/ClassLoader')}
  0x000001720eb57a08: f649 b8b8 | 8031 6672 | 0100 0049 | c7c1 b001 | 0000 7407 | 49c7 c1c0 | 0100 004b | 8b3c 0848 
  0x000001720eb57a28: 8d7f 014b | 893c 080f | 84d4 0000 | 0048 3b06 

  0x000001720eb57a38: ;   {metadata(method data for {method} {0x0000017223014398} 'loadClass' '(Ljava/lang/String;Z)Ljava/lang/Class;' in 'java/lang/ClassLoader')}
  0x000001720eb57a38: 4c8b c649 | b9b8 8031 | 6672 0100 | 0045 8b40 | 0849 ba00 | 0000 2372 | 0100 004d | 03c2 4d3b 
  0x000001720eb57a58: 81e0 0100 | 0075 0d49 | 8381 e801 | 0000 01e9 | 6000 0000 | 4d3b 81f0 | 0100 0075 | 0d49 8381 
  0x000001720eb57a78: f801 0000 | 01e9 4a00 | 0000 4983 | b9e0 0100 | 0000 7517 | 4d89 81e0 | 0100 0049 | c781 e801 
  0x000001720eb57a98: 0000 0100 | 0000 e929 | 0000 0049 | 83b9 f001 | 0000 0075 | 174d 8981 | f001 0000 | 49c7 81f8 
  0x000001720eb57ab8: 0100 0001 | 0000 00e9 | 0800 0000 | 4983 81d0 | 0100 0001 | 4c8b 4424 | 5841 b900 | 0000 0048 
  0x000001720eb57ad8: 8bd6 6666 | 9048 b810 | 9c06 2372 

  0x000001720eb57ae4: ;   {virtual_call}
  0x000001720eb57ae4: 0100 00e8 

  0x000001720eb57ae8: ; ImmutableOopMap {[80]=Oop [88]=Oop [104]=Oop [112]=Oop [168]=Oop }
                      ;*invokevirtual loadClass {reexecute=0 rethrow=0 return_oop=0}
                      ; - java.lang.ClassLoader::loadClass@38
  0x000001720eb57ae8: 744f fdff 

  0x000001720eb57aec: ;   {other}
  0x000001720eb57aec: 0f1f 8400 | 5c06 0003 

  0x000001720eb57af4: ;   {metadata(method data for {method} {0x0000017223014398} 'loadClass' '(Ljava/lang/String;Z)Ljava/lang/Class;' in 'java/lang/ClassLoader')}
  0x000001720eb57af4: 48ba b880 | 3166 7201 | 0000 ff82 | 0802 0000 | e9d1 0000 

  0x000001720eb57b08: ;   {metadata(method data for {method} {0x0000017223014398} 'loadClass' '(Ljava/lang/String;Z)Ljava/lang/Class;' in 'java/lang/ClassLoader')}
  0x000001720eb57b08: 0048 bab8 | 8031 6672 | 0100 0048 | 8382 2002 

  0x000001720eb57b18: ;   {metadata(method data for {method} {0x0000017223436c50} 'findBootstrapClassOrNull' '(Ljava/lang/String;)Ljava/lang/Class;' in 'java/lang/ClassLoader')}
  0x000001720eb57b18: 0000 0148 | ba18 2430 | 6672 0100 | 008b b2cc | 0000 0083 | c602 89b2 | cc00 0000 | 81e6 feff 
  0x000001720eb57b38: 1f00 85f6 | 0f84 6106 

  0x000001720eb57b40: ;   {metadata(method data for {method} {0x0000017223436c50} 'findBootstrapClassOrNull' '(Ljava/lang/String;)Ljava/lang/Class;' in 'java/lang/ClassLoader')}
  0x000001720eb57b40: 0000 48ba | 1824 3066 | 7201 0000 | 4883 8210 | 0100 0001 | 488b 5424 | 5866 0f1f 

  0x000001720eb57b5c: ;   {static_call}
  0x000001720eb57b5c: 4400 00e8 

  0x000001720eb57b60: ; ImmutableOopMap {[80]=Oop [88]=Oop [104]=Oop [112]=Oop [168]=Oop }
                      ;*invokestatic checkName {reexecute=0 rethrow=0 return_oop=0}
                      ; - java.lang.ClassLoader::findBootstrapClassOrNull@1
                      ; - java.lang.ClassLoader::loadClass@47
  0x000001720eb57b60: 1c72 3a07 

  0x000001720eb57b64: ;   {other}
  0x000001720eb57b64: 0f1f 8400 | d406 0004 

  0x000001720eb57b6c: ;   {metadata(method data for {method} {0x0000017223436c50} 'findBootstrapClassOrNull' '(Ljava/lang/String;)Ljava/lang/Class;' in 'java/lang/ClassLoader')}
  0x000001720eb57b6c: 85c0 48ba | 1824 3066 | 7201 0000 | 48c7 c620 | 0100 0075 | 0748 c7c6 | 3001 0000 | 488b 3c32 
  0x000001720eb57b8c: 488d 7f01 | 4889 3c32 | 0f85 0f00 

  0x000001720eb57b98: ;   {oop(nullptr)}
  0x000001720eb57b98: 0000 48be | 0000 0000 | 0000 0000 | e92e 0000 

  0x000001720eb57ba8: ;   {metadata(method data for {method} {0x0000017223436c50} 'findBootstrapClassOrNull' '(Ljava/lang/String;)Ljava/lang/Class;' in 'java/lang/ClassLoader')}
  0x000001720eb57ba8: 0048 ba18 | 2430 6672 | 0100 0048 | 8382 4001 | 0000 0148 | 8b54 2458 | 0f1f 8000 

  0x000001720eb57bc4: ;   {static_call}
  0x000001720eb57bc4: 0000 00e8 

  0x000001720eb57bc8: ; ImmutableOopMap {[80]=Oop [88]=Oop [104]=Oop [112]=Oop [168]=Oop }
                      ;*invokestatic findBootstrapClass {reexecute=0 rethrow=0 return_oop=0}
                      ; - java.lang.ClassLoader::findBootstrapClassOrNull@10
                      ; - java.lang.ClassLoader::loadClass@47
  0x000001720eb57bc8: b471 3a07 

  0x000001720eb57bcc: ;   {other}
  0x000001720eb57bcc: 0f1f 8400 | 3c07 0005 | 488b f048 

  0x000001720eb57bd8: ;   {metadata(method data for {method} {0x0000017223014398} 'loadClass' '(Ljava/lang/String;Z)Ljava/lang/Class;' in 'java/lang/ClassLoader')}
  0x000001720eb57bd8: 8bc6 48be | b880 3166 | 7201 0000 | ff86 3002 | 0000 e91e | 0000 0049 | 8b87 f804 | 0000 4d33 
  0x000001720eb57bf8: d24d 8997 | f804 0000 | 4d33 d24d | 8997 0005 | 0000 488b | c648 85c0 

  0x000001720eb57c10: ;   {metadata(method data for {method} {0x0000017223014398} 'loadClass' '(Ljava/lang/String;Z)Ljava/lang/Class;' in 'java/lang/ClassLoader')}
  0x000001720eb57c10: 48be b880 | 3166 7201 | 0000 48c7 | c758 0200 | 0074 0748 | c7c7 4802 | 0000 488b | 1c3e 488d 
  0x000001720eb57c30: 5b01 4889 | 1c3e 0f84 | 0800 0000 | 488b f0e9 | 2003 0000 

  0x000001720eb57c44: ;   {metadata(method data for {method} {0x0000017223014398} 'loadClass' '(Ljava/lang/String;Z)Ljava/lang/Class;' in 'java/lang/ClassLoader')}
  0x000001720eb57c44: 48be b880 | 3166 7201 | 0000 4883 | 8668 0200 

  0x000001720eb57c54: ;   {runtime_call}
  0x000001720eb57c54: 0001 48b8 | 101b adcc | f97f 0000 

  0x000001720eb57c60: ;   {other}
  0x000001720eb57c60: ffd0 0f1f | 8400 0000 | 0000 488b 

  0x000001720eb57c6c: ;   {metadata(method data for {method} {0x0000017223014398} 'loadClass' '(Ljava/lang/String;Z)Ljava/lang/Class;' in 'java/lang/ClassLoader')}
  0x000001720eb57c6c: 5424 5049 | b8b8 8031 | 6672 0100 | 008b 5208 | 49ba 0000 | 0023 7201 | 0000 4903 | d249 3b90 
  0x000001720eb57c8c: 8802 0000 | 750d 4983 | 8090 0200 | 0001 e960 | 0000 0049 | 3b90 9802 | 0000 750d | 4983 80a0 
  0x000001720eb57cac: 0200 0001 | e94a 0000 | 0049 83b8 | 8802 0000 | 0075 1749 | 8990 8802 | 0000 49c7 | 8090 0200 
  0x000001720eb57ccc: 0001 0000 | 00e9 2900 | 0000 4983 | b898 0200 | 0000 7517 | 4989 9098 | 0200 0049 | c780 a002 
  0x000001720eb57cec: 0000 0100 | 0000 e908 | 0000 0049 | 8380 7802 | 0000 014c | 8b44 2458 | 488b 5424 | 5048 8984 
  0x000001720eb57d0c: 2480 0000 | 000f 1f40 | 0048 b8ff | ffff ffff 

  0x000001720eb57d1c: ;   {virtual_call}
  0x000001720eb57d1c: ffff ffe8 

  0x000001720eb57d20: ; ImmutableOopMap {[80]=Oop [104]=Oop [168]=Oop }
                      ;*invokevirtual findClass {reexecute=0 rethrow=0 return_oop=0}
                      ; - java.lang.ClassLoader::loadClass@69
  0x000001720eb57d20: 3c3c 3a07 

  0x000001720eb57d24: ;   {other}
  0x000001720eb57d24: 0f1f 8400 | 9408 0006 

  0x000001720eb57d2c: ;   {metadata(method data for {method} {0x0000017223014398} 'loadClass' '(Ljava/lang/String;Z)Ljava/lang/Class;' in 'java/lang/ClassLoader')}
  0x000001720eb57d2c: 49b8 b880 | 3166 7201 | 0000 4983 | 80b0 0200 

  0x000001720eb57d3c: ;   {metadata(method data for {method} {0x00000172231059c0} 'getParentDelegationTime' '()Ljdk/internal/perf/PerfCounter;' in 'jdk/internal/perf/PerfCounter')}
  0x000001720eb57d3c: 0001 49b8 | e884 3166 | 7201 0000 | 418b 90cc | 0000 0083 | c202 4189 | 90cc 0000 | 0081 e2fe 
  0x000001720eb57d5c: ff1f 0085 | d20f 845d 

  0x000001720eb57d64: ;   {oop(a 'jdk/internal/perf/PerfCounter'{0x00000000d6ff70c0})}
  0x000001720eb57d64: 0400 0048 | bac0 70ff | d600 0000 | 004c 8bc2 

  0x000001720eb57d74: ;   {metadata(method data for {method} {0x0000017223014398} 'loadClass' '(Ljava/lang/String;Z)Ljava/lang/Class;' in 'java/lang/ClassLoader')}
  0x000001720eb57d74: 48be b880 | 3166 7201 

  0x000001720eb57d7c: ;   {metadata('jdk/internal/perf/PerfCounter')}
  0x000001720eb57d7c: 0000 49ba | e04f 1023 | 7201 0000 | 4c89 96d0 | 0200 0048 | 8386 d802 | 0000 014c | 8b84 2480 
  0x000001720eb57d9c: 0000 0048 | 8b74 2478 

  0x000001720eb57da4: ;   {metadata(method data for {method} {0x00000172231057b0} 'addTime' '(J)V' in 'jdk/internal/perf/PerfCounter')}
  0x000001720eb57da4: 4c2b c648 | be10 8631 | 6672 0100 | 008b becc | 0000 0083 | c702 89be | cc00 0000 | 81e7 feff 
  0x000001720eb57dc4: 1f00 85ff | 0f84 1704 | 0000 488b 

  0x000001720eb57dd0: ;   {metadata(method data for {method} {0x00000172231057b0} 'addTime' '(J)V' in 'jdk/internal/perf/PerfCounter')}
  0x000001720eb57dd0: f248 bf10 | 8631 6672 

  0x000001720eb57dd8: ;   {metadata('jdk/internal/perf/PerfCounter')}
  0x000001720eb57dd8: 0100 0049 | bae0 4f10 | 2372 0100 | 004c 8997 | 2001 0000 | 4883 8728 | 0100 0001 | 4889 8424 
  0x000001720eb57df8: 8800 0000 

  0x000001720eb57dfc: ;   {optimized virtual_call}
  0x000001720eb57dfc: 6666 90e8 

  0x000001720eb57e00: ; ImmutableOopMap {[80]=Oop [104]=Oop [136]=Oop [168]=Oop }
                      ;*invokevirtual add {reexecute=0 rethrow=0 return_oop=0}
                      ; - jdk.internal.perf.PerfCounter::addTime@2
                      ; - java.lang.ClassLoader::loadClass@82
  0x000001720eb57e00: 7c0e feff 

  0x000001720eb57e04: ;   {other}
  0x000001720eb57e04: 0f1f 8400 | 7409 0007 

  0x000001720eb57e0c: ;   {metadata(method data for {method} {0x0000017223014398} 'loadClass' '(Ljava/lang/String;Z)Ljava/lang/Class;' in 'java/lang/ClassLoader')}
  0x000001720eb57e0c: 49b8 b880 | 3166 7201 | 0000 4983 | 80f8 0200 

  0x000001720eb57e1c: ;   {metadata(method data for {method} {0x0000017223105a18} 'getFindClassTime' '()Ljdk/internal/perf/PerfCounter;' in 'jdk/internal/perf/PerfCounter')}
  0x000001720eb57e1c: 0001 49b8 | a887 3166 | 7201 0000 | 418b 90cc | 0000 0083 | c202 4189 | 90cc 0000 | 0081 e2fe 
  0x000001720eb57e3c: ff1f 0085 | d20f 84bf 

  0x000001720eb57e44: ;   {oop(a 'jdk/internal/perf/PerfCounter'{0x00000000d6ff6fa0})}
  0x000001720eb57e44: 0300 0048 | baa0 6fff | d600 0000 | 004c 8bc2 

  0x000001720eb57e54: ;   {metadata(method data for {method} {0x0000017223014398} 'loadClass' '(Ljava/lang/String;Z)Ljava/lang/Class;' in 'java/lang/ClassLoader')}
  0x000001720eb57e54: 48be b880 | 3166 7201 

  0x000001720eb57e5c: ;   {metadata('jdk/internal/perf/PerfCounter')}
  0x000001720eb57e5c: 0000 49ba | e04f 1023 | 7201 0000 | 4c89 9618 | 0300 0048 | 8386 2003 | 0000 014c | 8b84 2480 
  0x000001720eb57e7c: ;   {optimized virtual_call}
  0x000001720eb57e7c: 0000 00e8 

  0x000001720eb57e80: ; ImmutableOopMap {[80]=Oop [104]=Oop [136]=Oop [168]=Oop }
                      ;*invokevirtual addElapsedTimeFrom {reexecute=0 rethrow=0 return_oop=0}
                      ; - java.lang.ClassLoader::loadClass@90
  0x000001720eb57e80: 0905 0000 

  0x000001720eb57e84: ;   {other}
  0x000001720eb57e84: 0f1f 8400 | f409 0008 

  0x000001720eb57e8c: ;   {metadata(method data for {method} {0x0000017223014398} 'loadClass' '(Ljava/lang/String;Z)Ljava/lang/Class;' in 'java/lang/ClassLoader')}
  0x000001720eb57e8c: 49b8 b880 | 3166 7201 | 0000 4983 | 8040 0300 

  0x000001720eb57e9c: ;   {metadata(method data for {method} {0x0000017223105a70} 'getFindClasses' '()Ljdk/internal/perf/PerfCounter;' in 'jdk/internal/perf/PerfCounter')}
  0x000001720eb57e9c: 0001 49b8 | 788a 3166 | 7201 0000 | 418b 90cc | 0000 0083 | c202 4189 | 90cc 0000 | 0081 e2fe 
  0x000001720eb57ebc: ff1f 0085 | d20f 8460 

  0x000001720eb57ec4: ;   {oop(a 'jdk/internal/perf/PerfCounter'{0x00000000d6ff7030})}
  0x000001720eb57ec4: 0300 0048 | ba30 70ff | d600 0000 | 004c 8bc2 

  0x000001720eb57ed4: ;   {metadata(method data for {method} {0x0000017223014398} 'loadClass' '(Ljava/lang/String;Z)Ljava/lang/Class;' in 'java/lang/ClassLoader')}
  0x000001720eb57ed4: 48be b880 | 3166 7201 

  0x000001720eb57edc: ;   {metadata('jdk/internal/perf/PerfCounter')}
  0x000001720eb57edc: 0000 49ba | e04f 1023 | 7201 0000 | 4c89 9660 | 0300 0048 | 8386 6803 

  0x000001720eb57ef4: ;   {metadata(method data for {method} {0x0000017223105860} 'increment' '()V' in 'jdk/internal/perf/PerfCounter')}
  0x000001720eb57ef4: 0000 0149 | b8a0 8b31 | 6672 0100 | 0041 8bb0 | cc00 0000 | 83c6 0241 | 89b0 cc00 | 0000 81e6 
  0x000001720eb57f14: feff 1f00 | 85f6 0f84 | 2803 0000 

  0x000001720eb57f20: ;   {metadata(method data for {method} {0x0000017223105860} 'increment' '()V' in 'jdk/internal/perf/PerfCounter')}
  0x000001720eb57f20: 4c8b c248 | bea0 8b31 | 6672 0100 

  0x000001720eb57f2c: ;   {metadata('jdk/internal/perf/PerfCounter')}
  0x000001720eb57f2c: 0049 bae0 | 4f10 2372 | 0100 004c | 8996 2001 | 0000 4883 | 8628 0100 | 0001 49c7 | c001 0000 
  0x000001720eb57f4c: ;   {optimized virtual_call}
  0x000001720eb57f4c: 0066 90e8 

  0x000001720eb57f50: ; ImmutableOopMap {[80]=Oop [104]=Oop [136]=Oop [168]=Oop }
                      ;*invokevirtual add {reexecute=0 rethrow=0 return_oop=0}
                      ; - jdk.internal.perf.PerfCounter::increment@2
                      ; - java.lang.ClassLoader::loadClass@96
  0x000001720eb57f50: 2c0d feff 

  0x000001720eb57f54: ;   {other}
  0x000001720eb57f54: 0f1f 8400 | c40a 0009 | 488b b424 | 8800 0000 | 448b 4c24 | 6045 85c9 

  0x000001720eb57f6c: ;   {metadata(method data for {method} {0x0000017223014398} 'loadClass' '(Ljava/lang/String;Z)Ljava/lang/Class;' in 'java/lang/ClassLoader')}
  0x000001720eb57f6c: 48b8 b880 | 3166 7201 | 0000 48c7 | c288 0300 | 0074 0748 | c7c2 9803 | 0000 488b | 3c10 488d 
  0x000001720eb57f8c: 7f01 4889 | 3c10 0f84 | 6d00 0000 | 488b 5424 

  0x000001720eb57f9c: ;   {metadata(method data for {method} {0x0000017223014398} 'loadClass' '(Ljava/lang/String;Z)Ljava/lang/Class;' in 'java/lang/ClassLoader')}
  0x000001720eb57f9c: 5048 b8b8 | 8031 6672 | 0100 0048 | 8380 a803 

  0x000001720eb57fac: ;   {metadata(method data for {method} {0x0000017223436bf8} 'resolveClass' '(Ljava/lang/Class;)V' in 'java/lang/ClassLoader')}
  0x000001720eb57fac: 0000 0148 | b8d0 7b2f | 6672 0100 | 008b 90cc | 0000 0083 | c202 8990 | cc00 0000 | 81e2 feff 
  0x000001720eb57fcc: 1f00 85d2 | 0f84 9302 | 0000 4885 

  0x000001720eb57fd8: ;   {metadata(method data for {method} {0x0000017223436bf8} 'resolveClass' '(Ljava/lang/Class;)V' in 'java/lang/ClassLoader')}
  0x000001720eb57fd8: f648 b8d0 | 7b2f 6672 | 0100 0048 | c7c2 2001 | 0000 7407 | 48c7 c210 | 0100 0048 | 8b3c 1048 
  0x000001720eb57ff8: 8d7f 0148 | 893c 100f | 8443 0000 | 0048 8d84 | 24a0 0000 | 0048 8b10 | 4885 d20f | 840f 0000 
  0x000001720eb58018: 0048 8b78 | 08f0 480f | b117 0f85 | 6202 0000 | 49ff 8f48 | 0500 0048 | 8bc6 4881 | c4c0 0000 
  0x000001720eb58038: ;   {poll_return}
  0x000001720eb58038: 005d 493b | a748 0400 | 000f 8759 | 0200 00c3 | 4889 b424 | 9800 0000 

  0x000001720eb58050: ;   {no_reloc}
  0x000001720eb58050: e970 0200 | 0000 0000 | 0000 498b | 87b8 0100 | 0048 8d78 | 3049 3bbf | c801 0000 | 0f87 5d02 
  0x000001720eb58070: 0000 4989 | bfb8 0100 | 0048 c700 | 0100 0000 | 488b ca49 | ba00 0000 | 2372 0100 | 0049 2bca 
  0x000001720eb58090: 8948 0848 | 33c9 8948 | 0c48 33c9 | 4889 4810 | 4889 4818 | 4889 4820 | 4889 4828 

  0x000001720eb580ac: ;   {metadata(method data for {method} {0x0000017223436bf8} 'resolveClass' '(Ljava/lang/Class;)V' in 'java/lang/ClassLoader')}
  0x000001720eb580ac: 488b d048 | bed0 7b2f | 6672 0100 | 0048 8386 | 3001 0000 | 0148 8bd0 | 4889 8424 | 9000 0000 
  0x000001720eb580cc: ;   {optimized virtual_call}
  0x000001720eb580cc: 6666 90e8 

  0x000001720eb580d0: ; ImmutableOopMap {[104]=Oop [144]=Oop [152]=Oop [168]=Oop }
                      ;*invokespecial <init> {reexecute=0 rethrow=0 return_oop=0}
                      ; - java.lang.ClassLoader::resolveClass@8
                      ; - java.lang.ClassLoader::loadClass@106
  0x000001720eb580d0: ac66 3a07 

  0x000001720eb580d4: ;   {other}
  0x000001720eb580d4: 0f1f 8400 | 440c 000a | 488b 8424 

  0x000001720eb580e0: ; ImmutableOopMap {rax=Oop [104]=Oop [152]=Oop [168]=Oop }
                      ;*athrow {reexecute=1 rethrow=0 return_oop=0}
                      ; - (reexecute) java.lang.ClassLoader::resolveClass@11
                      ; - java.lang.ClassLoader::loadClass@106
  0x000001720eb580e0: 9000 0000 

  0x000001720eb580e4: ;   {section_word}
  0x000001720eb580e4: 48ba e480 | b50e 7201 

  0x000001720eb580ec: ;   {runtime_call handle_exception_nofpu Runtime1 stub}
  0x000001720eb580ec: 0000 e80d | 6945 0790 | 498b 87f8 | 0400 004d | 33d2 4d89 | 97f8 0400 | 004d 33d2 | 4d89 9700 
  0x000001720eb5810c: 0500 0048 | 8bf0 488d | 8424 a000 | 0000 488b | 3848 85ff | 0f84 0f00 | 0000 488b | 5808 f048 
  0x000001720eb5812c: 0fb1 3b0f | 85a7 0100 | 0049 ff8f | 4805 0000 | 488b c6e9 | f301 0000 

  0x000001720eb58144: ;   {metadata({method} {0x0000017223014398} 'loadClass' '(Ljava/lang/String;Z)Ljava/lang/Class;' in 'java/lang/ClassLoader')}
  0x000001720eb58144: 49ba 9043 | 0123 7201 | 0000 4c89 | 5424 0848 | c704 24ff 

  0x000001720eb58158: ;   {runtime_call counter_overflow Runtime1 stub}
  0x000001720eb58158: ffff ffe8 

  0x000001720eb5815c: ; ImmutableOopMap {rdx=Oop r8=Oop [80]=Oop [88]=Oop }
                      ;*synchronization entry
                      ; - java.lang.ClassLoader::loadClass@-1
  0x000001720eb5815c: a0a1 4507 | e96b f6ff 

  0x000001720eb58164: ;   {runtime_call throw_null_pointer_exception Runtime1 stub}
  0x000001720eb58164: ffe8 9650 

  0x000001720eb58168: ; ImmutableOopMap {rsi=Oop [80]=Oop [88]=Oop [104]=Oop }
                      ;*monitorenter {reexecute=0 rethrow=0 return_oop=0}
                      ; - java.lang.ClassLoader::loadClass@7
  0x000001720eb58168: 4507 4889 | 7424 0848 

  0x000001720eb58170: ;   {runtime_call monitorenter_nofpu Runtime1 stub}
  0x000001720eb58170: 8914 24e8 

  0x000001720eb58174: ; ImmutableOopMap {rsi=Oop [80]=Oop [88]=Oop [104]=Oop [168]=Oop }
                      ;*monitorenter {reexecute=0 rethrow=0 return_oop=0}
                      ; - java.lang.ClassLoader::loadClass@7
  0x000001720eb58174: 8880 4507 | e949 f7ff 

  0x000001720eb5817c: ;   {metadata({method} {0x0000017223436ca8} 'findLoadedClass' '(Ljava/lang/String;)Ljava/lang/Class;' in 'java/lang/ClassLoader')}
  0x000001720eb5817c: ff49 baa0 | 6c43 2372 | 0100 004c | 8954 2408 | 48c7 0424 | ffff ffff 

  0x000001720eb58194: ;   {runtime_call counter_overflow Runtime1 stub}
  0x000001720eb58194: e867 a145 

  0x000001720eb58198: ; ImmutableOopMap {[80]=Oop [88]=Oop [104]=Oop [168]=Oop }
                      ;*synchronization entry
                      ; - java.lang.ClassLoader::findLoadedClass@-1
                      ; - java.lang.ClassLoader::loadClass@10
  0x000001720eb58198: 07e9 66f7 

  0x000001720eb5819c: ;   {runtime_call throw_null_pointer_exception Runtime1 stub}
  0x000001720eb5819c: ffff e85d 

  0x000001720eb581a0: ; ImmutableOopMap {rsi=Oop [80]=Oop [88]=Oop [104]=Oop [112]=Oop [168]=Oop }
                      ;*invokevirtual loadClass {reexecute=0 rethrow=0 return_oop=0}
                      ; - java.lang.ClassLoader::loadClass@38
                      ;   {metadata({method} {0x0000017223436c50} 'findBootstrapClassOrNull' '(Ljava/lang/String;)Ljava/lang/Class;' in 'java/lang/ClassLoader')}
  0x000001720eb581a0: 5045 0749 | ba48 6c43 | 2372 0100 | 004c 8954 | 2408 48c7 | 0424 ffff 

  0x000001720eb581b8: ;   {runtime_call counter_overflow Runtime1 stub}
  0x000001720eb581b8: ffff e841 

  0x000001720eb581bc: ; ImmutableOopMap {[80]=Oop [88]=Oop [104]=Oop [112]=Oop [168]=Oop }
                      ;*synchronization entry
                      ; - java.lang.ClassLoader::findBootstrapClassOrNull@-1
                      ; - java.lang.ClassLoader::loadClass@47
  0x000001720eb581bc: a145 07e9 | 7ef9 ffff 

  0x000001720eb581c4: ;   {metadata({method} {0x00000172231059c0} 'getParentDelegationTime' '()Ljdk/internal/perf/PerfCounter;' in 'jdk/internal/perf/PerfCounter')}
  0x000001720eb581c4: 49ba b859 | 1023 7201 | 0000 4c89 | 5424 0848 | c704 24ff 

  0x000001720eb581d8: ;   {runtime_call counter_overflow Runtime1 stub}
  0x000001720eb581d8: ffff ffe8 

  0x000001720eb581dc: ; ImmutableOopMap {rax=Oop [80]=Oop [104]=Oop [168]=Oop }
                      ;*synchronization entry
                      ; - jdk.internal.perf.PerfCounter::getParentDelegationTime@-1
                      ; - java.lang.ClassLoader::loadClass@74
  0x000001720eb581dc: 20a1 4507 | e982 fbff 

  0x000001720eb581e4: ;   {metadata({method} {0x00000172231057b0} 'addTime' '(J)V' in 'jdk/internal/perf/PerfCounter')}
  0x000001720eb581e4: ff49 baa8 | 5710 2372 | 0100 004c | 8954 2408 | 48c7 0424 | ffff ffff 

  0x000001720eb581fc: ;   {runtime_call counter_overflow Runtime1 stub}
  0x000001720eb581fc: e8ff a045 

  0x000001720eb58200: ; ImmutableOopMap {rax=Oop rdx=Oop [80]=Oop [104]=Oop [168]=Oop }
                      ;*synchronization entry
                      ; - jdk.internal.perf.PerfCounter::addTime@-1
                      ; - java.lang.ClassLoader::loadClass@82
  0x000001720eb58200: 07e9 c8fb 

  0x000001720eb58204: ;   {metadata({method} {0x0000017223105a18} 'getFindClassTime' '()Ljdk/internal/perf/PerfCounter;' in 'jdk/internal/perf/PerfCounter')}
  0x000001720eb58204: ffff 49ba | 105a 1023 | 7201 0000 | 4c89 5424 | 0848 c704 | 24ff ffff 

  0x000001720eb5821c: ;   {runtime_call counter_overflow Runtime1 stub}
  0x000001720eb5821c: ffe8 dea0 

  0x000001720eb58220: ; ImmutableOopMap {[80]=Oop [104]=Oop [136]=Oop [168]=Oop }
                      ;*synchronization entry
                      ; - jdk.internal.perf.PerfCounter::getFindClassTime@-1
                      ; - java.lang.ClassLoader::loadClass@85
  0x000001720eb58220: 4507 e920 

  0x000001720eb58224: ;   {metadata({method} {0x0000017223105a70} 'getFindClasses' '()Ljdk/internal/perf/PerfCounter;' in 'jdk/internal/perf/PerfCounter')}
  0x000001720eb58224: fcff ff49 | ba68 5a10 | 2372 0100 | 004c 8954 | 2408 48c7 | 0424 ffff 

  0x000001720eb5823c: ;   {runtime_call counter_overflow Runtime1 stub}
  0x000001720eb5823c: ffff e8bd 

  0x000001720eb58240: ; ImmutableOopMap {[80]=Oop [104]=Oop [136]=Oop [168]=Oop }
                      ;*synchronization entry
                      ; - jdk.internal.perf.PerfCounter::getFindClasses@-1
                      ; - java.lang.ClassLoader::loadClass@93
  0x000001720eb58240: a045 07e9 | 7ffc ffff 

  0x000001720eb58248: ;   {metadata({method} {0x0000017223105860} 'increment' '()V' in 'jdk/internal/perf/PerfCounter')}
  0x000001720eb58248: 49ba 5858 | 1023 7201 | 0000 4c89 | 5424 0848 | c704 24ff 

  0x000001720eb5825c: ;   {runtime_call counter_overflow Runtime1 stub}
  0x000001720eb5825c: ffff ffe8 

  0x000001720eb58260: ; ImmutableOopMap {rdx=Oop [80]=Oop [104]=Oop [136]=Oop [168]=Oop }
                      ;*synchronization entry
                      ; - jdk.internal.perf.PerfCounter::increment@-1
                      ; - java.lang.ClassLoader::loadClass@96
  0x000001720eb58260: 9ca0 4507 | e9b7 fcff 

  0x000001720eb58268: ;   {metadata({method} {0x0000017223436bf8} 'resolveClass' '(Ljava/lang/Class;)V' in 'java/lang/ClassLoader')}
  0x000001720eb58268: ff49 baf0 | 6b43 2372 | 0100 004c | 8954 2408 | 48c7 0424 | ffff ffff 

  0x000001720eb58280: ;   {runtime_call counter_overflow Runtime1 stub}
  0x000001720eb58280: e87b a045 

  0x000001720eb58284: ; ImmutableOopMap {rsi=Oop [104]=Oop [168]=Oop }
                      ;*synchronization entry
                      ; - java.lang.ClassLoader::resolveClass@-1
                      ; - java.lang.ClassLoader::loadClass@106
  0x000001720eb58284: 07e9 4cfd | ffff 488d | 8424 a000 | 0000 4889 

  0x000001720eb58294: ;   {runtime_call monitorexit_nofpu Runtime1 stub}
  0x000001720eb58294: 0424 e865 | 8545 07e9 | 8ffd ffff 

  0x000001720eb582a0: ;   {internal_word}
  0x000001720eb582a0: 49ba 3a80 | b50e 7201 | 0000 4d89 | 9760 0400 

  0x000001720eb582b0: ;   {runtime_call SafepointBlob}
  0x000001720eb582b0: 00e9 4ac8 

  0x000001720eb582b4: ;   {metadata(nullptr)}
  0x000001720eb582b4: 3a07 48ba | 0000 0000 | 0000 0000 | b800 0f05 

  0x000001720eb582c4: ;   {runtime_call load_klass_patching Runtime1 stub}
  0x000001720eb582c4: 0ae8 b68f 

  0x000001720eb582c8: ; ImmutableOopMap {[104]=Oop [152]=Oop [168]=Oop }
                      ;*new {reexecute=1 rethrow=0 return_oop=0}
                      ; - (reexecute) java.lang.ClassLoader::resolveClass@4
                      ; - java.lang.ClassLoader::loadClass@106
  0x000001720eb582c8: 4507 e981 | fdff ff48 

  0x000001720eb582d0: ;   {runtime_call fast_new_instance Runtime1 stub}
  0x000001720eb582d0: 8bd2 e829 

  0x000001720eb582d4: ; ImmutableOopMap {[104]=Oop [152]=Oop [168]=Oop }
                      ;*new {reexecute=0 rethrow=0 return_oop=0}
                      ; - java.lang.ClassLoader::resolveClass@4
                      ; - java.lang.ClassLoader::loadClass@106
  0x000001720eb582d4: 5845 07e9 | d0fd ffff | 488d 8424 | a000 0000 | 4889 0424 

  0x000001720eb582e8: ;   {runtime_call monitorexit_nofpu Runtime1 stub}
  0x000001720eb582e8: e813 8545 | 07e9 4afe | ffff 488b | 7424 70e9 | f3f8 ffff | 488b 7424 | 70e9 e9f8 | ffff 488b 
  0x000001720eb58308: 7424 70e9 | dff8 ffff | 488b 7424 | 70e9 d5f8 | ffff 498b | 87f8 0400 | 0049 c787 | f804 0000 
  0x000001720eb58328: 0000 0000 | 49c7 8700 | 0500 0000 | 0000 0048 | 81c4 c000 

  0x000001720eb5833c: ;   {runtime_call unwind_exception Runtime1 stub}
  0x000001720eb5833c: 0000 5de9 | bc3f 4507 | f4f4 f4f4 
[Stub Code]
  0x000001720eb58348: ;   {no_reloc}
  0x000001720eb58348: 0f1f 4400 

  0x000001720eb5834c: ;   {static_stub}
  0x000001720eb5834c: 0048 bb00 | 0000 0000 

  0x000001720eb58354: ;   {runtime_call nmethod}
  0x000001720eb58354: 0000 00e9 | fbff ffff 

  0x000001720eb5835c: ;   {static_stub}
  0x000001720eb5835c: 9048 bb00 | 0000 0000 

  0x000001720eb58364: ;   {runtime_call nmethod}
  0x000001720eb58364: 0000 00e9 | fbff ffff 

  0x000001720eb5836c: ;   {static_stub}
  0x000001720eb5836c: 9048 bb00 | 0000 0000 

  0x000001720eb58374: ;   {runtime_call nmethod}
  0x000001720eb58374: 0000 00e9 | fbff ffff 

  0x000001720eb5837c: ;   {static_stub}
  0x000001720eb5837c: 9048 bb00 | 0000 0000 

  0x000001720eb58384: ;   {runtime_call nmethod}
  0x000001720eb58384: 0000 00e9 | fbff ffff 

  0x000001720eb5838c: ;   {static_stub}
  0x000001720eb5838c: 9048 bb00 | 5810 2372 

  0x000001720eb58394: ;   {runtime_call I2C/C2I adapters}
  0x000001720eb58394: 0100 00e9 | 4bd0 3a07 

  0x000001720eb5839c: ;   {static_stub}
  0x000001720eb5839c: 9048 bb00 | 0000 0000 

  0x000001720eb583a4: ;   {runtime_call nmethod}
  0x000001720eb583a4: 0000 00e9 | fbff ffff 

  0x000001720eb583ac: ;   {static_stub}
  0x000001720eb583ac: 48bb 0000 | 0000 0000 

  0x000001720eb583b4: ;   {runtime_call nmethod}
  0x000001720eb583b4: 0000 e9fb 

  0x000001720eb583b8: ;   {static_stub}
  0x000001720eb583b8: ffff ff48 | bb00 0000 | 0000 0000 

  0x000001720eb583c4: ;   {runtime_call nmethod}
  0x000001720eb583c4: 00e9 fbff 

  0x000001720eb583c8: ;   {static_stub}
  0x000001720eb583c8: ffff 48bb | 0000 0000 | 0000 0000 

  0x000001720eb583d4: ;   {runtime_call nmethod}
  0x000001720eb583d4: e9fb ffff 

  0x000001720eb583d8: ;   {static_stub}
  0x000001720eb583d8: ff48 bb00 | 0000 0000 

  0x000001720eb583e0: ;   {runtime_call nmethod}
  0x000001720eb583e0: 0000 00e9 | fbff ffff 
[Exception Handler]
  0x000001720eb583e8: ;   {runtime_call handle_exception_from_callee Runtime1 stub}
  0x000001720eb583e8: e813 6c45 

  0x000001720eb583ec: ;   {external_word}
  0x000001720eb583ec: 0748 b920 | 53e0 ccf9 | 7f00 0048 

  0x000001720eb583f8: ;   {runtime_call}
  0x000001720eb583f8: 83e4 f048 | b890 b7a2 | ccf9 7f00 | 00ff d0f4 
[Deopt Handler Code]
  0x000001720eb58408: ;   {section_word}
  0x000001720eb58408: 49ba 0884 | b50e 7201 | 0000 4152 

  0x000001720eb58414: ;   {runtime_call DeoptimizationBlob}
  0x000001720eb58414: e987 b93a | 07f4 f4f4 | f4f4 f4f4 
[/MachCode]


---------------  P R O C E S S  ---------------

Threads class SMR info:
_java_thread_list=0x00000172648a5d30, length=12, elements={
0x000001720b77d010, 0x000001720b72e860, 0x000001720b821dc0, 0x000001720b824580,
0x000001720b8251d0, 0x000001720b827d30, 0x000001720b82a790, 0x000001720b82b5c0,
0x000001720b83bed0, 0x000001726475e390, 0x00000172647b94d0, 0x00000172648a50d0
}

Java Threads: ( => current thread )
=>0x000001720b77d010 JavaThread "main"                              [_thread_in_vm, id=4068, stack(0x0000002885000000,0x0000002885100000) (1024K)]
  0x000001720b72e860 JavaThread "Reference Handler"          daemon [_thread_blocked, id=12224, stack(0x0000002885500000,0x0000002885600000) (1024K)]
  0x000001720b821dc0 JavaThread "Finalizer"                  daemon [_thread_blocked, id=27316, stack(0x0000002885600000,0x0000002885700000) (1024K)]
  0x000001720b824580 JavaThread "Signal Dispatcher"          daemon [_thread_blocked, id=7248, stack(0x0000002885700000,0x0000002885800000) (1024K)]
  0x000001720b8251d0 JavaThread "Attach Listener"            daemon [_thread_blocked, id=16192, stack(0x0000002885800000,0x0000002885900000) (1024K)]
  0x000001720b827d30 JavaThread "Service Thread"             daemon [_thread_blocked, id=4604, stack(0x0000002885900000,0x0000002885a00000) (1024K)]
  0x000001720b82a790 JavaThread "Monitor Deflation Thread"   daemon [_thread_blocked, id=15240, stack(0x0000002885a00000,0x0000002885b00000) (1024K)]
  0x000001720b82b5c0 JavaThread "C2 CompilerThread0"         daemon [_thread_blocked, id=8712, stack(0x0000002885b00000,0x0000002885c00000) (1024K)]
  0x000001720b83bed0 JavaThread "C1 CompilerThread0"         daemon [_thread_blocked, id=14376, stack(0x0000002885c00000,0x0000002885d00000) (1024K)]
  0x000001726475e390 JavaThread "C2 CompilerThread1"         daemon [_thread_blocked, id=14996, stack(0x0000002885d00000,0x0000002885e00000) (1024K)]
  0x00000172647b94d0 JavaThread "Common-Cleaner"             daemon [_thread_blocked, id=13012, stack(0x0000002885e00000,0x0000002885f00000) (1024K)]
  0x00000172648a50d0 JavaThread "Notification Thread"        daemon [_thread_blocked, id=20364, stack(0x0000002885f00000,0x0000002886000000) (1024K)]
Total: 12

Other Threads:
  0x000001720b81ea80 VMThread "VM Thread"                           [id=9212, stack(0x0000002885400000,0x0000002885500000) (1024K)]
  0x000001720b60ca10 WatcherThread "VM Periodic Task Thread"        [id=15520, stack(0x0000002885300000,0x0000002885400000) (1024K)]
  0x000001720b79b270 WorkerThread "GC Thread#0"                     [id=18140, stack(0x0000002885200000,0x0000002885300000) (1024K)]
  0x00000172648f2590 WorkerThread "GC Thread#1"                     [id=26988, stack(0x0000002886000000,0x0000002886100000) (1024K)]
  0x00000172658a3ef0 WorkerThread "GC Thread#2"                     [id=9856, stack(0x0000002886100000,0x0000002886200000) (1024K)]
  0x00000172658a4290 WorkerThread "GC Thread#3"                     [id=12536, stack(0x0000002886200000,0x0000002886300000) (1024K)]
  0x00000172659bf840 WorkerThread "GC Thread#4"                     [id=21196, stack(0x0000002886300000,0x0000002886400000) (1024K)]
  0x00000172659bfbe0 WorkerThread "GC Thread#5"                     [id=21240, stack(0x0000002886400000,0x0000002886500000) (1024K)]
  0x00000172659bff80 WorkerThread "GC Thread#6"                     [id=22048, stack(0x0000002886500000,0x0000002886600000) (1024K)]
Total: 9

Threads with active compile tasks:
Total: 0

VM state: not at safepoint (normal execution)

VM Mutex/Monitor currently owned by a thread:  ([mutex/lock_event])
[0x00007ff9cd0bb4f0] Metaspace_lock - owner thread: 0x000001720b77d010

Heap address: 0x0000000080000000, size: 2048 MB, Compressed Oops mode: 32-bit

CDS archive(s) mapped at: [0x0000017223000000-0x0000017223ba0000-0x0000017223ba0000), size 12189696, SharedBaseAddress: 0x0000017223000000, ArchiveRelocationMode: 1.
Compressed class space mapped at: 0x0000017224000000-0x0000017264000000, reserved size: 1073741824
Narrow klass base: 0x0000017223000000, Narrow klass shift: 0, Narrow klass range: 0x100000000

GC Precious Log:
 CardTable entry size: 512
 CPUs: 12 total, 12 available
 Memory: 7518M
 Large Page Support: Disabled
 NUMA Support: Disabled
 Compressed Oops: Enabled (32-bit)
 Alignments: Space 512K, Generation 512K, Heap 2M
 Heap Min Capacity: 100M
 Heap Initial Capacity: 100M
 Heap Max Capacity: 2G
 Pre-touch: Disabled
 Parallel Workers: 10

Heap:
 PSYoungGen      total 29696K, used 7272K [0x00000000d5580000, 0x00000000d7680000, 0x0000000100000000)
  eden space 25600K, 15% used [0x00000000d5580000,0x00000000d59601d0,0x00000000d6e80000)
  from space 4096K, 80% used [0x00000000d6e80000,0x00000000d71b9e98,0x00000000d7280000)
  to   space 4096K, 0% used [0x00000000d7280000,0x00000000d7280000,0x00000000d7680000)
 ParOldGen       total 68608K, used 16K [0x0000000080000000, 0x0000000084300000, 0x00000000d5580000)
  object space 68608K, 0% used [0x0000000080000000,0x0000000080004000,0x0000000084300000)
 Metaspace       used 5267K, committed 5440K, reserved 1114112K
  class space    used 563K, committed 640K, reserved 1048576K

Card table byte_map: [0x000001720b120000,0x000001720b530000] _byte_map_base: 0x000001720ad20000

Marking Bits: (ParMarkBitMap*) 0x00007ff9cd0c2460
 Begin Bits: [0x000001721dc30000, 0x000001721fc30000)
 End Bits:   [0x000001721fc30000, 0x0000017221c30000)

Polling page: 0x00000172095b0000

Metaspace:

Usage:
  Non-class:      4.59 MB used.
      Class:    563.88 KB used.
       Both:      5.14 MB used.

Virtual space:
  Non-class space:       64.00 MB reserved,       4.69 MB (  7%) committed,  1 nodes.
      Class space:        1.00 GB reserved,     640.00 KB ( <1%) committed,  1 nodes.
             Both:        1.06 GB reserved,       5.31 MB ( <1%) committed. 

Chunk freelists:
   Non-Class:  10.56 MB
       Class:  15.36 MB
        Both:  25.92 MB

MaxMetaspaceSize: unlimited
CompressedClassSpaceSize: 1.00 GB
Initial GC threshold: 21.00 MB
Current GC threshold: 21.00 MB
CDS: on
 - commit_granule_bytes: 65536.
 - commit_granule_words: 8192.
 - virtual_space_node_default_size: 8388608.
 - enlarge_chunks_in_place: 1.
 - use_allocation_guard: 0.


Internal statistics:

num_allocs_failed_limit: 0.
num_arena_births: 188.
num_arena_deaths: 0.
num_vsnodes_births: 2.
num_vsnodes_deaths: 0.
num_space_committed: 85.
num_space_uncommitted: 0.
num_chunks_returned_to_freelist: 0.
num_chunks_taken_from_freelist: 285.
num_chunk_merges: 0.
num_chunk_splits: 181.
num_chunks_enlarged: 110.
num_inconsistent_stats: 0.

CodeHeap 'non-profiled nmethods': size=120000Kb used=480Kb max_used=480Kb free=119520Kb
 bounds [0x0000017216450000, 0x00000172166c0000, 0x000001721d980000]
CodeHeap 'profiled nmethods': size=120000Kb used=1961Kb max_used=1961Kb free=118038Kb
 bounds [0x000001720e980000, 0x000001720ebf0000, 0x0000017215eb0000]
CodeHeap 'non-nmethods': size=5760Kb used=1200Kb max_used=1219Kb free=4559Kb
 bounds [0x0000017215eb0000, 0x0000017216120000, 0x0000017216450000]
CodeCache: size=245760Kb, used=3641Kb, max_used=3660Kb, free=242117Kb
 total_blobs=1665, nmethods=1202, adapters=370, full_count=0
Compilation: enabled, stopped_count=0, restarted_count=0

Compilation events (20 events):
Event: 1.419 Thread 0x000001720b83bed0 nmethod 1192 0x000001720eb63310 code [0x000001720eb634c0, 0x000001720eb636a0]
Event: 1.456 Thread 0x000001720b83bed0 1193   !   3       jdk.internal.loader.URLClassPath$JarLoader::getResource (40 bytes)
Event: 1.456 Thread 0x000001720b83bed0 nmethod 1193 0x000001720eb63790 code [0x000001720eb639a0, 0x000001720eb63f30]
Event: 1.457 Thread 0x000001720b83bed0 1194       3       java.lang.ref.PhantomReference::<init> (7 bytes)
Event: 1.458 Thread 0x000001720b83bed0 nmethod 1194 0x000001720eb64110 code [0x000001720eb642c0, 0x000001720eb64510]
Event: 1.458 Thread 0x000001720b83bed0 1195       3       java.lang.String::valueOf (15 bytes)
Event: 1.459 Thread 0x000001720b83bed0 nmethod 1195 0x000001720eb64610 code [0x000001720eb647c0, 0x000001720eb649c8]
Event: 1.461 Thread 0x000001720b83bed0 1197       3       jdk.internal.ref.PhantomCleanable::<init> (49 bytes)
Event: 1.461 Thread 0x000001720b83bed0 nmethod 1197 0x000001720eb64a90 code [0x000001720eb64ce0, 0x000001720eb656b0]
Event: 1.461 Thread 0x000001720b83bed0 1198   !   3       jdk.internal.ref.PhantomCleanable::insert (53 bytes)
Event: 1.462 Thread 0x000001720b83bed0 nmethod 1198 0x000001720eb65a10 code [0x000001720eb65bc0, 0x000001720eb65e30]
Event: 1.462 Thread 0x000001720b83bed0 1199       3       jdk.internal.ref.CleanerFactory::cleaner (4 bytes)
Event: 1.462 Thread 0x000001720b83bed0 nmethod 1199 0x000001720eb65f90 code [0x000001720eb66120, 0x000001720eb66218]
Event: 1.463 Thread 0x000001720b83bed0 1200       3       java.net.URL::getDefaultPort (8 bytes)
Event: 1.463 Thread 0x000001720b83bed0 nmethod 1200 0x000001720eb66290 code [0x000001720eb66440, 0x000001720eb66630]
Event: 1.464 Thread 0x000001720b83bed0 1201       3       java.io.FilterInputStream::<init> (10 bytes)
Event: 1.464 Thread 0x000001720b83bed0 nmethod 1201 0x000001720eb66710 code [0x000001720eb668c0, 0x000001720eb66aa8]
Event: 1.464 Thread 0x000001720b83bed0 1202       3       jdk.internal.loader.ClassLoaders$BootClassLoader::loadClassOrNull (10 bytes)
Event: 1.465 Thread 0x000001720b83bed0 nmethod 1202 0x000001720eb66b90 code [0x000001720eb66d60, 0x000001720eb66ff0]
Event: 1.465 Thread 0x000001720b83bed0 1203   !   3       java.util.concurrent.ConcurrentHashMap::computeIfAbsent (576 bytes)

GC Heap History (2 events):
Event: 1.283 GC heap before
{Heap before GC invocations=1 (full 0):
 PSYoungGen      total 29696K, used 25600K [0x00000000d5580000, 0x00000000d7680000, 0x0000000100000000)
  eden space 25600K, 100% used [0x00000000d5580000,0x00000000d6e80000,0x00000000d6e80000)
  from space 4096K, 0% used [0x00000000d7280000,0x00000000d7280000,0x00000000d7680000)
  to   space 4096K, 0% used [0x00000000d6e80000,0x00000000d6e80000,0x00000000d7280000)
 ParOldGen       total 68608K, used 0K [0x0000000080000000, 0x0000000084300000, 0x00000000d5580000)
  object space 68608K, 0% used [0x0000000080000000,0x0000000080000000,0x0000000084300000)
 Metaspace       used 4349K, committed 4608K, reserved 1114112K
  class space    used 473K, committed 576K, reserved 1048576K
}
Event: 1.294 GC heap after
{Heap after GC invocations=1 (full 0):
 PSYoungGen      total 29696K, used 3303K [0x00000000d5580000, 0x00000000d7680000, 0x0000000100000000)
  eden space 25600K, 0% used [0x00000000d5580000,0x00000000d5580000,0x00000000d6e80000)
  from space 4096K, 80% used [0x00000000d6e80000,0x00000000d71b9e98,0x00000000d7280000)
  to   space 4096K, 0% used [0x00000000d7280000,0x00000000d7280000,0x00000000d7680000)
 ParOldGen       total 68608K, used 16K [0x0000000080000000, 0x0000000084300000, 0x00000000d5580000)
  object space 68608K, 0% used [0x0000000080000000,0x0000000080004000,0x0000000084300000)
 Metaspace       used 4349K, committed 4608K, reserved 1114112K
  class space    used 473K, committed 576K, reserved 1048576K
}

Dll operation events (8 events):
Event: 0.081 Loaded shared library c:\Users\shash\.vscode\extensions\redhat.java-1.50.0-win32-x64\jre\21.0.9-win32-x86_64\bin\java.dll
Event: 0.237 Loaded shared library c:\Users\shash\.vscode\extensions\redhat.java-1.50.0-win32-x64\jre\21.0.9-win32-x86_64\bin\zip.dll
Event: 0.278 Loaded shared library C:\Users\shash\.vscode\extensions\redhat.java-1.50.0-win32-x64\jre\21.0.9-win32-x86_64\bin\instrument.dll
Event: 0.301 Loaded shared library C:\Users\shash\.vscode\extensions\redhat.java-1.50.0-win32-x64\jre\21.0.9-win32-x86_64\bin\net.dll
Event: 0.307 Loaded shared library C:\Users\shash\.vscode\extensions\redhat.java-1.50.0-win32-x64\jre\21.0.9-win32-x86_64\bin\nio.dll
Event: 0.315 Loaded shared library C:\Users\shash\.vscode\extensions\redhat.java-1.50.0-win32-x64\jre\21.0.9-win32-x86_64\bin\zip.dll
Event: 0.352 Loaded shared library C:\Users\shash\.vscode\extensions\redhat.java-1.50.0-win32-x64\jre\21.0.9-win32-x86_64\bin\jimage.dll
Event: 0.485 Loaded shared library c:\Users\shash\.vscode\extensions\redhat.java-1.50.0-win32-x64\jre\21.0.9-win32-x86_64\bin\verify.dll

Deoptimization events (20 events):
Event: 1.350 Thread 0x000001720b77d010 Uncommon trap: trap_request=0xffffffde fr.pc=0x00000172164a6f10 relative=0x0000000000000570
Event: 1.350 Thread 0x000001720b77d010 Uncommon trap: reason=class_check action=maybe_recompile pc=0x00000172164a6f10 method=java.util.Collections$UnmodifiableCollection$1.<init>(Ljava/util/Collections$UnmodifiableCollection;)V @ 17 c2
Event: 1.350 Thread 0x000001720b77d010 DEOPT PACKING pc=0x00000172164a6f10 sp=0x00000028850fea20
Event: 1.350 Thread 0x000001720b77d010 DEOPT UNPACKING pc=0x0000017215f03aa2 sp=0x00000028850fe968 mode 2
Event: 1.350 Thread 0x000001720b77d010 Uncommon trap: trap_request=0xffffff45 fr.pc=0x00000172164b4b38 relative=0x0000000000000278
Event: 1.350 Thread 0x000001720b77d010 Uncommon trap: reason=unstable_if action=reinterpret pc=0x00000172164b4b38 method=java.util.HashMap.hash(Ljava/lang/Object;)I @ 1 c2
Event: 1.350 Thread 0x000001720b77d010 DEOPT PACKING pc=0x00000172164b4b38 sp=0x00000028850fe9d0
Event: 1.350 Thread 0x000001720b77d010 DEOPT UNPACKING pc=0x0000017215f03aa2 sp=0x00000028850fe868 mode 2
Event: 1.355 Thread 0x000001720b77d010 Uncommon trap: trap_request=0xffffff45 fr.pc=0x00000172164b7a3c relative=0x000000000000027c
Event: 1.355 Thread 0x000001720b77d010 Uncommon trap: reason=unstable_if action=reinterpret pc=0x00000172164b7a3c method=java.util.HashMap.hash(Ljava/lang/Object;)I @ 1 c2
Event: 1.355 Thread 0x000001720b77d010 DEOPT PACKING pc=0x00000172164b7a3c sp=0x00000028850fe940
Event: 1.355 Thread 0x000001720b77d010 DEOPT UNPACKING pc=0x0000017215f03aa2 sp=0x00000028850fe848 mode 2
Event: 1.355 Thread 0x000001720b77d010 Uncommon trap: trap_request=0xffffff45 fr.pc=0x00000172164b10d0 relative=0x00000000000000b0
Event: 1.355 Thread 0x000001720b77d010 Uncommon trap: reason=unstable_if action=reinterpret pc=0x00000172164b10d0 method=java.util.HashMap.hash(Ljava/lang/Object;)I @ 1 c2
Event: 1.355 Thread 0x000001720b77d010 DEOPT PACKING pc=0x00000172164b10d0 sp=0x00000028850fe9f0
Event: 1.355 Thread 0x000001720b77d010 DEOPT UNPACKING pc=0x0000017215f03aa2 sp=0x00000028850fe988 mode 2
Event: 1.355 Thread 0x000001720b77d010 Uncommon trap: trap_request=0xffffffde fr.pc=0x00000172164a6f10 relative=0x0000000000000570
Event: 1.355 Thread 0x000001720b77d010 Uncommon trap: reason=class_check action=maybe_recompile pc=0x00000172164a6f10 method=java.util.Collections$UnmodifiableCollection$1.<init>(Ljava/util/Collections$UnmodifiableCollection;)V @ 17 c2
Event: 1.355 Thread 0x000001720b77d010 DEOPT PACKING pc=0x00000172164a6f10 sp=0x00000028850fea20
Event: 1.355 Thread 0x000001720b77d010 DEOPT UNPACKING pc=0x0000017215f03aa2 sp=0x00000028850fe968 mode 2

Classes loaded (20 events):
Event: 1.413 Loading class sun/nio/ch/NativeThreadSet
Event: 1.413 Loading class sun/nio/ch/NativeThreadSet done
Event: 1.413 Loading class sun/nio/ch/FileLockImpl
Event: 1.413 Loading class java/nio/channels/FileLock
Event: 1.413 Loading class java/nio/channels/FileLock done
Event: 1.413 Loading class sun/nio/ch/FileLockImpl done
Event: 1.413 Loading class sun/nio/ch/NativeThread
Event: 1.413 Loading class sun/nio/ch/NativeThread done
Event: 1.413 Loading class sun/nio/ch/FileLockTable
Event: 1.413 Loading class sun/nio/ch/FileLockTable done
Event: 1.413 Loading class sun/nio/ch/FileKey
Event: 1.413 Loading class sun/nio/ch/FileKey done
Event: 1.414 Loading class sun/nio/ch/FileLockTable$FileLockReference
Event: 1.414 Loading class sun/nio/ch/FileLockTable$FileLockReference done
Event: 1.417 Loading class java/io/DeleteOnExitHook
Event: 1.417 Loading class java/io/DeleteOnExitHook done
Event: 1.417 Loading class java/io/DeleteOnExitHook$1
Event: 1.417 Loading class java/io/DeleteOnExitHook$1 done
Event: 1.418 Loading class java/util/ComparableTimSort
Event: 1.418 Loading class java/util/ComparableTimSort done

Classes unloaded (0 events):
No events

Classes redefined (0 events):
No events

Internal exceptions (20 events):
Event: 0.994 Thread 0x000001720b77d010 Exception <a 'java/io/FileNotFoundException'{0x00000000d64c87b0}> (0x00000000d64c87b0) 
thrown [s\src\hotspot\share\prims\jni.cpp, line 520]
Event: 0.994 Thread 0x000001720b77d010 Exception <a 'java/io/FileNotFoundException'{0x00000000d64c92f0}> (0x00000000d64c92f0) 
thrown [s\src\hotspot\share\prims\jni.cpp, line 520]
Event: 0.998 Thread 0x000001720b77d010 Implicit null exception at 0x000001721647dea4 to 0x000001721647e438
Event: 1.001 Thread 0x000001720b77d010 Exception <a 'java/io/FileNotFoundException'{0x00000000d6503480}> (0x00000000d6503480) 
thrown [s\src\hotspot\share\prims\jni.cpp, line 520]
Event: 1.013 Thread 0x000001720b77d010 Exception <a 'java/lang/NoSuchMethodError'{0x00000000d653eb30}: 'java.lang.Object java.lang.invoke.DirectMethodHandle$Holder.invokeInterface(java.lang.Object, java.lang.Object)'> (0x00000000d653eb30) 
thrown [s\src\hotspot\share\interpreter\linkResolver.cpp, line 773]
Event: 1.019 Thread 0x000001720b77d010 Exception <a 'java/lang/NoSuchMethodError'{0x00000000d65525a0}: 'java.lang.Object java.lang.invoke.Invokers$Holder.invokeExact_MT(java.lang.Object, java.lang.Object, java.lang.Object, java.lang.Object, java.lang.Object, java.lang.Object)'> (0x00000000d65525a0) 
thrown [s\src\hotspot\share\interpreter\linkResolver.cpp, line 773]
Event: 1.029 Thread 0x000001720b77d010 Exception <a 'java/lang/NoSuchMethodError'{0x00000000d6569678}: 'int java.lang.invoke.DirectMethodHandle$Holder.invokeStatic(java.lang.Object, java.lang.Object, java.lang.Object, java.lang.Object, java.lang.Object)'> (0x00000000d6569678) 
thrown [s\src\hotspot\share\interpreter\linkResolver.cpp, line 773]
Event: 1.056 Thread 0x000001720b77d010 Exception <a 'java/lang/NoSuchMethodError'{0x00000000d65ff068}: 'java.lang.Object java.lang.invoke.DirectMethodHandle$Holder.invokeInterface(java.lang.Object, java.lang.Object, int)'> (0x00000000d65ff068) 
thrown [s\src\hotspot\share\interpreter\linkResolver.cpp, line 773]
Event: 1.209 Thread 0x000001720b77d010 Exception <a 'java/lang/NoSuchMethodError'{0x00000000d6a65328}: 'java.lang.ClassLoader java.lang.ClassLoader.getPlatformClassLoader(java.lang.Class)'> (0x00000000d6a65328) 
thrown [s\src\hotspot\share\interpreter\linkResolver.cpp, line 773]
Event: 1.295 Thread 0x000001720b77d010 Exception <a 'java/lang/ClassNotFoundException'{0x00000000d5581710}: sun/net/www/protocol/c/Handler> (0x00000000d5581710) 
thrown [s\src\hotspot\share\classfile\systemDictionary.cpp, line 312]
Event: 1.295 Thread 0x000001720b77d010 Exception <a 'java/lang/ClassNotFoundException'{0x00000000d5582a80}: sun/net/www/protocol/d/Handler> (0x00000000d5582a80) 
thrown [s\src\hotspot\share\classfile\systemDictionary.cpp, line 312]
Event: 1.295 Thread 0x000001720b77d010 Exception <a 'java/lang/ClassNotFoundException'{0x00000000d5583c18}: sun/net/www/protocol/c/Handler> (0x00000000d5583c18) 
thrown [s\src\hotspot\share\classfile\systemDictionary.cpp, line 312]
Event: 1.310 Thread 0x000001720b77d010 Exception <a 'java/io/FileNotFoundException'{0x00000000d55ac318}> (0x00000000d55ac318) 
thrown [s\src\hotspot\share\prims\jni.cpp, line 520]
Event: 1.350 Thread 0x000001720b77d010 Implicit null exception at 0x00000172164af449 to 0x00000172164afdb8
Event: 1.350 Thread 0x000001720b77d010 Implicit null exception at 0x00000172164b491a to 0x00000172164b4b20
Event: 1.351 Thread 0x000001720b77d010 Exception <a 'java/lang/NoSuchMethodError'{0x00000000d56db3d0}: 'void java.lang.invoke.DirectMethodHandle$Holder.invokeStatic(java.lang.Object, java.lang.Object, java.lang.Object, java.lang.Object)'> (0x00000000d56db3d0) 
thrown [s\src\hotspot\share\interpreter\linkResolver.cpp, line 773]
Event: 1.355 Thread 0x000001720b77d010 Implicit null exception at 0x00000172164b781a to 0x00000172164b7a24
Event: 1.355 Thread 0x000001720b77d010 Implicit null exception at 0x00000172164b103d to 0x00000172164b10c1
Event: 1.454 Thread 0x000001720b77d010 Exception <a 'java/io/IOException'{0x00000000d58f8308}> (0x00000000d58f8308) 
thrown [s\src\hotspot\share\prims\jni.cpp, line 520]
Event: 1.457 Thread 0x000001720b77d010 Exception <a 'java/io/FileNotFoundException'{0x00000000d5904468}> (0x00000000d5904468) 
thrown [s\src\hotspot\share\prims\jni.cpp, line 520]

ZGC Phase Switch (0 events):
No events

VM Operations (14 events):
Event: 0.236 Executing VM operation: HandshakeAllThreads (Deoptimize)
Event: 0.236 Executing VM operation: HandshakeAllThreads (Deoptimize) done
Event: 0.370 Executing VM operation: HandshakeAllThreads (Deoptimize)
Event: 0.370 Executing VM operation: HandshakeAllThreads (Deoptimize) done
Event: 0.935 Executing VM operation: HandshakeAllThreads (Deoptimize)
Event: 0.935 Executing VM operation: HandshakeAllThreads (Deoptimize) done
Event: 0.961 Executing VM operation: HandshakeAllThreads (Deoptimize)
Event: 0.961 Executing VM operation: HandshakeAllThreads (Deoptimize) done
Event: 1.265 Executing VM operation: HandshakeAllThreads (Deoptimize)
Event: 1.265 Executing VM operation: HandshakeAllThreads (Deoptimize) done
Event: 1.265 Executing VM operation: Cleanup
Event: 1.265 Executing VM operation: Cleanup done
Event: 1.283 Executing VM operation: ParallelGCFailedAllocation (Allocation Failure)
Event: 1.294 Executing VM operation: ParallelGCFailedAllocation (Allocation Failure) done

Memory protections (0 events):
No events

Nmethod flushes (0 events):
No events

Events (12 events):
Event: 0.120 Thread 0x000001720b77d010 Thread added: 0x000001720b77d010
Event: 0.152 Thread 0x000001720b77d010 Thread added: 0x000001720b72e860
Event: 0.153 Thread 0x000001720b77d010 Thread added: 0x000001720b821dc0
Event: 0.154 Thread 0x000001720b77d010 Thread added: 0x000001720b824580
Event: 0.154 Thread 0x000001720b77d010 Thread added: 0x000001720b8251d0
Event: 0.154 Thread 0x000001720b77d010 Thread added: 0x000001720b827d30
Event: 0.154 Thread 0x000001720b77d010 Thread added: 0x000001720b82a790
Event: 0.156 Thread 0x000001720b77d010 Thread added: 0x000001720b82b5c0
Event: 0.157 Thread 0x000001720b77d010 Thread added: 0x000001720b83bed0
Event: 0.253 Thread 0x000001720b83bed0 Thread added: 0x000001726475e390
Event: 0.284 Thread 0x000001720b77d010 Thread added: 0x00000172647b94d0
Event: 0.649 Thread 0x000001720b77d010 Thread added: 0x00000172648a50d0


Dynamic libraries:
0x00007ff7ff2a0000 - 0x00007ff7ff2ae000 	c:\Users\shash\.vscode\extensions\redhat.java-1.50.0-win32-x64\jre\21.0.9-win32-x86_64\bin\java.exe
0x00007ffabc1e0000 - 0x00007ffabc448000 	C:\WINDOWS\SYSTEM32\ntdll.dll
0x00007ffabb5d0000 - 0x00007ffabb699000 	C:\WINDOWS\System32\KERNEL32.DLL
0x00007ffab9950000 - 0x00007ffab9d48000 	C:\WINDOWS\System32\KERNELBASE.dll
0x00007ffab96a0000 - 0x00007ffab97eb000 	C:\WINDOWS\System32\ucrtbase.dll
0x00007ffaadd70000 - 0x00007ffaadd88000 	c:\Users\shash\.vscode\extensions\redhat.java-1.50.0-win32-x64\jre\21.0.9-win32-x86_64\bin\jli.dll
0x00007ffabac10000 - 0x00007ffabadd7000 	C:\WINDOWS\System32\USER32.dll
0x00007ffab9920000 - 0x00007ffab9947000 	C:\WINDOWS\System32\win32u.dll
0x00007ffabb7a0000 - 0x00007ffabb7cb000 	C:\WINDOWS\System32\GDI32.dll
0x00007ffab97f0000 - 0x00007ffab991c000 	C:\WINDOWS\System32\gdi32full.dll
0x00007ffaa2fb0000 - 0x00007ffaa2fce000 	c:\Users\shash\.vscode\extensions\redhat.java-1.50.0-win32-x64\jre\21.0.9-win32-x86_64\bin\VCRUNTIME140.dll
0x00007ffab9540000 - 0x00007ffab95e3000 	C:\WINDOWS\System32\msvcp_win.dll
0x00007ffa9d4d0000 - 0x00007ffa9d764000 	C:\WINDOWS\WinSxS\amd64_microsoft.windows.common-controls_6595b64144ccf1df_6.0.26100.7019_none_3e06ffa0e335b8a8\COMCTL32.dll
0x00007ffabb980000 - 0x00007ffabba29000 	C:\WINDOWS\System32\msvcrt.dll
0x00007ffabbc80000 - 0x00007ffabbcb1000 	C:\WINDOWS\System32\IMM32.DLL
0x00007ffab6480000 - 0x00007ffab648c000 	c:\Users\shash\.vscode\extensions\redhat.java-1.50.0-win32-x64\jre\21.0.9-win32-x86_64\bin\vcruntime140_1.dll
0x00007ffa81a10000 - 0x00007ffa81a9d000 	c:\Users\shash\.vscode\extensions\redhat.java-1.50.0-win32-x64\jre\21.0.9-win32-x86_64\bin\msvcp140.dll
0x00007ff9cc400000 - 0x00007ff9cd1a0000 	c:\Users\shash\.vscode\extensions\redhat.java-1.50.0-win32-x64\jre\21.0.9-win32-x86_64\bin\server\jvm.dll
0x00007ffabadf0000 - 0x00007ffabaea4000 	C:\WINDOWS\System32\ADVAPI32.dll
0x00007ffabb8d0000 - 0x00007ffabb976000 	C:\WINDOWS\System32\sechost.dll
0x00007ffabaf40000 - 0x00007ffabb058000 	C:\WINDOWS\System32\RPCRT4.dll
0x00007ffabb6a0000 - 0x00007ffabb714000 	C:\WINDOWS\System32\WS2_32.dll
0x00007ffab9190000 - 0x00007ffab91ee000 	C:\WINDOWS\SYSTEM32\POWRPROF.dll
0x00007ffab0b20000 - 0x00007ffab0b55000 	C:\WINDOWS\SYSTEM32\WINMM.dll
0x00007ffab67a0000 - 0x00007ffab67ab000 	C:\WINDOWS\SYSTEM32\VERSION.dll
0x00007ffab9170000 - 0x00007ffab9184000 	C:\WINDOWS\SYSTEM32\UMPDC.dll
0x00007ffab80f0000 - 0x00007ffab810b000 	C:\WINDOWS\SYSTEM32\kernel.appcore.dll
0x00007ffaaacd0000 - 0x00007ffaaacda000 	c:\Users\shash\.vscode\extensions\redhat.java-1.50.0-win32-x64\jre\21.0.9-win32-x86_64\bin\jimage.dll
0x00007ffaab460000 - 0x00007ffaab6a2000 	C:\WINDOWS\SYSTEM32\DBGHELP.DLL
0x00007ffabb060000 - 0x00007ffabb3eb000 	C:\WINDOWS\System32\combase.dll
0x00007ffab9f80000 - 0x00007ffaba057000 	C:\WINDOWS\System32\OLEAUT32.dll
0x00007ffa98230000 - 0x00007ffa9826c000 	C:\WINDOWS\SYSTEM32\dbgcore.DLL
0x00007ffab95f0000 - 0x00007ffab9695000 	C:\WINDOWS\System32\bcryptPrimitives.dll
0x00007ffaae050000 - 0x00007ffaae05f000 	c:\Users\shash\.vscode\extensions\redhat.java-1.50.0-win32-x64\jre\21.0.9-win32-x86_64\bin\instrument.dll
0x00007ffa9f350000 - 0x00007ffa9f370000 	c:\Users\shash\.vscode\extensions\redhat.java-1.50.0-win32-x64\jre\21.0.9-win32-x86_64\bin\java.dll
0x00007ffaba3e0000 - 0x00007ffabab2f000 	C:\WINDOWS\System32\SHELL32.dll
0x00007ffab9e10000 - 0x00007ffab9f7b000 	C:\WINDOWS\System32\wintypes.dll
0x00007ffab6f30000 - 0x00007ffab778d000 	C:\WINDOWS\SYSTEM32\windows.storage.dll
0x00007ffabb4d0000 - 0x00007ffabb5c2000 	C:\WINDOWS\System32\SHCORE.dll
0x00007ffabbc00000 - 0x00007ffabbc67000 	C:\WINDOWS\System32\shlwapi.dll
0x00007ffab9250000 - 0x00007ffab9279000 	C:\WINDOWS\SYSTEM32\profapi.dll
0x00007ffa9da50000 - 0x00007ffa9da68000 	c:\Users\shash\.vscode\extensions\redhat.java-1.50.0-win32-x64\jre\21.0.9-win32-x86_64\bin\zip.dll
0x00007ffaa83f0000 - 0x00007ffaa8400000 	C:\Users\shash\.vscode\extensions\redhat.java-1.50.0-win32-x64\jre\21.0.9-win32-x86_64\bin\net.dll
0x00007ffab27c0000 - 0x00007ffab28e8000 	C:\WINDOWS\SYSTEM32\WINHTTP.dll
0x00007ffab8660000 - 0x00007ffab86cb000 	C:\WINDOWS\system32\mswsock.dll
0x00007ffa9d200000 - 0x00007ffa9d216000 	C:\Users\shash\.vscode\extensions\redhat.java-1.50.0-win32-x64\jre\21.0.9-win32-x86_64\bin\nio.dll
0x00007ffaae040000 - 0x00007ffaae050000 	c:\Users\shash\.vscode\extensions\redhat.java-1.50.0-win32-x64\jre\21.0.9-win32-x86_64\bin\verify.dll

JVMTI agents:
c:\Users\shash\.vscode\extensions\redhat.java-1.50.0-win32-x64\lombok\lombok-1.18.39-4050.jar path:c:\Users\shash\.vscode\extensions\redhat.java-1.50.0-win32-x64\jre\21.0.9-win32-x86_64\bin\instrument.dll, loaded, initialized, instrumentlib options:none

dbghelp: loaded successfully - version: 4.0.5 - missing functions: none
symbol engine: initialized successfully - sym options: 0x614 - pdb path: .;c:\Users\shash\.vscode\extensions\redhat.java-1.50.0-win32-x64\jre\21.0.9-win32-x86_64\bin;C:\WINDOWS\SYSTEM32;C:\WINDOWS\WinSxS\amd64_microsoft.windows.common-controls_6595b64144ccf1df_6.0.26100.7019_none_3e06ffa0e335b8a8;c:\Users\shash\.vscode\extensions\redhat.java-1.50.0-win32-x64\jre\21.0.9-win32-x86_64\bin\server

VM Arguments:
jvm_args: --add-modules=ALL-SYSTEM --add-opens=java.base/java.util=ALL-UNNAMED --add-opens=java.base/java.lang=ALL-UNNAMED --add-opens=java.base/sun.nio.fs=ALL-UNNAMED -Declipse.application=org.eclipse.jdt.ls.core.id1 -Dosgi.bundles.defaultStartLevel=4 -Declipse.product=org.eclipse.jdt.ls.core.product -Djava.import.generatesMetadataFilesAtProjectRoot=false -DDetectVMInstallationsJob.disabled=true -Dfile.encoding=utf8 -XX:+UseParallelGC -XX:GCTimeRatio=4 -XX:AdaptiveSizePolicyWeight=90 -Dsun.zip.disableMemoryMapping=true -Xmx2G -Xms100m -Xlog:disable -javaagent:c:\Users\shash\.vscode\extensions\redhat.java-1.50.0-win32-x64\lombok\lombok-1.18.39-4050.jar -XX:+HeapDumpOnOutOfMemoryError -XX:HeapDumpPath=c:\Users\shash\AppData\Roaming\Code\User\workspaceStorage\56ad5240e6f48706266a227f2e169b27\redhat.java -Daether.dependencyCollector.impl=bf 
java_command: c:\Users\shash\.vscode\extensions\redhat.java-1.50.0-win32-x64\server\plugins\org.eclipse.equinox.launcher_1.7.100.v20251111-0406.jar -configuration c:\Users\shash\AppData\Roaming\Code\User\globalStorage\redhat.java\1.50.0\config_win -data c:\Users\shash\AppData\Roaming\Code\User\workspaceStorage\56ad5240e6f48706266a227f2e169b27\redhat.java\jdt_ws --pipe=\\.\pipe\lsp-6f03a89e685ebf017da7057b1007cf42-sock
java_class_path (initial): c:\Users\shash\.vscode\extensions\redhat.java-1.50.0-win32-x64\server\plugins\org.eclipse.equinox.launcher_1.7.100.v20251111-0406.jar
Launcher Type: SUN_STANDARD

[Global flags]
    uintx AdaptiveSizePolicyWeight                 = 90                                        {product} {command line}
     intx CICompilerCount                          = 4                                         {product} {ergonomic}
    uintx GCTimeRatio                              = 4                                         {product} {command line}
     bool HeapDumpOnOutOfMemoryError               = true                                   {manageable} {command line}
    ccstr HeapDumpPath                             = c:\Users\shash\AppData\Roaming\Code\User\workspaceStorage\56ad5240e6f48706266a227f2e169b27\redhat.java         {manageable} {command line}
   size_t InitialHeapSize                          = 104857600                                 {product} {command line}
   size_t MaxHeapSize                              = 2147483648                                {product} {command line}
   size_t MaxNewSize                               = 715653120                                 {product} {ergonomic}
   size_t MinHeapDeltaBytes                        = 524288                                    {product} {ergonomic}
   size_t MinHeapSize                              = 104857600                                 {product} {command line}
   size_t NewSize                                  = 34603008                                  {product} {ergonomic}
    uintx NonNMethodCodeHeapSize                   = 5839372                                {pd product} {ergonomic}
    uintx NonProfiledCodeHeapSize                  = 122909434                              {pd product} {ergonomic}
   size_t OldSize                                  = 70254592                                  {product} {ergonomic}
    uintx ProfiledCodeHeapSize                     = 122909434                              {pd product} {ergonomic}
    uintx ReservedCodeCacheSize                    = 251658240                              {pd product} {ergonomic}
     bool SegmentedCodeCache                       = true                                      {product} {ergonomic}
   size_t SoftMaxHeapSize                          = 2147483648                             {manageable} {ergonomic}
     bool UseCompressedOops                        = true                           {product lp64_product} {ergonomic}
     bool UseLargePagesIndividualAllocation        = false                                  {pd product} {ergonomic}
     bool UseParallelGC                            = true                                      {product} {command line}

Logging:
Log output configuration:
 #0: stdout all=off uptime,level,tags foldmultilines=false
 #1: stderr all=off uptime,level,tags foldmultilines=false

Release file:
JAVA_VERSION="21.0.9" 
MODULES="java.base java.compiler java.datatransfer java.xml java.prefs java.desktop java.instrument java.logging java.management java.security.sasl java.naming java.rmi java.management.rmi java.net.http java.scripting java.security.jgss java.transaction.xa java.sql java.sql.rowset java.xml.crypto java.se java.smartcardio jdk.accessibility jdk.internal.jvmstat jdk.attach jdk.charsets jdk.internal.opt jdk.zipfs jdk.compiler jdk.crypto.ec jdk.crypto.cryptoki jdk.crypto.mscapi jdk.dynalink jdk.internal.ed jdk.editpad jdk.hotspot.agent jdk.httpserver jdk.internal.le jdk.internal.vm.ci jdk.internal.vm.compiler jdk.internal.vm.compiler.management jdk.jartool jdk.javadoc jdk.jcmd jdk.management jdk.management.agent jdk.jconsole jdk.jdeps jdk.jdwp.agent jdk.jdi jdk.jfr jdk.jshell jdk.jsobject jdk.jstatd jdk.localedata jdk.management.jfr jdk.naming.dns jdk.naming.rmi jdk.net jdk.nio.mapmode jdk.random jdk.sctp jdk.security.auth jdk.security.jgss jdk.unsupported jdk.unsupported.desktop jdk.xml.dom" 

Environment Variables:
JAVA_HOME=C:\Program Files\Microsoft\jdk-17.0.16.8-hotspot
PATH=C:\Python314\Scripts\;C:\Python314\;C:\Program Files\Microsoft\jdk-17.0.16.8-hotspot\bin;C:\Users\shash\AppData\Local\Microsoft\WindowsApps;C:\Users\shash\AppData\Local\Programs\Microsoft VS Code\bin;C:\Users\shash\.dotnet\tools;C:\Users\shash\AppData\Local\Programs\MiKTeX\miktex\bin\x64\;C:\Program Files\Java\jdk-23\bin;C:\Users\shash\AppData\Roaming\npm;C:\ProgramData\chocolatey\bin;C:\WINDOWS\system32;C:\WINDOWS;C:\WINDOWS\System32\Wbem;C:\WINDOWS\System32\WindowsPowerShell\v1.0\;C:\WINDOWS\System32\OpenSSH\;C:\xampp\php;C:\ProgramData\ComposerSetup\bin;C:\Program Files\Git\cmd;D:\Program Files\nodejs\;C:\Users\shash\AppData\Local\Programs\Python\Python311\Scripts\;C:\Users\shash\AppData\Local\Programs\Python\Python311\;C:\Users\shash\AppData\Local\Programs\Python\Launcher\;C:\Program Files\nodejs\;C:\Users\shash\AppData\Local\Programs\Microsoft VS Code\bin;C:\Program Files\JetBrains\IntelliJ IDEA Community Edition 2024.3.1.1\bin;;C:\Users\shash\AppData\Local\Microsoft\WindowsApps;C:\Users\shash\AppData\Roaming\Composer\vendor\bin;D:\Users\shash\AppData\Local\AndroidSDK\platform-tools;D:\Users\shash\AppData\Local\AndroidSDK\tools;D:\Users\shash\AppData\Local\AndroidSDK\tools\bin;D:\Users\shash\AppData\Local\AndroidSDK\emulator;C:\Users\shash\AppData\Roaming\npm;D:\Users\shash\AppData\Local\AndroidSDK\cmdline-tools\latest\bin;D:\Users\shash\AppData\Local\Programs\Antigravity\bin
USERNAME=shash
OS=Windows_NT
PROCESSOR_IDENTIFIER=AMD64 Family 25 Model 80 Stepping 0, AuthenticAMD
TMP=C:\Users\shash\AppData\Local\Temp
TEMP=C:\Users\shash\AppData\Local\Temp




Periodic native trim disabled

---------------  S Y S T E M  ---------------

OS:
 Windows 11 , 64 bit Build 26100 (10.0.26100.7019)
OS uptime: 0 days 15:42 hours
Hyper-V role detected

CPU: total 12 (initial active 12) (12 cores per cpu, 2 threads per core) family 25 model 80 stepping 0 microcode 0xa50000f, cx8, cmov, fxsr, ht, mmx, 3dnowpref, sse, sse2, sse3, ssse3, sse4a, sse4.1, sse4.2, popcnt, lzcnt, tsc, tscinvbit, avx, avx2, aes, erms, clmul, bmi1, bmi2, adx, sha, fma, vzeroupper, clflush, clflushopt, hv, rdtscp, rdpid, fsrm, f16c, cet_ss
Processor Information for processor 0
  Max Mhz: 3301, Current Mhz: 3301, Mhz Limit: 3301
Processor Information for processor 1
  Max Mhz: 3301, Current Mhz: 3301, Mhz Limit: 3301
Processor Information for processor 2
  Max Mhz: 3301, Current Mhz: 3301, Mhz Limit: 3301
Processor Information for processor 3
  Max Mhz: 3301, Current Mhz: 1805, Mhz Limit: 3301
Processor Information for processor 4
  Max Mhz: 3301, Current Mhz: 3301, Mhz Limit: 3301
Processor Information for processor 5
  Max Mhz: 3301, Current Mhz: 1805, Mhz Limit: 3301
Processor Information for processor 6
  Max Mhz: 3301, Current Mhz: 1805, Mhz Limit: 3301
Processor Information for processor 7
  Max Mhz: 3301, Current Mhz: 3301, Mhz Limit: 3301
Processor Information for processor 8
  Max Mhz: 3301, Current Mhz: 1805, Mhz Limit: 3301
Processor Information for processor 9
  Max Mhz: 3301, Current Mhz: 1805, Mhz Limit: 3301
Processor Information for processor 10
  Max Mhz: 3301, Current Mhz: 1805, Mhz Limit: 3301
Processor Information for processor 11
  Max Mhz: 3301, Current Mhz: 1805, Mhz Limit: 3301

Memory: 4k page, system-wide physical 7518M (463M free)
TotalPageFile size 18039M (AvailPageFile size 474M)
current process WorkingSet (physical memory assigned to process): 83M, peak: 83M
current process commit charge ("private bytes"): 242M, peak: 242M

vm_info: OpenJDK 64-Bit Server VM (21.0.9+10-LTS) for windows-amd64 JRE (21.0.9+10-LTS), built on 2025-10-21T00:00:00Z by "admin" with unknown MS VC++:1942

END.
