#
# There is insufficient memory for the Java Runtime Environment to continue.
# Native memory allocation (mmap) failed to map 67108864 bytes. Error detail: G1 virtual space
# Possible reasons:
#   The system is out of physical RAM or swap space
#   This process is running with CompressedOops enabled, and the Java Heap may be blocking the growth of the native heap
# Possible solutions:
#   Reduce memory load on the system
#   Increase physical memory or swap space
#   Check if swap backing store is full
#   Decrease Java heap size (-Xmx/-Xms)
#   Decrease number of Java threads
#   Decrease Java thread stack sizes (-Xss)
#   Set larger code cache with -XX:ReservedCodeCacheSize=
#   JVM is running with Unscaled Compressed Oops mode in which the Java heap is
#     placed in the first 4GB address space. The Java Heap base address is the
#     maximum limit for the native heap growth. Please use -XX:HeapBaseMinAddress
#     to set the Java Heap base and to place the Java Heap above 4GB virtual address.
# This output file may be truncated or incomplete.
#
#  Out of Memory Error (os_windows.cpp:3710), pid=27752, tid=22824
#
# JRE version:  (17.0.16+8) (build )
# Java VM: OpenJDK 64-Bit Server VM (17.0.16+8-LTS, mixed mode, sharing, tiered, compressed oops, compressed class ptrs, g1 gc, windows-amd64)
# No core dump will be written. Minidumps are not enabled by default on client versions of Windows
#

---------------  S U M M A R Y ------------

Command Line: -Xmx64m -Xms64m -Dorg.gradle.appname=gradlew D:\techpravaha\Vrikshamitra-SIH2K25\frontend\android\\gradle\wrapper\gradle-wrapper.jar app:installDebug -PreactNativeDevServerPort=8081

Host: AMD Ryzen 5 7535HS with Radeon Graphics        , 12 cores, 7G,  Windows 11 , 64 bit Build 26100 (10.0.26100.7019)
Time: Tue Dec  9 04:25:05 2025 India Standard Time elapsed time: 1.708441 seconds (0d 0h 0m 1s)

---------------  T H R E A D  ---------------

Current thread (0x000002449836ae60):  JavaThread "Unknown thread" [_thread_in_vm, id=22824, stack(0x0000004869200000,0x0000004869300000)]

Stack: [0x0000004869200000,0x0000004869300000]
Native frames: (J=compiled Java code, j=interpreted, Vv=VM code, C=native code)
V  [jvm.dll+0x68ee19]
V  [jvm.dll+0x846249]
V  [jvm.dll+0x847fb8]
V  [jvm.dll+0x848643]
V  [jvm.dll+0x24cf6f]
V  [jvm.dll+0x68bde9]
V  [jvm.dll+0x6803aa]
V  [jvm.dll+0x30ffc0]
V  [jvm.dll+0x30fe62]
V  [jvm.dll+0x3173b9]
V  [jvm.dll+0x3695e9]
V  [jvm.dll+0x36981d]
V  [jvm.dll+0x2e683a]
V  [jvm.dll+0x2e7748]
V  [jvm.dll+0x8186fe]
V  [jvm.dll+0x377251]
V  [jvm.dll+0x7f6d45]
V  [jvm.dll+0x3fd00b]
V  [jvm.dll+0x3fec41]
C  [jli.dll+0x52f0]
C  [ucrtbase.dll+0x37b0]
C  [KERNEL32.DLL+0x2e8d7]
C  [ntdll.dll+0x8c53c]


---------------  P R O C E S S  ---------------

Threads class SMR info:
_java_thread_list=0x00007ff834fe7018, length=0, elements={
}

Java Threads: ( => current thread )

Other Threads:
  0x000002449838e500 GCTaskThread "GC Thread#0" [stack: 0x0000004869300000,0x0000004869400000] [id=2756]
  0x0000024498391f40 ConcurrentGCThread "G1 Main Marker" [stack: 0x0000004869400000,0x0000004869500000] [id=33608]
  0x0000024498393630 ConcurrentGCThread "G1 Conc#0" [stack: 0x0000004869500000,0x0000004869600000] [id=22556]

[error occurred during error reporting (printing all threads), id 0xc0000005, EXCEPTION_ACCESS_VIOLATION (0xc0000005) at pc=0x00007ff834797307]

VM state: not at safepoint (not fully initialized)

VM Mutex/Monitor currently owned by a thread:  ([mutex/lock_event])
[0x0000024498369800] Heap_lock - owner thread: 0x000002449836ae60

Heap address: 0x00000000fc000000, size: 64 MB, Compressed Oops mode: 32-bit

CDS archive(s) mapped at: [0x0000000000000000-0x0000000000000000-0x0000000000000000), size 0, SharedBaseAddress: 0x0000000800000000, ArchiveRelocationMode: 1.
Narrow klass base: 0x0000000000000000, Narrow klass shift: 0, Narrow klass range: 0x0

GC Precious Log:
<Empty>

Heap:
 garbage-first heap   total 0K, used 0K [0x00000000fc000000, 0x0000000100000000)
  region size 1024K, 0 young (0K), 0 survivors (0K)

[error occurred during error reporting (printing heap information), id 0xc0000005, EXCEPTION_ACCESS_VIOLATION (0xc0000005) at pc=0x00007ff834b88979]

GC Heap History (0 events):
No events

Dll operation events (1 events):
Event: 0.043 Loaded shared library C:\Program Files\Microsoft\jdk-17.0.16.8-hotspot\bin\java.dll

Deoptimization events (0 events):
No events

Classes loaded (0 events):
No events

Classes unloaded (0 events):
No events

Classes redefined (0 events):
No events

Internal exceptions (0 events):
No events

VM Operations (0 events):
No events

Memory protections (0 events):
No events

Nmethod flushes (0 events):
No events

Events (0 events):
No events


Dynamic libraries:
0x00007ff678bf0000 - 0x00007ff678bfe000 	C:\Program Files\Microsoft\jdk-17.0.16.8-hotspot\bin\java.exe
0x00007ff899b20000 - 0x00007ff899d88000 	C:\WINDOWS\SYSTEM32\ntdll.dll
0x00007ff898fe0000 - 0x00007ff8990a9000 	C:\WINDOWS\System32\KERNEL32.DLL
0x00007ff897120000 - 0x00007ff897518000 	C:\WINDOWS\System32\KERNELBASE.dll
0x00007ff896f20000 - 0x00007ff89706b000 	C:\WINDOWS\System32\ucrtbase.dll
0x00007ff866c90000 - 0x00007ff866ca8000 	C:\Program Files\Microsoft\jdk-17.0.16.8-hotspot\bin\jli.dll
0x00007ff871250000 - 0x00007ff87126e000 	C:\Program Files\Microsoft\jdk-17.0.16.8-hotspot\bin\VCRUNTIME140.dll
0x00007ff8979c0000 - 0x00007ff897b87000 	C:\WINDOWS\System32\USER32.dll
0x00007ff8975e0000 - 0x00007ff897607000 	C:\WINDOWS\System32\win32u.dll
0x00007ff899650000 - 0x00007ff89967b000 	C:\WINDOWS\System32\GDI32.dll
0x00007ff896c70000 - 0x00007ff896d9c000 	C:\WINDOWS\System32\gdi32full.dll
0x00007ff897610000 - 0x00007ff8976b3000 	C:\WINDOWS\System32\msvcp_win.dll
0x00007ff8778e0000 - 0x00007ff877b74000 	C:\WINDOWS\WinSxS\amd64_microsoft.windows.common-controls_6595b64144ccf1df_6.0.26100.7019_none_3e06ffa0e335b8a8\COMCTL32.dll
0x00007ff898f30000 - 0x00007ff898fd9000 	C:\WINDOWS\System32\msvcrt.dll
0x00007ff899aa0000 - 0x00007ff899ad1000 	C:\WINDOWS\System32\IMM32.DLL
0x00007ff878470000 - 0x00007ff87847c000 	C:\Program Files\Microsoft\jdk-17.0.16.8-hotspot\bin\vcruntime140_1.dll
0x00007ff851fd0000 - 0x00007ff852059000 	C:\Program Files\Microsoft\jdk-17.0.16.8-hotspot\bin\msvcp140.dll
0x00007ff8344a0000 - 0x00007ff83511a000 	C:\Program Files\Microsoft\jdk-17.0.16.8-hotspot\bin\server\jvm.dll
0x00007ff899220000 - 0x00007ff8992d4000 	C:\WINDOWS\System32\ADVAPI32.dll
0x00007ff899400000 - 0x00007ff8994a6000 	C:\WINDOWS\System32\sechost.dll
0x00007ff898e00000 - 0x00007ff898f18000 	C:\WINDOWS\System32\RPCRT4.dll
0x00007ff899880000 - 0x00007ff8998f4000 	C:\WINDOWS\System32\WS2_32.dll
0x00007ff896ad0000 - 0x00007ff896b2e000 	C:\WINDOWS\SYSTEM32\POWRPROF.dll
0x00007ff888730000 - 0x00007ff888765000 	C:\WINDOWS\SYSTEM32\WINMM.dll
0x00007ff88ea90000 - 0x00007ff88ea9b000 	C:\WINDOWS\SYSTEM32\VERSION.dll
0x00007ff896ab0000 - 0x00007ff896ac4000 	C:\WINDOWS\SYSTEM32\UMPDC.dll
0x00007ff895a30000 - 0x00007ff895a4b000 	C:\WINDOWS\SYSTEM32\kernel.appcore.dll
0x00007ff8783d0000 - 0x00007ff8783da000 	C:\Program Files\Microsoft\jdk-17.0.16.8-hotspot\bin\jimage.dll
0x00007ff888b60000 - 0x00007ff888da2000 	C:\WINDOWS\SYSTEM32\DBGHELP.DLL
0x00007ff898a40000 - 0x00007ff898dcb000 	C:\WINDOWS\System32\combase.dll
0x00007ff8990c0000 - 0x00007ff899197000 	C:\WINDOWS\System32\OLEAUT32.dll
0x00007ff872ae0000 - 0x00007ff872b1c000 	C:\WINDOWS\SYSTEM32\dbgcore.DLL
0x00007ff897070000 - 0x00007ff897115000 	C:\WINDOWS\System32\bcryptPrimitives.dll
0x00007ff865600000 - 0x00007ff865626000 	C:\Program Files\Microsoft\jdk-17.0.16.8-hotspot\bin\java.dll

dbghelp: loaded successfully - version: 4.0.5 - missing functions: none
symbol engine: initialized successfully - sym options: 0x614 - pdb path: .;C:\Program Files\Microsoft\jdk-17.0.16.8-hotspot\bin;C:\WINDOWS\SYSTEM32;C:\WINDOWS\WinSxS\amd64_microsoft.windows.common-controls_6595b64144ccf1df_6.0.26100.7019_none_3e06ffa0e335b8a8;C:\Program Files\Microsoft\jdk-17.0.16.8-hotspot\bin\server

VM Arguments:
jvm_args: -Xmx64m -Xms64m -Dorg.gradle.appname=gradlew 
java_command: D:\techpravaha\Vrikshamitra-SIH2K25\frontend\android\\gradle\wrapper\gradle-wrapper.jar app:installDebug -PreactNativeDevServerPort=8081
java_class_path (initial): D:\techpravaha\Vrikshamitra-SIH2K25\frontend\android\\gradle\wrapper\gradle-wrapper.jar
Launcher Type: SUN_STANDARD

[Global flags]
     intx CICompilerCount                          = 4                                         {product} {ergonomic}
     uint ConcGCThreads                            = 3                                         {product} {ergonomic}
     uint G1ConcRefinementThreads                  = 10                                        {product} {ergonomic}
   size_t G1HeapRegionSize                         = 1048576                                   {product} {ergonomic}
    uintx GCDrainStackTargetSize                   = 64                                        {product} {ergonomic}
   size_t InitialHeapSize                          = 67108864                                  {product} {command line}
   size_t MarkStackSize                            = 4194304                                   {product} {ergonomic}
   size_t MaxHeapSize                              = 67108864                                  {product} {command line}
   size_t MinHeapDeltaBytes                        = 1048576                                   {product} {ergonomic}
   size_t MinHeapSize                              = 67108864                                  {product} {command line}
    uintx NonNMethodCodeHeapSize                   = 5839372                                {pd product} {ergonomic}
    uintx NonProfiledCodeHeapSize                  = 122909434                              {pd product} {ergonomic}
    uintx ProfiledCodeHeapSize                     = 122909434                              {pd product} {ergonomic}
    uintx ReservedCodeCacheSize                    = 251658240                              {pd product} {ergonomic}
     bool SegmentedCodeCache                       = true                                      {product} {ergonomic}
   size_t SoftMaxHeapSize                          = 67108864                               {manageable} {ergonomic}
     bool UseCompressedClassPointers               = true                           {product lp64_product} {ergonomic}
     bool UseCompressedOops                        = true                           {product lp64_product} {ergonomic}
     bool UseG1GC                                  = true                                      {product} {ergonomic}
     bool UseLargePagesIndividualAllocation        = false                                  {pd product} {ergonomic}

Logging:
Log output configuration:
 #0: stdout all=warning uptime,level,tags
 #1: stderr all=off uptime,level,tags

Environment Variables:
JAVA_HOME=C:\Program Files\Microsoft\jdk-17.0.16.8-hotspot\
PATH=D:\techpravaha\Vrikshamitra-SIH2K25\frontend\node_modules\.bin;D:\techpravaha\Vrikshamitra-SIH2K25\frontend\node_modules\.bin;D:\techpravaha\Vrikshamitra-SIH2K25\node_modules\.bin;D:\techpravaha\node_modules\.bin;D:\node_modules\.bin;C:\Users\vj999\AppData\Roaming\npm\node_modules\npm\node_modules\@npmcli\run-script\lib\node-gyp-bin;C:\Program Files\Microsoft\jdk-17.0.16.8-hotspot\bin;C:\xampp\php;C:\WINDOWS\system32;C:\WINDOWS;C:\WINDOWS\System32\Wbem;C:\WINDOWS\System32\WindowsPowerShell\v1.0\;C:\WINDOWS\System32\OpenSSH\;C:\Program Files\Git\bin;C:\sqllite;C:\ProgramData\ComposerSetup\bin;C:\ProgramData\chocolatey\bin;C:\Program Files\nodejs\;C:\Program Files\Docker\Docker\resources\bin;C:\flutter\bin;C:\Program Files\MySQL\MySQL Shell 8.0\bin\;C:\MinGW\bin;C:\Users\vj999\AppData\Local\Programs\Python\Python311\Scripts\;C:\Users\vj999\AppData\Local\Programs\Python\Python311\;C:\Users\vj999\AppData\Local\Microsoft\WindowsApps;C:\Users\vj999\AppData\Local\Programs\Microsoft VS Code\bin;C:\Program Files\JetBrains\IntelliJ IDEA Community Edition 2024.1.4\bin;;C:\Users\vj999\AppData\Local\Programs\MiKTeX\miktex\bin\x64\;C:\Program Files (x86)\MongoDB Atlas CLI\;C:\Users\vj999\AppData\Roaming\Composer\vendor\bin;C:\ProgramData\ComposerSetup\bin;C:\Users\vj999\AppData\Roaming\npm;C:\Users\vj999\AppData\Local\Android\Sdk\platform-tools;C:\Users\vj999\AppData\Local\Programs\Antigravity\bin
USERNAME=vj999
LANG=en_US.UTF-8
OS=Windows_NT
PROCESSOR_IDENTIFIER=AMD64 Family 25 Model 68 Stepping 1, AuthenticAMD
TMP=C:\Users\vj999\AppData\Local\Temp
TEMP=C:\Users\vj999\AppData\Local\Temp



Periodic native trim disabled


---------------  S Y S T E M  ---------------

OS:
 Windows 11 , 64 bit Build 26100 (10.0.26100.7019)
OS uptime: 0 days 20:19 hours
Hyper-V role detected

CPU: total 12 (initial active 12) (12 cores per cpu, 2 threads per core) family 25 model 68 stepping 1 microcode 0xa404107, cx8, cmov, fxsr, ht, mmx, 3dnowpref, sse, sse2, sse3, ssse3, sse4a, sse4.1, sse4.2, popcnt, lzcnt, tsc, tscinvbit, avx, avx2, aes, erms, clmul, bmi1, bmi2, adx, sha, fma, vzeroupper, clflush, clflushopt, hv
Processor Information for processor 0
  Max Mhz: 3301, Current Mhz: 2496, Mhz Limit: 3301
Processor Information for processor 1
  Max Mhz: 3301, Current Mhz: 2496, Mhz Limit: 3301
Processor Information for processor 2
  Max Mhz: 3301, Current Mhz: 2496, Mhz Limit: 3301
Processor Information for processor 3
  Max Mhz: 3301, Current Mhz: 2496, Mhz Limit: 3301
Processor Information for processor 4
  Max Mhz: 3301, Current Mhz: 2024, Mhz Limit: 3301
Processor Information for processor 5
  Max Mhz: 3301, Current Mhz: 2024, Mhz Limit: 3301
Processor Information for processor 6
  Max Mhz: 3301, Current Mhz: 2496, Mhz Limit: 3301
Processor Information for processor 7
  Max Mhz: 3301, Current Mhz: 2024, Mhz Limit: 3301
Processor Information for processor 8
  Max Mhz: 3301, Current Mhz: 2024, Mhz Limit: 3301
Processor Information for processor 9
  Max Mhz: 3301, Current Mhz: 2496, Mhz Limit: 3301
Processor Information for processor 10
  Max Mhz: 3301, Current Mhz: 2024, Mhz Limit: 3301
Processor Information for processor 11
  Max Mhz: 3301, Current Mhz: 2024, Mhz Limit: 3301

Memory: 4k page, system-wide physical 7381M (99M free)
TotalPageFile size 29909M (AvailPageFile size 8M)
current process WorkingSet (physical memory assigned to process): 12M, peak: 12M
current process commit charge ("private bytes"): 63M, peak: 127M

vm_info: OpenJDK 64-Bit Server VM (17.0.16+8-LTS) for windows-amd64 JRE (17.0.16+8-LTS), built on Jul 10 2025 00:24:24 by "MicrosoftCorporation" with unknown MS VC++:1944

END.
