#
# There is insufficient memory for the Java Runtime Environment to continue.
# Native memory allocation (malloc) failed to allocate 2223600 bytes. Error detail: Chunk::new
# Possible reasons:
#   The system is out of physical RAM or swap space
#   This process is running with CompressedOops enabled, and the Java Heap may be blocking the growth of the native heap
# Possible solutions:
#   Reduce memory load on the system
#   Increase physical memory or swap space
#   Check if swap backing store is full
#   Decrease Java heap size (-Xmx/-Xms)
#   Decrease number of Java threads
#   Decrease Java thread stack sizes (-Xss)
#   Set larger code cache with -XX:ReservedCodeCacheSize=
#   JVM is running with Unscaled Compressed Oops mode in which the Java heap is
#     placed in the first 4GB address space. The Java Heap base address is the
#     maximum limit for the native heap growth. Please use -XX:HeapBaseMinAddress
#     to set the Java Heap base and to place the Java Heap above 4GB virtual address.
# This output file may be truncated or incomplete.
#
#  Out of Memory Error (arena.cpp:191), pid=16228, tid=35804
#
# JRE version: OpenJDK Runtime Environment Microsoft-11926163 (17.0.16+8) (build 17.0.16+8-LTS)
# Java VM: OpenJDK 64-Bit Server VM Microsoft-11926163 (17.0.16+8-LTS, mixed mode, sharing, tiered, compressed oops, compressed class ptrs, g1 gc, windows-amd64)
# No core dump will be written. Minidumps are not enabled by default on client versions of Windows
#

---------------  S U M M A R Y ------------

Command Line: --add-opens=java.base/java.lang=ALL-UNNAMED --add-opens=java.base/java.lang.invoke=ALL-UNNAMED --add-opens=java.base/java.util=ALL-UNNAMED --add-opens=java.prefs/java.util.prefs=ALL-UNNAMED --add-exports=jdk.compiler/com.sun.tools.javac.api=ALL-UNNAMED --add-exports=jdk.compiler/com.sun.tools.javac.util=ALL-UNNAMED --add-opens=java.base/java.util=ALL-UNNAMED --add-opens=java.prefs/java.util.prefs=ALL-UNNAMED --add-opens=java.base/java.nio.charset=ALL-UNNAMED --add-opens=java.base/java.net=ALL-UNNAMED --add-opens=java.base/java.util.concurrent=ALL-UNNAMED --add-opens=java.base/java.util.concurrent.atomic=ALL-UNNAMED --add-opens=java.xml/javax.xml.namespace=ALL-UNNAMED -XX:MaxMetaspaceSize=512m -Xmx2048m -Dfile.encoding=windows-1252 -Duser.country=IN -Duser.language=en -Duser.variant -javaagent:C:\Users\vj999\.gradle\wrapper\dists\gradle-9.0.0-bin\d6wjpkvcgsg3oed0qlfss3wgl\gradle-9.0.0\lib\agents\gradle-instrumentation-agent-9.0.0.jar org.gradle.launcher.daemon.bootstrap.GradleDaemon 9.0.0

Host: AMD Ryzen 5 7535HS with Radeon Graphics        , 12 cores, 7G,  Windows 11 , 64 bit Build 26100 (10.0.26100.7019)
Time: Tue Dec  9 04:23:41 2025 India Standard Time elapsed time: 26.609596 seconds (0d 0h 0m 26s)

---------------  T H R E A D  ---------------

Current thread (0x0000012a6a2b7a40):  JavaThread "C2 CompilerThread0" daemon [_thread_in_native, id=35804, stack(0x000000141d700000,0x000000141d800000)]


Current CompileTask:
C2:  26610 4237   !   4       java.lang.ClassLoader::loadClass (121 bytes)

Stack: [0x000000141d700000,0x000000141d800000]
Native frames: (J=compiled Java code, j=interpreted, Vv=VM code, C=native code)
V  [jvm.dll+0x68ee19]
V  [jvm.dll+0x846249]
V  [jvm.dll+0x847fb8]
V  [jvm.dll+0x848643]
V  [jvm.dll+0x24cf6f]
V  [jvm.dll+0xaecb6]
V  [jvm.dll+0xaf35c]
V  [jvm.dll+0x37139e]
V  [jvm.dll+0x33b7a5]
V  [jvm.dll+0x33ac0a]
V  [jvm.dll+0x21df29]
V  [jvm.dll+0x21d36d]
V  [jvm.dll+0x1a8ce6]
V  [jvm.dll+0x22db1b]
V  [jvm.dll+0x22bca6]
V  [jvm.dll+0x7fba9b]
V  [jvm.dll+0x7f5e9c]
V  [jvm.dll+0x68dd27]
C  [ucrtbase.dll+0x37b0]
C  [KERNEL32.DLL+0x2e8d7]
C  [ntdll.dll+0x8c53c]


---------------  P R O C E S S  ---------------

Threads class SMR info:
_java_thread_list=0x0000012a72006150, length=36, elements={
0x0000012a4bfeff90, 0x0000012a6a287020, 0x0000012a6a288660, 0x0000012a6a2a75e0,
0x0000012a6a2a7eb0, 0x0000012a6a2ac310, 0x0000012a6a2ad750, 0x0000012a6a2b7a40,
0x0000012a6a2c4870, 0x0000012a6a2c5180, 0x0000012a6a270f40, 0x0000012a6aab9f60,
0x0000012a6fed0d80, 0x0000012a707aaa20, 0x0000012a702cba10, 0x0000012a702bb5b0,
0x0000012a702bba90, 0x0000012a6f9b1060, 0x0000012a6f9b1f90, 0x0000012a6f9b24a0,
0x0000012a6f9b4300, 0x0000012a6f9b29b0, 0x0000012a6f9b2ec0, 0x0000012a6f9b38e0,
0x0000012a6f9b33d0, 0x0000012a6f9b3df0, 0x0000012a6f9b4810, 0x0000012a6f9b1570,
0x0000012a6f9b1a80, 0x0000012a70d6cfa0, 0x0000012a70d6f310, 0x0000012a70d6ee00,
0x0000012a70d6d4b0, 0x0000012a70d6f820, 0x0000012a70d6d9c0, 0x0000012a70d6fd30
}

Java Threads: ( => current thread )
  0x0000012a4bfeff90 JavaThread "main" [_thread_blocked, id=9516, stack(0x000000141ca00000,0x000000141cb00000)]
  0x0000012a6a287020 JavaThread "Reference Handler" daemon [_thread_blocked, id=28108, stack(0x000000141d100000,0x000000141d200000)]
  0x0000012a6a288660 JavaThread "Finalizer" daemon [_thread_blocked, id=8708, stack(0x000000141d200000,0x000000141d300000)]
  0x0000012a6a2a75e0 JavaThread "Signal Dispatcher" daemon [_thread_blocked, id=27616, stack(0x000000141d300000,0x000000141d400000)]
  0x0000012a6a2a7eb0 JavaThread "Attach Listener" daemon [_thread_blocked, id=9652, stack(0x000000141d400000,0x000000141d500000)]
  0x0000012a6a2ac310 JavaThread "Service Thread" daemon [_thread_blocked, id=5936, stack(0x000000141d500000,0x000000141d600000)]
  0x0000012a6a2ad750 JavaThread "Monitor Deflation Thread" daemon [_thread_blocked, id=30172, stack(0x000000141d600000,0x000000141d700000)]
=>0x0000012a6a2b7a40 JavaThread "C2 CompilerThread0" daemon [_thread_in_native, id=35804, stack(0x000000141d700000,0x000000141d800000)]
  0x0000012a6a2c4870 JavaThread "C1 CompilerThread0" daemon [_thread_blocked, id=3452, stack(0x000000141d800000,0x000000141d900000)]
  0x0000012a6a2c5180 JavaThread "Sweeper thread" daemon [_thread_blocked, id=22844, stack(0x000000141d900000,0x000000141da00000)]
  0x0000012a6a270f40 JavaThread "Common-Cleaner" daemon [_thread_blocked, id=4092, stack(0x000000141da00000,0x000000141db00000)]
  0x0000012a6aab9f60 JavaThread "Notification Thread" daemon [_thread_blocked, id=16592, stack(0x000000141db00000,0x000000141dc00000)]
  0x0000012a6fed0d80 JavaThread "Daemon health stats" [_thread_blocked, id=13416, stack(0x000000141e100000,0x000000141e200000)]
  0x0000012a707aaa20 JavaThread "Incoming local TCP Connector on port 51470" [_thread_in_native, id=26244, stack(0x000000141e200000,0x000000141e300000)]
  0x0000012a702cba10 JavaThread "Daemon periodic checks" [_thread_blocked, id=32652, stack(0x000000141e300000,0x000000141e400000)]
  0x0000012a702bb5b0 JavaThread "Daemon" [_thread_blocked, id=34272, stack(0x000000141e400000,0x000000141e500000)]
  0x0000012a702bba90 JavaThread "Handler for socket connection from /127.0.0.1:51470 to /127.0.0.1:51472" [_thread_in_native, id=22704, stack(0x000000141e500000,0x000000141e600000)]
  0x0000012a6f9b1060 JavaThread "Cancel handler" [_thread_blocked, id=29612, stack(0x000000141e600000,0x000000141e700000)]
  0x0000012a6f9b1f90 JavaThread "Daemon worker" [_thread_in_vm, id=34348, stack(0x000000141e700000,0x000000141e800000)]
  0x0000012a6f9b24a0 JavaThread "Asynchronous log dispatcher for DefaultDaemonConnection: socket connection from /127.0.0.1:51470 to /127.0.0.1:51472" [_thread_blocked, id=9060, stack(0x000000141e800000,0x000000141e900000)]
  0x0000012a6f9b4300 JavaThread "Stdin handler" [_thread_blocked, id=31576, stack(0x000000141e900000,0x000000141ea00000)]
  0x0000012a6f9b29b0 JavaThread "Daemon client event forwarder" [_thread_blocked, id=22700, stack(0x000000141ea00000,0x000000141eb00000)]
  0x0000012a6f9b2ec0 JavaThread "Cache worker for journal cache (C:\Users\vj999\.gradle\caches\journal-1)" [_thread_blocked, id=25096, stack(0x000000141eb00000,0x000000141ec00000)]
  0x0000012a6f9b38e0 JavaThread "File lock request listener" [_thread_in_native, id=4264, stack(0x000000141ec00000,0x000000141ed00000)]
  0x0000012a6f9b33d0 JavaThread "Cache worker for file hash cache (C:\Users\vj999\.gradle\caches\9.0.0\fileHashes)" [_thread_blocked, id=9268, stack(0x000000141ed00000,0x000000141ee00000)]
  0x0000012a6f9b3df0 JavaThread "Cache worker for file hash cache (D:\techpravaha\Vrikshamitra-SIH2K25\frontend\android\.gradle\9.0.0\fileHashes)" [_thread_blocked, id=26600, stack(0x000000141f500000,0x000000141f600000)]
  0x0000012a6f9b4810 JavaThread "File lock release action executor" [_thread_blocked, id=27592, stack(0x000000141f600000,0x000000141f700000)]
  0x0000012a6f9b1570 JavaThread "Cache worker for Build Output Cleanup Cache (D:\techpravaha\Vrikshamitra-SIH2K25\frontend\android\.gradle\buildOutputCleanup)" [_thread_blocked, id=27104, stack(0x000000141f700000,0x000000141f800000)]
  0x0000012a6f9b1a80 JavaThread "File watcher server" daemon [_thread_in_native, id=12484, stack(0x000000141f800000,0x000000141f900000)]
  0x0000012a70d6cfa0 JavaThread "File watcher consumer" daemon [_thread_blocked, id=18736, stack(0x000000141f900000,0x000000141fa00000)]
  0x0000012a70d6f310 JavaThread "Cache worker for checksums cache (D:\techpravaha\Vrikshamitra-SIH2K25\frontend\android\.gradle\9.0.0\checksums)" [_thread_blocked, id=22932, stack(0x000000141fa00000,0x000000141fb00000)]
  0x0000012a70d6ee00 JavaThread "Cache worker for file content cache (C:\Users\vj999\.gradle\caches\9.0.0\fileContent)" [_thread_blocked, id=23008, stack(0x000000141fb00000,0x000000141fc00000)]
  0x0000012a70d6d4b0 JavaThread "Cache worker for cache directory md-supplier (C:\Users\vj999\.gradle\caches\9.0.0\md-supplier)" [_thread_blocked, id=29452, stack(0x000000141fc00000,0x000000141fd00000)]
  0x0000012a70d6f820 JavaThread "Cache worker for cache directory md-rule (C:\Users\vj999\.gradle\caches\9.0.0\md-rule)" [_thread_blocked, id=12612, stack(0x000000141fd00000,0x000000141fe00000)]
  0x0000012a70d6d9c0 JavaThread "jar transforms" [_thread_blocked, id=32004, stack(0x000000141fe00000,0x000000141ff00000)]
  0x0000012a70d6fd30 JavaThread "Cache worker for Build Output Cleanup Cache (D:\techpravaha\Vrikshamitra-SIH2K25\frontend\node_modules\@react-native\gradle-plugin\.gradle\buildOutputCleanup)" [_thread_blocked, id=9648, stack(0x000000141ff00000,0x0000001420000000)]

Other Threads:
  0x0000012a6a280080 VMThread "VM Thread" [stack: 0x000000141d000000,0x000000141d100000] [id=33760]
  0x0000012a4bff0d20 WatcherThread [stack: 0x000000141dc00000,0x000000141dd00000] [id=31812]
  0x0000012a4c04eea0 GCTaskThread "GC Thread#0" [stack: 0x000000141cb00000,0x000000141cc00000] [id=20052]
  0x0000012a6f082780 GCTaskThread "GC Thread#1" [stack: 0x000000141dd00000,0x000000141de00000] [id=28920]
  0x0000012a6f16bf30 GCTaskThread "GC Thread#2" [stack: 0x000000141de00000,0x000000141df00000] [id=32424]
  0x0000012a6f924cb0 GCTaskThread "GC Thread#3" [stack: 0x000000141df00000,0x000000141e000000] [id=26468]
  0x0000012a6f59eb20 GCTaskThread "GC Thread#4" [stack: 0x000000141e000000,0x000000141e100000] [id=16632]
  0x0000012a7106b5f0 GCTaskThread "GC Thread#5" [stack: 0x000000141ee00000,0x000000141ef00000] [id=8796]
  0x0000012a70cfb050 GCTaskThread "GC Thread#6" [stack: 0x000000141ef00000,0x000000141f000000] [id=33328]
  0x0000012a70470470 GCTaskThread "GC Thread#7" [stack: 0x000000141f000000,0x000000141f100000] [id=30148]
  0x0000012a70470730 GCTaskThread "GC Thread#8" [stack: 0x000000141f100000,0x000000141f200000] [id=6488]
  0x0000012a6f531a50 GCTaskThread "GC Thread#9" [stack: 0x000000141f200000,0x000000141f300000] [id=444]
  0x0000012a4c05fd00 ConcurrentGCThread "G1 Main Marker" [stack: 0x000000141cc00000,0x000000141cd00000] [id=29708]
  0x0000012a4c060630 ConcurrentGCThread "G1 Conc#0" [stack: 0x000000141cd00000,0x000000141ce00000] [id=35800]
  0x0000012a70f23530 ConcurrentGCThread "G1 Conc#1" [stack: 0x000000141f300000,0x000000141f400000] [id=35248]
  0x0000012a70f22a30 ConcurrentGCThread "G1 Conc#2" [stack: 0x000000141f400000,0x000000141f500000] [id=25300]
  0x0000012a6a145c70 ConcurrentGCThread "G1 Refine#0" [stack: 0x000000141ce00000,0x000000141cf00000] [id=35176]
  0x0000012a6a146450 ConcurrentGCThread "G1 Service" [stack: 0x000000141cf00000,0x000000141d000000] [id=29180]

Threads with active compile tasks:
C2 CompilerThread0    26705 4237   !   4       java.lang.ClassLoader::loadClass (121 bytes)

VM state: not at safepoint (normal execution)

VM Mutex/Monitor currently owned by a thread: None

Heap address: 0x0000000080000000, size: 2048 MB, Compressed Oops mode: 32-bit

CDS archive(s) mapped at: [0x0000012a00000000-0x0000012a00bb0000-0x0000012a00bb0000), size 12255232, SharedBaseAddress: 0x0000012a00000000, ArchiveRelocationMode: 1.
Compressed class space mapped at: 0x0000012a01000000-0x0000012a1b000000, reserved size: 436207616
Narrow klass base: 0x0000012a00000000, Narrow klass shift: 0, Narrow klass range: 0x100000000

GC Precious Log:
 CPUs: 12 total, 12 available
 Memory: 7381M
 Large Page Support: Disabled
 NUMA Support: Disabled
 Compressed Oops: Enabled (32-bit)
 Heap Region Size: 1M
 Heap Min Capacity: 8M
 Heap Initial Capacity: 116M
 Heap Max Capacity: 2G
 Pre-touch: Disabled
 Parallel Workers: 10
 Concurrent Workers: 3
 Concurrent Refinement Workers: 10
 Periodic GC: Disabled

Heap:
 garbage-first heap   total 109568K, used 33288K [0x0000000080000000, 0x0000000100000000)
  region size 1024K, 7 young (7168K), 5 survivors (5120K)
 Metaspace       used 38546K, committed 39232K, reserved 491520K
  class space    used 5492K, committed 5824K, reserved 425984K

Heap Regions: E=young(eden), S=young(survivor), O=old, HS=humongous(starts), HC=humongous(continues), CS=collection set, F=free, OA=open archive, CA=closed archive, TAMS=top-at-mark-start (previous, next)
|   0|0x0000000080000000, 0x0000000080100000, 0x0000000080100000|100%|HS|  |TAMS 0x0000000080100000, 0x0000000080000000| Complete 
|   1|0x0000000080100000, 0x0000000080200000, 0x0000000080200000|100%|HC|  |TAMS 0x0000000080200000, 0x0000000080100000| Complete 
|   2|0x0000000080200000, 0x0000000080300000, 0x0000000080300000|100%|HC|  |TAMS 0x0000000080300000, 0x0000000080200000| Complete 
|   3|0x0000000080300000, 0x0000000080400000, 0x0000000080400000|100%| O|  |TAMS 0x0000000080400000, 0x0000000080300000| Untracked 
|   4|0x0000000080400000, 0x0000000080500000, 0x0000000080500000|100%| O|  |TAMS 0x0000000080500000, 0x0000000080400000| Untracked 
|   5|0x0000000080500000, 0x0000000080600000, 0x0000000080600000|100%| O|  |TAMS 0x0000000080600000, 0x0000000080500000| Untracked 
|   6|0x0000000080600000, 0x0000000080700000, 0x0000000080700000|100%|HS|  |TAMS 0x0000000080700000, 0x0000000080600000| Complete 
|   7|0x0000000080700000, 0x0000000080800000, 0x0000000080800000|100%| O|  |TAMS 0x0000000080800000, 0x0000000080700000| Untracked 
|   8|0x0000000080800000, 0x0000000080900000, 0x0000000080900000|100%| O|  |TAMS 0x0000000080900000, 0x0000000080800000| Untracked 
|   9|0x0000000080900000, 0x0000000080a00000, 0x0000000080a00000|100%| O|  |TAMS 0x0000000080a00000, 0x0000000080900000| Untracked 
|  10|0x0000000080a00000, 0x0000000080b00000, 0x0000000080b00000|100%| O|  |TAMS 0x0000000080b00000, 0x0000000080a00000| Untracked 
|  11|0x0000000080b00000, 0x0000000080c00000, 0x0000000080c00000|100%| O|  |TAMS 0x0000000080c00000, 0x0000000080b00000| Untracked 
|  12|0x0000000080c00000, 0x0000000080d00000, 0x0000000080d00000|100%| O|  |TAMS 0x0000000080d00000, 0x0000000080c00000| Untracked 
|  13|0x0000000080d00000, 0x0000000080e00000, 0x0000000080e00000|100%| O|  |TAMS 0x0000000080e00000, 0x0000000080d00000| Untracked 
|  14|0x0000000080e00000, 0x0000000080f00000, 0x0000000080f00000|100%| O|  |TAMS 0x0000000080f00000, 0x0000000080e00000| Untracked 
|  15|0x0000000080f00000, 0x0000000081000000, 0x0000000081000000|100%| O|  |TAMS 0x0000000081000000, 0x0000000080f00000| Untracked 
|  16|0x0000000081000000, 0x0000000081100000, 0x0000000081100000|100%| O|  |TAMS 0x0000000081100000, 0x0000000081000000| Untracked 
|  17|0x0000000081100000, 0x0000000081200000, 0x0000000081200000|100%| O|  |TAMS 0x0000000081200000, 0x0000000081100000| Untracked 
|  18|0x0000000081200000, 0x0000000081300000, 0x0000000081300000|100%| O|  |TAMS 0x0000000081300000, 0x0000000081200000| Untracked 
|  19|0x0000000081300000, 0x0000000081400000, 0x0000000081400000|100%| O|  |TAMS 0x0000000081400000, 0x0000000081300000| Untracked 
|  20|0x0000000081400000, 0x0000000081500000, 0x0000000081500000|100%| O|  |TAMS 0x0000000081500000, 0x0000000081400000| Untracked 
|  21|0x0000000081500000, 0x0000000081600000, 0x0000000081600000|100%| O|  |TAMS 0x0000000081600000, 0x0000000081500000| Untracked 
|  22|0x0000000081600000, 0x0000000081700000, 0x0000000081700000|100%| O|  |TAMS 0x0000000081600000, 0x0000000081600000| Untracked 
|  23|0x0000000081700000, 0x0000000081800000, 0x0000000081800000|100%| O|  |TAMS 0x0000000081800000, 0x0000000081700000| Untracked 
|  24|0x0000000081800000, 0x0000000081900000, 0x0000000081900000|100%| O|  |TAMS 0x0000000081900000, 0x0000000081800000| Untracked 
|  25|0x0000000081900000, 0x0000000081959000, 0x0000000081a00000| 34%| O|  |TAMS 0x0000000081959000, 0x0000000081900000| Untracked 
|  26|0x0000000081a00000, 0x0000000081b00000, 0x0000000081b00000|100%| O|  |TAMS 0x0000000081a00000, 0x0000000081a00000| Untracked 
|  27|0x0000000081b00000, 0x0000000081bea800, 0x0000000081c00000| 91%| O|  |TAMS 0x0000000081b00000, 0x0000000081b00000| Untracked 
|  28|0x0000000081c00000, 0x0000000081c00000, 0x0000000081d00000|  0%| F|  |TAMS 0x0000000081c00000, 0x0000000081c00000| Untracked 
|  29|0x0000000081d00000, 0x0000000081d00000, 0x0000000081e00000|  0%| F|  |TAMS 0x0000000081d00000, 0x0000000081d00000| Untracked 
|  30|0x0000000081e00000, 0x0000000081e00000, 0x0000000081f00000|  0%| F|  |TAMS 0x0000000081e00000, 0x0000000081e00000| Untracked 
|  31|0x0000000081f00000, 0x0000000081f00000, 0x0000000082000000|  0%| F|  |TAMS 0x0000000081f00000, 0x0000000081f00000| Untracked 
|  32|0x0000000082000000, 0x0000000082000000, 0x0000000082100000|  0%| F|  |TAMS 0x0000000082000000, 0x0000000082000000| Untracked 
|  33|0x0000000082100000, 0x0000000082100000, 0x0000000082200000|  0%| F|  |TAMS 0x0000000082100000, 0x0000000082100000| Untracked 
|  34|0x0000000082200000, 0x0000000082200000, 0x0000000082300000|  0%| F|  |TAMS 0x0000000082200000, 0x0000000082200000| Untracked 
|  35|0x0000000082300000, 0x0000000082300000, 0x0000000082400000|  0%| F|  |TAMS 0x0000000082300000, 0x0000000082300000| Untracked 
|  36|0x0000000082400000, 0x0000000082400000, 0x0000000082500000|  0%| F|  |TAMS 0x0000000082400000, 0x0000000082400000| Untracked 
|  37|0x0000000082500000, 0x0000000082500000, 0x0000000082600000|  0%| F|  |TAMS 0x0000000082500000, 0x0000000082500000| Untracked 
|  38|0x0000000082600000, 0x000000008263e820, 0x0000000082700000| 24%| S|CS|TAMS 0x0000000082600000, 0x0000000082600000| Complete 
|  39|0x0000000082700000, 0x0000000082800000, 0x0000000082800000|100%| S|CS|TAMS 0x0000000082700000, 0x0000000082700000| Complete 
|  40|0x0000000082800000, 0x0000000082900000, 0x0000000082900000|100%| S|CS|TAMS 0x0000000082800000, 0x0000000082800000| Complete 
|  41|0x0000000082900000, 0x0000000082a00000, 0x0000000082a00000|100%| S|CS|TAMS 0x0000000082900000, 0x0000000082900000| Complete 
|  42|0x0000000082a00000, 0x0000000082b00000, 0x0000000082b00000|100%| S|CS|TAMS 0x0000000082a00000, 0x0000000082a00000| Complete 
|  43|0x0000000082b00000, 0x0000000082b00000, 0x0000000082c00000|  0%| F|  |TAMS 0x0000000082b00000, 0x0000000082b00000| Untracked 
|  44|0x0000000082c00000, 0x0000000082c00000, 0x0000000082d00000|  0%| F|  |TAMS 0x0000000082c00000, 0x0000000082c00000| Untracked 
|  45|0x0000000082d00000, 0x0000000082d00000, 0x0000000082e00000|  0%| F|  |TAMS 0x0000000082d00000, 0x0000000082d00000| Untracked 
|  46|0x0000000082e00000, 0x0000000082e00000, 0x0000000082f00000|  0%| F|  |TAMS 0x0000000082e00000, 0x0000000082e00000| Untracked 
|  47|0x0000000082f00000, 0x0000000082f00000, 0x0000000083000000|  0%| F|  |TAMS 0x0000000082f00000, 0x0000000082f00000| Untracked 
|  48|0x0000000083000000, 0x0000000083000000, 0x0000000083100000|  0%| F|  |TAMS 0x0000000083000000, 0x0000000083000000| Untracked 
|  49|0x0000000083100000, 0x0000000083100000, 0x0000000083200000|  0%| F|  |TAMS 0x0000000083100000, 0x0000000083100000| Untracked 
|  50|0x0000000083200000, 0x0000000083200000, 0x0000000083300000|  0%| F|  |TAMS 0x0000000083200000, 0x0000000083200000| Untracked 
|  51|0x0000000083300000, 0x0000000083300000, 0x0000000083400000|  0%| F|  |TAMS 0x0000000083300000, 0x0000000083300000| Untracked 
|  52|0x0000000083400000, 0x0000000083400000, 0x0000000083500000|  0%| F|  |TAMS 0x0000000083400000, 0x0000000083400000| Untracked 
|  53|0x0000000083500000, 0x0000000083500000, 0x0000000083600000|  0%| F|  |TAMS 0x0000000083500000, 0x0000000083500000| Untracked 
|  54|0x0000000083600000, 0x0000000083600000, 0x0000000083700000|  0%| F|  |TAMS 0x0000000083600000, 0x0000000083600000| Untracked 
|  55|0x0000000083700000, 0x0000000083700000, 0x0000000083800000|  0%| F|  |TAMS 0x0000000083700000, 0x0000000083700000| Untracked 
|  56|0x0000000083800000, 0x0000000083800000, 0x0000000083900000|  0%| F|  |TAMS 0x0000000083800000, 0x0000000083800000| Untracked 
|  57|0x0000000083900000, 0x0000000083900000, 0x0000000083a00000|  0%| F|  |TAMS 0x0000000083900000, 0x0000000083900000| Untracked 
|  58|0x0000000083a00000, 0x0000000083a00000, 0x0000000083b00000|  0%| F|  |TAMS 0x0000000083a00000, 0x0000000083a00000| Untracked 
|  59|0x0000000083b00000, 0x0000000083b00000, 0x0000000083c00000|  0%| F|  |TAMS 0x0000000083b00000, 0x0000000083b00000| Untracked 
|  60|0x0000000083c00000, 0x0000000083c00000, 0x0000000083d00000|  0%| F|  |TAMS 0x0000000083c00000, 0x0000000083c00000| Untracked 
|  61|0x0000000083d00000, 0x0000000083d00000, 0x0000000083e00000|  0%| F|  |TAMS 0x0000000083d00000, 0x0000000083d00000| Untracked 
|  62|0x0000000083e00000, 0x0000000083e00000, 0x0000000083f00000|  0%| F|  |TAMS 0x0000000083e00000, 0x0000000083e00000| Untracked 
|  63|0x0000000083f00000, 0x0000000083f00000, 0x0000000084000000|  0%| F|  |TAMS 0x0000000083f00000, 0x0000000083f00000| Untracked 
|  64|0x0000000084000000, 0x0000000084000000, 0x0000000084100000|  0%| F|  |TAMS 0x0000000084000000, 0x0000000084000000| Untracked 
|  65|0x0000000084100000, 0x0000000084100000, 0x0000000084200000|  0%| F|  |TAMS 0x0000000084100000, 0x0000000084100000| Untracked 
|  66|0x0000000084200000, 0x0000000084200000, 0x0000000084300000|  0%| F|  |TAMS 0x0000000084200000, 0x0000000084200000| Untracked 
|  67|0x0000000084300000, 0x0000000084300000, 0x0000000084400000|  0%| F|  |TAMS 0x0000000084300000, 0x0000000084300000| Untracked 
|  68|0x0000000084400000, 0x0000000084400000, 0x0000000084500000|  0%| F|  |TAMS 0x0000000084400000, 0x0000000084400000| Untracked 
|  69|0x0000000084500000, 0x0000000084500000, 0x0000000084600000|  0%| F|  |TAMS 0x0000000084500000, 0x0000000084500000| Untracked 
|  70|0x0000000084600000, 0x0000000084600000, 0x0000000084700000|  0%| F|  |TAMS 0x0000000084600000, 0x0000000084600000| Untracked 
|  71|0x0000000084700000, 0x0000000084700000, 0x0000000084800000|  0%| F|  |TAMS 0x0000000084700000, 0x0000000084700000| Untracked 
|  72|0x0000000084800000, 0x0000000084800000, 0x0000000084900000|  0%| F|  |TAMS 0x0000000084800000, 0x0000000084800000| Untracked 
|  73|0x0000000084900000, 0x0000000084900000, 0x0000000084a00000|  0%| F|  |TAMS 0x0000000084900000, 0x0000000084900000| Untracked 
|  74|0x0000000084a00000, 0x0000000084a00000, 0x0000000084b00000|  0%| F|  |TAMS 0x0000000084a00000, 0x0000000084a00000| Untracked 
|  75|0x0000000084b00000, 0x0000000084b00000, 0x0000000084c00000|  0%| F|  |TAMS 0x0000000084b00000, 0x0000000084b00000| Untracked 
|  76|0x0000000084c00000, 0x0000000084c00000, 0x0000000084d00000|  0%| F|  |TAMS 0x0000000084c00000, 0x0000000084c00000| Untracked 
|  77|0x0000000084d00000, 0x0000000084d00000, 0x0000000084e00000|  0%| F|  |TAMS 0x0000000084d00000, 0x0000000084d00000| Untracked 
|  78|0x0000000084e00000, 0x0000000084e00000, 0x0000000084f00000|  0%| F|  |TAMS 0x0000000084e00000, 0x0000000084e00000| Untracked 
|  79|0x0000000084f00000, 0x0000000084f00000, 0x0000000085000000|  0%| F|  |TAMS 0x0000000084f00000, 0x0000000084f00000| Untracked 
|  80|0x0000000085000000, 0x0000000085000000, 0x0000000085100000|  0%| F|  |TAMS 0x0000000085000000, 0x0000000085000000| Untracked 
|  81|0x0000000085100000, 0x0000000085100000, 0x0000000085200000|  0%| F|  |TAMS 0x0000000085100000, 0x0000000085100000| Untracked 
|  82|0x0000000085200000, 0x0000000085200000, 0x0000000085300000|  0%| F|  |TAMS 0x0000000085200000, 0x0000000085200000| Untracked 
|  83|0x0000000085300000, 0x0000000085300000, 0x0000000085400000|  0%| F|  |TAMS 0x0000000085300000, 0x0000000085300000| Untracked 
|  84|0x0000000085400000, 0x0000000085400000, 0x0000000085500000|  0%| F|  |TAMS 0x0000000085400000, 0x0000000085400000| Untracked 
|  85|0x0000000085500000, 0x0000000085500000, 0x0000000085600000|  0%| F|  |TAMS 0x0000000085500000, 0x0000000085500000| Untracked 
|  86|0x0000000085600000, 0x0000000085600000, 0x0000000085700000|  0%| F|  |TAMS 0x0000000085600000, 0x0000000085600000| Untracked 
|  87|0x0000000085700000, 0x0000000085700000, 0x0000000085800000|  0%| F|  |TAMS 0x0000000085700000, 0x0000000085700000| Untracked 
|  88|0x0000000085800000, 0x0000000085800000, 0x0000000085900000|  0%| F|  |TAMS 0x0000000085800000, 0x0000000085800000| Untracked 
|  89|0x0000000085900000, 0x0000000085900000, 0x0000000085a00000|  0%| F|  |TAMS 0x0000000085900000, 0x0000000085900000| Untracked 
|  90|0x0000000085a00000, 0x0000000085a00000, 0x0000000085b00000|  0%| F|  |TAMS 0x0000000085a00000, 0x0000000085a00000| Untracked 
|  91|0x0000000085b00000, 0x0000000085b00000, 0x0000000085c00000|  0%| F|  |TAMS 0x0000000085b00000, 0x0000000085b00000| Untracked 
|  92|0x0000000085c00000, 0x0000000085c00000, 0x0000000085d00000|  0%| F|  |TAMS 0x0000000085c00000, 0x0000000085c00000| Untracked 
|  93|0x0000000085d00000, 0x0000000085d00000, 0x0000000085e00000|  0%| F|  |TAMS 0x0000000085d00000, 0x0000000085d00000| Untracked 
|  94|0x0000000085e00000, 0x0000000085e00000, 0x0000000085f00000|  0%| F|  |TAMS 0x0000000085e00000, 0x0000000085e00000| Untracked 
|  95|0x0000000085f00000, 0x0000000085f00000, 0x0000000086000000|  0%| F|  |TAMS 0x0000000085f00000, 0x0000000085f00000| Untracked 
|  96|0x0000000086000000, 0x0000000086000000, 0x0000000086100000|  0%| F|  |TAMS 0x0000000086000000, 0x0000000086000000| Untracked 
|  97|0x0000000086100000, 0x0000000086100000, 0x0000000086200000|  0%| F|  |TAMS 0x0000000086100000, 0x0000000086100000| Untracked 
|  98|0x0000000086200000, 0x0000000086200000, 0x0000000086300000|  0%| F|  |TAMS 0x0000000086200000, 0x0000000086200000| Untracked 
|  99|0x0000000086300000, 0x0000000086300000, 0x0000000086400000|  0%| F|  |TAMS 0x0000000086300000, 0x0000000086300000| Untracked 
| 100|0x0000000086400000, 0x0000000086400000, 0x0000000086500000|  0%| F|  |TAMS 0x0000000086400000, 0x0000000086400000| Untracked 
| 101|0x0000000086500000, 0x0000000086500000, 0x0000000086600000|  0%| F|  |TAMS 0x0000000086500000, 0x0000000086500000| Untracked 
| 102|0x0000000086600000, 0x0000000086600000, 0x0000000086700000|  0%| F|  |TAMS 0x0000000086600000, 0x0000000086600000| Untracked 
| 103|0x0000000086700000, 0x0000000086700000, 0x0000000086800000|  0%| F|  |TAMS 0x0000000086700000, 0x0000000086700000| Untracked 
| 104|0x0000000086800000, 0x0000000086800000, 0x0000000086900000|  0%| F|  |TAMS 0x0000000086800000, 0x0000000086800000| Untracked 
| 105|0x0000000086900000, 0x0000000086984118, 0x0000000086a00000| 51%| E|  |TAMS 0x0000000086900000, 0x0000000086900000| Complete 
| 128|0x0000000088000000, 0x0000000088100000, 0x0000000088100000|100%| E|CS|TAMS 0x0000000088000000, 0x0000000088000000| Complete 

Card table byte_map: [0x0000012a63490000,0x0000012a63890000] _byte_map_base: 0x0000012a63090000

Marking Bits (Prev, Next): (CMBitMap*) 0x0000012a4c04f3d0, (CMBitMap*) 0x0000012a4c04f410
 Prev Bits: [0x0000012a63c90000, 0x0000012a65c90000)
 Next Bits: [0x0000012a65c90000, 0x0000012a67c90000)

Polling page: 0x0000012a49d70000

Metaspace:

Usage:
  Non-class:     32.29 MB used.
      Class:      5.37 MB used.
       Both:     37.66 MB used.

Virtual space:
  Non-class space:       64.00 MB reserved,      32.62 MB ( 51%) committed,  1 nodes.
      Class space:      416.00 MB reserved,       5.69 MB (  1%) committed,  1 nodes.
             Both:      480.00 MB reserved,      38.31 MB (  8%) committed. 

Chunk freelists:
   Non-Class:  14.53 MB
       Class:  10.36 MB
        Both:  24.89 MB

MaxMetaspaceSize: 512.00 MB
CompressedClassSpaceSize: 416.00 MB
Initial GC threshold: 21.00 MB
Current GC threshold: 58.75 MB
CDS: on
MetaspaceReclaimPolicy: balanced
 - commit_granule_bytes: 65536.
 - commit_granule_words: 8192.
 - virtual_space_node_default_size: 8388608.
 - enlarge_chunks_in_place: 1.
 - new_chunks_are_fully_committed: 0.
 - uncommit_free_chunks: 1.
 - use_allocation_guard: 0.
 - handle_deallocations: 1.


Internal statistics:

num_allocs_failed_limit: 6.
num_arena_births: 836.
num_arena_deaths: 0.
num_vsnodes_births: 2.
num_vsnodes_deaths: 0.
num_space_committed: 613.
num_space_uncommitted: 0.
num_chunks_returned_to_freelist: 6.
num_chunks_taken_from_freelist: 2426.
num_chunk_merges: 6.
num_chunk_splits: 1585.
num_chunks_enlarged: 1049.
num_inconsistent_stats: 0.

CodeHeap 'non-profiled nmethods': size=120000Kb used=2357Kb max_used=2357Kb free=117642Kb
 bounds [0x0000012a5b610000, 0x0000012a5b880000, 0x0000012a62b40000]
CodeHeap 'profiled nmethods': size=120000Kb used=9131Kb max_used=9131Kb free=110869Kb
 bounds [0x0000012a53b40000, 0x0000012a54430000, 0x0000012a5b070000]
CodeHeap 'non-nmethods': size=5760Kb used=1630Kb max_used=1660Kb free=4129Kb
 bounds [0x0000012a5b070000, 0x0000012a5b2e0000, 0x0000012a5b610000]
 total_blobs=5034 nmethods=4332 adapters=614
 compilation: enabled
              stopped_count=0, restarted_count=0
 full_count=0

Compilation events (20 events):
Event: 26.502 Thread 0x0000012a6a2c4870 4339       1       org.gradle.internal.instantiation.generator.AbstractClassGenerator$PropertyMetadata::access$1400 (5 bytes)
Event: 26.502 Thread 0x0000012a6a2c4870 nmethod 4339 0x0000012a5b85d090 code [0x0000012a5b85d220, 0x0000012a5b85d2d8]
Event: 26.503 Thread 0x0000012a6a2c4870 4340       3       java.util.Arrays$ArrayList::toArray (15 bytes)
Event: 26.503 Thread 0x0000012a6a2c4870 nmethod 4340 0x0000012a54424190 code [0x0000012a54424340, 0x0000012a54424488]
Event: 26.507 Thread 0x0000012a6a2c4870 4341       3       org.gradle.internal.service.DefaultServiceRegistry::find (28 bytes)
Event: 26.508 Thread 0x0000012a6a2c4870 nmethod 4341 0x0000012a54424590 code [0x0000012a54424780, 0x0000012a54424ae8]
Event: 26.508 Thread 0x0000012a6a2c4870 4342       3       org.gradle.internal.service.DefaultServiceRegistry::getService (14 bytes)
Event: 26.508 Thread 0x0000012a6a2c4870 nmethod 4342 0x0000012a54424c90 code [0x0000012a54424e40, 0x0000012a54424fd8]
Event: 26.517 Thread 0x0000012a6a2c4870 4343       1       org.gradle.internal.instantiation.generator.AbstractClassGenerator$PropertyMetadata::field (6 bytes)
Event: 26.518 Thread 0x0000012a6a2c4870 nmethod 4343 0x0000012a5b85d390 code [0x0000012a5b85d520, 0x0000012a5b85d638]
Event: 26.565 Thread 0x0000012a6a2c4870 4344       3       java.util.concurrent.atomic.AtomicReferenceArray::<init> (13 bytes)
Event: 26.566 Thread 0x0000012a6a2c4870 nmethod 4344 0x0000012a54425090 code [0x0000012a54425240, 0x0000012a544254b8]
Event: 26.571 Thread 0x0000012a6a2c4870 4345       3       java.net.URI::match (56 bytes)
Event: 26.571 Thread 0x0000012a6a2c4870 nmethod 4345 0x0000012a54425590 code [0x0000012a54425740, 0x0000012a54425a18]
Event: 26.571 Thread 0x0000012a6a2c4870 4346       3       java.net.URI$Parser::scan (76 bytes)
Event: 26.572 Thread 0x0000012a6a2c4870 nmethod 4346 0x0000012a54425a90 code [0x0000012a54425cc0, 0x0000012a54426518]
Event: 26.572 Thread 0x0000012a6a2c4870 4347       3       org.gradle.internal.resource.ExternalResourceName::isLowerCaseChar (18 bytes)
Event: 26.573 Thread 0x0000012a6a2c4870 nmethod 4347 0x0000012a54426910 code [0x0000012a54426aa0, 0x0000012a54426c18]
Event: 26.575 Thread 0x0000012a6a2c4870 4348       3       java.lang.reflect.ProxyGenerator::addProxyMethod (190 bytes)
Event: 26.578 Thread 0x0000012a6a2c4870 nmethod 4348 0x0000012a54426c90 code [0x0000012a54427020, 0x0000012a544288c8]

GC Heap History (18 events):
Event: 1.572 GC heap before
{Heap before GC invocations=0 (full 0):
 garbage-first heap   total 118784K, used 23552K [0x0000000080000000, 0x0000000100000000)
  region size 1024K, 23 young (23552K), 0 survivors (0K)
 Metaspace       used 1050K, committed 1216K, reserved 491520K
  class space    used 72K, committed 128K, reserved 425984K
}
Event: 1.625 GC heap after
{Heap after GC invocations=1 (full 0):
 garbage-first heap   total 118784K, used 2208K [0x0000000080000000, 0x0000000100000000)
  region size 1024K, 3 young (3072K), 3 survivors (3072K)
 Metaspace       used 1050K, committed 1216K, reserved 491520K
  class space    used 72K, committed 128K, reserved 425984K
}
Event: 3.855 GC heap before
{Heap before GC invocations=1 (full 0):
 garbage-first heap   total 118784K, used 38048K [0x0000000080000000, 0x0000000100000000)
  region size 1024K, 35 young (35840K), 3 survivors (3072K)
 Metaspace       used 4527K, committed 4736K, reserved 491520K
  class space    used 570K, committed 640K, reserved 425984K
}
Event: 3.869 GC heap after
{Heap after GC invocations=2 (full 0):
 garbage-first heap   total 118784K, used 10790K [0x0000000080000000, 0x0000000100000000)
  region size 1024K, 5 young (5120K), 5 survivors (5120K)
 Metaspace       used 4527K, committed 4736K, reserved 491520K
  class space    used 570K, committed 640K, reserved 425984K
}
Event: 5.279 GC heap before
{Heap before GC invocations=2 (full 0):
 garbage-first heap   total 118784K, used 53798K [0x0000000080000000, 0x0000000100000000)
  region size 1024K, 45 young (46080K), 5 survivors (5120K)
 Metaspace       used 4602K, committed 4736K, reserved 491520K
  class space    used 571K, committed 640K, reserved 425984K
}
Event: 5.368 GC heap after
{Heap after GC invocations=3 (full 0):
 garbage-first heap   total 118784K, used 15520K [0x0000000080000000, 0x0000000100000000)
  region size 1024K, 4 young (4096K), 4 survivors (4096K)
 Metaspace       used 4602K, committed 4736K, reserved 491520K
  class space    used 571K, committed 640K, reserved 425984K
}
Event: 13.918 GC heap before
{Heap before GC invocations=3 (full 0):
 garbage-first heap   total 118784K, used 81056K [0x0000000080000000, 0x0000000100000000)
  region size 1024K, 68 young (69632K), 4 survivors (4096K)
 Metaspace       used 14934K, committed 15168K, reserved 491520K
  class space    used 2027K, committed 2112K, reserved 425984K
}
Event: 13.935 GC heap after
{Heap after GC invocations=4 (full 0):
 garbage-first heap   total 118784K, used 20705K [0x0000000080000000, 0x0000000100000000)
  region size 1024K, 9 young (9216K), 9 survivors (9216K)
 Metaspace       used 14934K, committed 15168K, reserved 491520K
  class space    used 2027K, committed 2112K, reserved 425984K
}
Event: 16.853 GC heap before
{Heap before GC invocations=4 (full 0):
 garbage-first heap   total 118784K, used 68833K [0x0000000080000000, 0x0000000100000000)
  region size 1024K, 56 young (57344K), 9 survivors (9216K)
 Metaspace       used 21253K, committed 21504K, reserved 491520K
  class space    used 2929K, committed 3072K, reserved 425984K
}
Event: 16.864 GC heap after
{Heap after GC invocations=5 (full 0):
 garbage-first heap   total 118784K, used 23543K [0x0000000080000000, 0x0000000100000000)
  region size 1024K, 3 young (3072K), 3 survivors (3072K)
 Metaspace       used 21253K, committed 21504K, reserved 491520K
  class space    used 2929K, committed 3072K, reserved 425984K
}
Event: 21.456 GC heap before
{Heap before GC invocations=6 (full 0):
 garbage-first heap   total 86016K, used 71671K [0x0000000080000000, 0x0000000100000000)
  region size 1024K, 50 young (51200K), 3 survivors (3072K)
 Metaspace       used 26818K, committed 27200K, reserved 491520K
  class space    used 3803K, committed 3968K, reserved 425984K
}
Event: 21.463 GC heap after
{Heap after GC invocations=7 (full 0):
 garbage-first heap   total 86016K, used 25082K [0x0000000080000000, 0x0000000100000000)
  region size 1024K, 5 young (5120K), 5 survivors (5120K)
 Metaspace       used 26818K, committed 27200K, reserved 491520K
  class space    used 3803K, committed 3968K, reserved 425984K
}
Event: 21.514 GC heap before
{Heap before GC invocations=7 (full 0):
 garbage-first heap   total 86016K, used 26106K [0x0000000080000000, 0x0000000100000000)
  region size 1024K, 6 young (6144K), 5 survivors (5120K)
 Metaspace       used 26922K, committed 27264K, reserved 491520K
  class space    used 3825K, committed 3968K, reserved 425984K
}
Event: 21.519 GC heap after
{Heap after GC invocations=8 (full 0):
 garbage-first heap   total 86016K, used 25568K [0x0000000080000000, 0x0000000100000000)
  region size 1024K, 1 young (1024K), 1 survivors (1024K)
 Metaspace       used 26922K, committed 27264K, reserved 491520K
  class space    used 3825K, committed 3968K, reserved 425984K
}
Event: 23.361 GC heap before
{Heap before GC invocations=8 (full 0):
 garbage-first heap   total 86016K, used 63456K [0x0000000080000000, 0x0000000100000000)
  region size 1024K, 39 young (39936K), 1 survivors (1024K)
 Metaspace       used 32911K, committed 33280K, reserved 491520K
  class space    used 4577K, committed 4736K, reserved 425984K
}
Event: 23.367 GC heap after
{Heap after GC invocations=9 (full 0):
 garbage-first heap   total 132096K, used 28024K [0x0000000080000000, 0x0000000100000000)
  region size 1024K, 4 young (4096K), 4 survivors (4096K)
 Metaspace       used 32911K, committed 33280K, reserved 491520K
  class space    used 4577K, committed 4736K, reserved 425984K
}
Event: 24.398 GC heap before
{Heap before GC invocations=9 (full 0):
 garbage-first heap   total 132096K, used 51576K [0x0000000080000000, 0x0000000100000000)
  region size 1024K, 28 young (28672K), 4 survivors (4096K)
 Metaspace       used 35464K, committed 35968K, reserved 491520K
  class space    used 4984K, committed 5248K, reserved 425984K
}
Event: 24.405 GC heap after
{Heap after GC invocations=10 (full 0):
 garbage-first heap   total 132096K, used 30100K [0x0000000080000000, 0x0000000100000000)
  region size 1024K, 6 young (6144K), 6 survivors (6144K)
 Metaspace       used 35464K, committed 35968K, reserved 491520K
  class space    used 4984K, committed 5248K, reserved 425984K
}

Dll operation events (15 events):
Event: 0.085 Loaded shared library C:\Program Files\Microsoft\jdk-17.0.16.8-hotspot\bin\java.dll
Event: 0.136 Loaded shared library C:\Program Files\Microsoft\jdk-17.0.16.8-hotspot\bin\jsvml.dll
Event: 0.281 Loaded shared library C:\Program Files\Microsoft\jdk-17.0.16.8-hotspot\bin\zip.dll
Event: 0.288 Loaded shared library C:\Program Files\Microsoft\jdk-17.0.16.8-hotspot\bin\instrument.dll
Event: 0.297 Loaded shared library C:\Program Files\Microsoft\jdk-17.0.16.8-hotspot\bin\net.dll
Event: 0.303 Loaded shared library C:\Program Files\Microsoft\jdk-17.0.16.8-hotspot\bin\nio.dll
Event: 0.308 Loaded shared library C:\Program Files\Microsoft\jdk-17.0.16.8-hotspot\bin\zip.dll
Event: 1.387 Loaded shared library C:\Program Files\Microsoft\jdk-17.0.16.8-hotspot\bin\jimage.dll
Event: 2.634 Loaded shared library C:\Program Files\Microsoft\jdk-17.0.16.8-hotspot\bin\verify.dll
Event: 2.738 Loaded shared library C:\Users\vj999\.gradle\native\1def1411415f61bf3af743bc5b6707747c0891f09f0c88961ee8f79bc544acac\windows-amd64\native-platform.dll
Event: 2.796 Loaded shared library C:\Users\vj999\.gradle\native\0.2.8\x86_64-windows-gnu\gradle-fileevents.dll
Event: 6.659 Loaded shared library C:\Program Files\Microsoft\jdk-17.0.16.8-hotspot\bin\management.dll
Event: 6.697 Loaded shared library C:\Program Files\Microsoft\jdk-17.0.16.8-hotspot\bin\management_ext.dll
Event: 8.663 Loaded shared library C:\Program Files\Microsoft\jdk-17.0.16.8-hotspot\bin\extnet.dll
Event: 10.190 Loaded shared library C:\Program Files\Microsoft\jdk-17.0.16.8-hotspot\bin\sunmscapi.dll

Deoptimization events (20 events):
Event: 26.410 Thread 0x0000012a6f9b1f90 Uncommon trap: trap_request=0xffffff45 fr.pc=0x0000012a5b7ce030 relative=0x0000000000000110
Event: 26.410 Thread 0x0000012a6f9b1f90 Uncommon trap: reason=unstable_if action=reinterpret pc=0x0000012a5b7ce030 method=java.util.Arrays.hashCode([Ljava/lang/Object;)I @ 34 c2
Event: 26.410 Thread 0x0000012a6f9b1f90 DEOPT PACKING pc=0x0000012a5b7ce030 sp=0x000000141e7f6ff0
Event: 26.410 Thread 0x0000012a6f9b1f90 DEOPT UNPACKING pc=0x0000012a5b0c69a3 sp=0x000000141e7f6f68 mode 2
Event: 26.479 Thread 0x0000012a6f9b1f90 Uncommon trap: trap_request=0xffffffc6 fr.pc=0x0000012a5b793c00 relative=0x0000000000000240
Event: 26.479 Thread 0x0000012a6f9b1f90 Uncommon trap: reason=bimorphic_or_optimized_type_check action=maybe_recompile pc=0x0000012a5b793c00 method=com.google.common.base.CharMatcher.indexIn(Ljava/lang/CharSequence;I)I @ 31 c2
Event: 26.479 Thread 0x0000012a6f9b1f90 DEOPT PACKING pc=0x0000012a5b793c00 sp=0x000000141e7f71e0
Event: 26.479 Thread 0x0000012a6f9b1f90 DEOPT UNPACKING pc=0x0000012a5b0c69a3 sp=0x000000141e7f7188 mode 2
Event: 26.562 Thread 0x0000012a6f9b1f90 Uncommon trap: trap_request=0xffffff45 fr.pc=0x0000012a5b6b7af4 relative=0x00000000000001d4
Event: 26.562 Thread 0x0000012a6f9b1f90 Uncommon trap: reason=unstable_if action=reinterpret pc=0x0000012a5b6b7af4 method=java.net.URI$Parser.scan(IILjava/lang/String;)I @ 26 c2
Event: 26.562 Thread 0x0000012a6f9b1f90 DEOPT PACKING pc=0x0000012a5b6b7af4 sp=0x000000141e7f5c10
Event: 26.562 Thread 0x0000012a6f9b1f90 DEOPT UNPACKING pc=0x0000012a5b0c69a3 sp=0x000000141e7f5ba0 mode 2
Event: 26.562 Thread 0x0000012a6f9b1f90 Uncommon trap: trap_request=0xffffff45 fr.pc=0x0000012a5b6903bc relative=0x000000000000011c
Event: 26.562 Thread 0x0000012a6f9b1f90 Uncommon trap: reason=unstable_if action=reinterpret pc=0x0000012a5b6903bc method=java.net.URI.match(CJJ)Z @ 45 c2
Event: 26.562 Thread 0x0000012a6f9b1f90 DEOPT PACKING pc=0x0000012a5b6903bc sp=0x000000141e7f5970
Event: 26.562 Thread 0x0000012a6f9b1f90 DEOPT UNPACKING pc=0x0000012a5b0c69a3 sp=0x000000141e7f58a8 mode 2
Event: 26.562 Thread 0x0000012a6f9b1f90 Uncommon trap: trap_request=0xffffff45 fr.pc=0x0000012a5b6489e8 relative=0x0000000000000048
Event: 26.562 Thread 0x0000012a6f9b1f90 Uncommon trap: reason=unstable_if action=reinterpret pc=0x0000012a5b6489e8 method=java.net.URI.match(CJJ)Z @ 19 c2
Event: 26.562 Thread 0x0000012a6f9b1f90 DEOPT PACKING pc=0x0000012a5b6489e8 sp=0x000000141e7f5980
Event: 26.562 Thread 0x0000012a6f9b1f90 DEOPT UNPACKING pc=0x0000012a5b0c69a3 sp=0x000000141e7f5930 mode 2

Classes loaded (20 events):
Event: 24.417 Loading class java/util/concurrent/RecursiveAction
Event: 24.421 Loading class java/util/concurrent/RecursiveAction done
Event: 24.479 Loading class java/util/stream/ReduceOps$2
Event: 24.484 Loading class java/util/stream/ReduceOps$2 done
Event: 24.484 Loading class java/util/stream/ReduceOps$2ReducingSink
Event: 24.484 Loading class java/util/stream/ReduceOps$2ReducingSink done
Event: 24.711 Loading class java/util/Collections$SynchronizedRandomAccessList
Event: 24.711 Loading class java/util/Collections$SynchronizedList
Event: 24.712 Loading class java/util/Collections$SynchronizedList done
Event: 24.712 Loading class java/util/Collections$SynchronizedRandomAccessList done
Event: 24.741 Loading class java/lang/invoke/BoundMethodHandle$Species_LLLLLLLLLLLLLLLLLLLLLLLL
Event: 24.741 Loading class java/lang/invoke/BoundMethodHandle$Species_LLLLLLLLLLLLLLLLLLLLLLLL done
Event: 24.745 Loading class java/lang/invoke/BoundMethodHandle$Species_LLLLLLLLLLLLLLLLLLLLLLLLL
Event: 24.745 Loading class java/lang/invoke/BoundMethodHandle$Species_LLLLLLLLLLLLLLLLLLLLLLLLL done
Event: 24.749 Loading class java/lang/invoke/BoundMethodHandle$Species_LLLLLLLLLLLLLLLLLLLLLLLLLL
Event: 24.749 Loading class java/lang/invoke/BoundMethodHandle$Species_LLLLLLLLLLLLLLLLLLLLLLLLLL done
Event: 26.057 Loading class java/util/ArrayList$ListItr
Event: 26.058 Loading class java/util/ArrayList$ListItr done
Event: 26.305 Loading class sun/reflect/generics/tree/BooleanSignature
Event: 26.305 Loading class sun/reflect/generics/tree/BooleanSignature done

Classes unloaded (0 events):
No events

Classes redefined (0 events):
No events

Internal exceptions (20 events):
Event: 24.838 Thread 0x0000012a6f9b1f90 Exception <a 'java/lang/NoSuchMethodError'{0x0000000085d630f0}: 'java.lang.Object java.lang.invoke.DirectMethodHandle$Holder.invokeStatic(java.lang.Object, java.lang.Object, java.lang.Object, java.lang.Object, java.lang.Object, java.lang.Object, int, java.lang.Object)'> (0x0000000085d630f0) 
thrown [s\src\hotspot\share\interpreter\linkResolver.cpp, line 759]
Event: 24.839 Thread 0x0000012a6f9b1f90 Exception <a 'java/lang/NoSuchMethodError'{0x0000000085d6e808}: 'java.lang.Object java.lang.invoke.DirectMethodHandle$Holder.newInvokeSpecial(java.lang.Object, java.lang.Object, java.lang.Object, java.lang.Object, java.lang.Object, java.lang.Object, int)'> (0x0000000085d6e808) 
thrown [s\src\hotspot\share\interpreter\linkResolver.cpp, line 759]
Event: 24.840 Thread 0x0000012a6f9b1f90 Exception <a 'java/lang/NoSuchMethodError'{0x0000000085d74498}: 'java.lang.Object java.lang.invoke.DirectMethodHandle$Holder.invokeSpecial(java.lang.Object, java.lang.Object, java.lang.Object, java.lang.Object, java.lang.Object, java.lang.Object, java.lang.Object, int)'> (0x0000000085d74498) 
thrown [s\src\hotspot\share\interpreter\linkResolver.cpp, line 759]
Event: 24.840 Thread 0x0000012a6f9b1f90 Exception <a 'java/lang/NoSuchMethodError'{0x0000000085d79678}: 'java.lang.Object java.lang.invoke.Invokers$Holder.linkToTargetMethod(java.lang.Object, java.lang.Object, java.lang.Object, java.lang.Object, java.lang.Object, int, java.lang.Object)'> (0x0000000085d79678) 
thrown [s\src\hotspot\share\interpreter\linkResolver.cpp, line 759]
Event: 25.698 Thread 0x0000012a6f9b1f90 Exception <a 'java/lang/NoSuchMethodError'{0x0000000083f82a50}: 'java.lang.Object java.lang.invoke.DirectMethodHandle$Holder.newInvokeSpecial(java.lang.Object, java.lang.Object, int, java.lang.Object, java.lang.Object, java.lang.Object, java.lang.Object)'> (0x0000000083f82a50) 
thrown [s\src\hotspot\share\interpreter\linkResolver.cpp, line 759]
Event: 25.704 Thread 0x0000012a6f9b1f90 Exception <a 'java/lang/NoSuchMethodError'{0x0000000083f8cd90}: 'java.lang.Object java.lang.invoke.Invokers$Holder.linkToTargetMethod(java.lang.Object, int, java.lang.Object, java.lang.Object, java.lang.Object, java.lang.Object, java.lang.Object)'> (0x0000000083f8cd90) 
thrown [s\src\hotspot\share\interpreter\linkResolver.cpp, line 759]
Event: 25.881 Thread 0x0000012a6f9b1f90 Exception <a 'java/lang/NoSuchMethodError'{0x0000000083cd2ec8}: 'java.lang.Object java.lang.invoke.DirectMethodHandle$Holder.invokeSpecial(java.lang.Object, java.lang.Object, java.lang.Object, java.lang.Object, java.lang.Object, java.lang.Object, java.lang.Object, java.lang.Object, java.lang.Object)'> (0x0000000083cd2ec8) 
thrown [s\src\hotspot\share\interpreter\linkResolver.cpp, line 759]
Event: 25.979 Thread 0x0000012a6f9b1f90 Exception <a 'java/lang/NoSuchMethodError'{0x00000000839566d8}: 'java.lang.Object java.lang.invoke.DirectMethodHandle$Holder.newInvokeSpecial(java.lang.Object, java.lang.Object, java.lang.Object, java.lang.Object, int)'> (0x00000000839566d8) 
thrown [s\src\hotspot\share\interpreter\linkResolver.cpp, line 759]
Event: 25.979 Thread 0x0000012a6f9b1f90 Exception <a 'java/lang/NoSuchMethodError'{0x000000008395b678}: 'java.lang.Object java.lang.invoke.Invokers$Holder.linkToTargetMethod(java.lang.Object, java.lang.Object, java.lang.Object, int, java.lang.Object)'> (0x000000008395b678) 
thrown [s\src\hotspot\share\interpreter\linkResolver.cpp, line 759]
Event: 26.036 Thread 0x0000012a6f9b1f90 Exception <a 'java/lang/NoSuchMethodError'{0x00000000838efa98}: 'void java.lang.invoke.DirectMethodHandle$Holder.invokeSpecial(java.lang.Object, java.lang.Object, java.lang.Object, java.lang.Object, java.lang.Object, java.lang.Object)'> (0x00000000838efa98) 
thrown [s\src\hotspot\share\interpreter\linkResolver.cpp, line 759]
Event: 26.082 Thread 0x0000012a6f9b1f90 Exception <a 'java/lang/NoSuchMethodError'{0x00000000837f23b0}: 'int java.lang.invoke.DirectMethodHandle$Holder.invokeInterface(java.lang.Object, java.lang.Object, java.lang.Object, java.lang.Object)'> (0x00000000837f23b0) 
thrown [s\src\hotspot\share\interpreter\linkResolver.cpp, line 759]
Event: 26.180 Thread 0x0000012a6f9b1f90 Exception <a 'java/lang/NoSuchMethodError'{0x00000000834afbd0}: 'java.lang.Object java.lang.invoke.DirectMethodHandle$Holder.invokeStatic(java.lang.Object, long, java.lang.Object)'> (0x00000000834afbd0) 
thrown [s\src\hotspot\share\interpreter\linkResolver.cpp, line 759]
Event: 26.181 Thread 0x0000012a6f9b1f90 Exception <a 'java/lang/NoSuchMethodError'{0x00000000834b8220}: 'java.lang.Object java.lang.invoke.DirectMethodHandle$Holder.newInvokeSpecial(java.lang.Object, long)'> (0x00000000834b8220) 
thrown [s\src\hotspot\share\interpreter\linkResolver.cpp, line 759]
Event: 26.200 Thread 0x0000012a6f9b1f90 Exception <a 'java/lang/NoSuchMethodError'{0x000000008332e920}: 'java.lang.Object java.lang.invoke.Invokers$Holder.linkToTargetMethod(java.lang.Object, java.lang.Object, java.lang.Object, java.lang.Object, long, java.lang.Object, java.lang.Object)'> (0x000000008332e920) 
thrown [s\src\hotspot\share\interpreter\linkResolver.cpp, line 759]
Event: 26.207 Thread 0x0000012a6f9b1f90 Exception <a 'java/lang/NoSuchMethodError'{0x0000000083374238}: 'java.lang.Object java.lang.invoke.DirectMethodHandle$Holder.newInvokeSpecial(java.lang.Object, java.lang.Object, java.lang.Object, long, java.lang.Object)'> (0x0000000083374238) 
thrown [s\src\hotspot\share\interpreter\linkResolver.cpp, line 759]
Event: 26.208 Thread 0x0000012a6f9b1f90 Exception <a 'java/lang/NoSuchMethodError'{0x0000000083379900}: 'java.lang.Object java.lang.invoke.DirectMethodHandle$Holder.invokeSpecial(java.lang.Object, java.lang.Object, java.lang.Object, java.lang.Object, long, java.lang.Object)'> (0x0000000083379900) 
thrown [s\src\hotspot\share\interpreter\linkResolver.cpp, line 759]
Event: 26.209 Thread 0x0000012a6f9b1f90 Exception <a 'java/lang/NoSuchMethodError'{0x000000008337e680}: 'java.lang.Object java.lang.invoke.Invokers$Holder.linkToTargetMethod(java.lang.Object, java.lang.Object, long, java.lang.Object, java.lang.Object)'> (0x000000008337e680) 
thrown [s\src\hotspot\share\interpreter\linkResolver.cpp, line 759]
Event: 26.410 Thread 0x0000012a6f9b1f90 Implicit null exception at 0x0000012a5b7cdf6c to 0x0000012a5b7ce014
Event: 26.543 Thread 0x0000012a6f9b1f90 Exception <a 'java/lang/NoSuchMethodError'{0x0000000082c9a770}: 'java.lang.Object java.lang.invoke.DirectMethodHandle$Holder.newInvokeSpecial(java.lang.Object, java.lang.Object, java.lang.Object, int, java.lang.Object)'> (0x0000000082c9a770) 
thrown [s\src\hotspot\share\interpreter\linkResolver.cpp, line 759]
Event: 26.543 Thread 0x0000012a6f9b1f90 Exception <a 'java/lang/NoSuchMethodError'{0x0000000082c9f438}: 'java.lang.Object java.lang.invoke.Invokers$Holder.linkToTargetMethod(java.lang.Object, java.lang.Object, int, java.lang.Object, java.lang.Object)'> (0x0000000082c9f438) 
thrown [s\src\hotspot\share\interpreter\linkResolver.cpp, line 759]

VM Operations (20 events):
Event: 23.873 Executing VM operation: HandshakeAllThreads
Event: 23.874 Executing VM operation: HandshakeAllThreads done
Event: 23.875 Executing VM operation: HandshakeAllThreads
Event: 23.875 Executing VM operation: HandshakeAllThreads done
Event: 23.924 Executing VM operation: HandshakeAllThreads
Event: 23.924 Executing VM operation: HandshakeAllThreads done
Event: 24.398 Executing VM operation: CollectForMetadataAllocation
Event: 24.405 Executing VM operation: CollectForMetadataAllocation done
Event: 24.424 Executing VM operation: G1PauseRemark
Event: 24.428 Executing VM operation: G1PauseRemark done
Event: 24.435 Executing VM operation: G1PauseCleanup
Event: 24.435 Executing VM operation: G1PauseCleanup done
Event: 25.436 Executing VM operation: Cleanup
Event: 25.436 Executing VM operation: Cleanup done
Event: 25.959 Executing VM operation: HandshakeAllThreads
Event: 25.960 Executing VM operation: HandshakeAllThreads done
Event: 26.059 Executing VM operation: HandshakeAllThreads
Event: 26.059 Executing VM operation: HandshakeAllThreads done
Event: 26.079 Executing VM operation: HandshakeAllThreads
Event: 26.079 Executing VM operation: HandshakeAllThreads done

Memory protections (0 events):
No events

Nmethod flushes (0 events):
No events

Events (20 events):
Event: 10.523 Thread 0x0000012a702bb5b0 Thread added: 0x0000012a702bba90
Event: 10.633 Thread 0x0000012a702bb5b0 Thread added: 0x0000012a6f9b1060
Event: 10.661 Thread 0x0000012a702bb5b0 Thread added: 0x0000012a6f9b1f90
Event: 10.707 Thread 0x0000012a6f9b1f90 Thread added: 0x0000012a6f9b24a0
Event: 10.718 Thread 0x0000012a6f9b1f90 Thread added: 0x0000012a6f9b4300
Event: 10.749 Thread 0x0000012a6f9b1f90 Thread added: 0x0000012a6f9b29b0
Event: 12.199 Thread 0x0000012a6f9b1f90 Thread added: 0x0000012a6f9b2ec0
Event: 12.222 Thread 0x0000012a6f9b1f90 Thread added: 0x0000012a6f9b38e0
Event: 13.887 Thread 0x0000012a6f9b1f90 Thread added: 0x0000012a6f9b33d0
Event: 17.101 Thread 0x0000012a6f9b1f90 Thread added: 0x0000012a6f9b3df0
Event: 17.145 Thread 0x0000012a6f9b38e0 Thread added: 0x0000012a6f9b4810
Event: 17.176 Thread 0x0000012a6f9b1f90 Thread added: 0x0000012a6f9b1570
Event: 17.961 Thread 0x0000012a6f9b1f90 Thread added: 0x0000012a6f9b1a80
Event: 17.980 Thread 0x0000012a6f9b1f90 Thread added: 0x0000012a70d6cfa0
Event: 18.453 Thread 0x0000012a6f9b1f90 Thread added: 0x0000012a70d6f310
Event: 21.017 Thread 0x0000012a6f9b1f90 Thread added: 0x0000012a70d6ee00
Event: 21.688 Thread 0x0000012a6f9b1f90 Thread added: 0x0000012a70d6d4b0
Event: 21.940 Thread 0x0000012a6f9b1f90 Thread added: 0x0000012a70d6f820
Event: 23.392 Thread 0x0000012a6f9b1f90 Thread added: 0x0000012a70d6d9c0
Event: 24.545 Thread 0x0000012a6f9b1f90 Thread added: 0x0000012a70d6fd30


Dynamic libraries:
0x00007ff678bf0000 - 0x00007ff678bfe000 	C:\Program Files\Microsoft\jdk-17.0.16.8-hotspot\bin\java.exe
0x00007ff899b20000 - 0x00007ff899d88000 	C:\WINDOWS\SYSTEM32\ntdll.dll
0x00007ff898fe0000 - 0x00007ff8990a9000 	C:\WINDOWS\System32\KERNEL32.DLL
0x00007ff897120000 - 0x00007ff897518000 	C:\WINDOWS\System32\KERNELBASE.dll
0x00007ff896f20000 - 0x00007ff89706b000 	C:\WINDOWS\System32\ucrtbase.dll
0x00007ff866c90000 - 0x00007ff866ca8000 	C:\Program Files\Microsoft\jdk-17.0.16.8-hotspot\bin\jli.dll
0x00007ff871250000 - 0x00007ff87126e000 	C:\Program Files\Microsoft\jdk-17.0.16.8-hotspot\bin\VCRUNTIME140.dll
0x00007ff8979c0000 - 0x00007ff897b87000 	C:\WINDOWS\System32\USER32.dll
0x00007ff8975e0000 - 0x00007ff897607000 	C:\WINDOWS\System32\win32u.dll
0x00007ff899650000 - 0x00007ff89967b000 	C:\WINDOWS\System32\GDI32.dll
0x00007ff8778e0000 - 0x00007ff877b74000 	C:\WINDOWS\WinSxS\amd64_microsoft.windows.common-controls_6595b64144ccf1df_6.0.26100.7019_none_3e06ffa0e335b8a8\COMCTL32.dll
0x00007ff896c70000 - 0x00007ff896d9c000 	C:\WINDOWS\System32\gdi32full.dll
0x00007ff897610000 - 0x00007ff8976b3000 	C:\WINDOWS\System32\msvcp_win.dll
0x00007ff898f30000 - 0x00007ff898fd9000 	C:\WINDOWS\System32\msvcrt.dll
0x00007ff899aa0000 - 0x00007ff899ad1000 	C:\WINDOWS\System32\IMM32.DLL
0x00007ff878470000 - 0x00007ff87847c000 	C:\Program Files\Microsoft\jdk-17.0.16.8-hotspot\bin\vcruntime140_1.dll
0x00007ff851fd0000 - 0x00007ff852059000 	C:\Program Files\Microsoft\jdk-17.0.16.8-hotspot\bin\msvcp140.dll
0x00007ff8344a0000 - 0x00007ff83511a000 	C:\Program Files\Microsoft\jdk-17.0.16.8-hotspot\bin\server\jvm.dll
0x00007ff899220000 - 0x00007ff8992d4000 	C:\WINDOWS\System32\ADVAPI32.dll
0x00007ff899400000 - 0x00007ff8994a6000 	C:\WINDOWS\System32\sechost.dll
0x00007ff898e00000 - 0x00007ff898f18000 	C:\WINDOWS\System32\RPCRT4.dll
0x00007ff899880000 - 0x00007ff8998f4000 	C:\WINDOWS\System32\WS2_32.dll
0x00007ff896ad0000 - 0x00007ff896b2e000 	C:\WINDOWS\SYSTEM32\POWRPROF.dll
0x00007ff888730000 - 0x00007ff888765000 	C:\WINDOWS\SYSTEM32\WINMM.dll
0x00007ff88ea90000 - 0x00007ff88ea9b000 	C:\WINDOWS\SYSTEM32\VERSION.dll
0x00007ff896ab0000 - 0x00007ff896ac4000 	C:\WINDOWS\SYSTEM32\UMPDC.dll
0x00007ff895a30000 - 0x00007ff895a4b000 	C:\WINDOWS\SYSTEM32\kernel.appcore.dll
0x00007ff8783d0000 - 0x00007ff8783da000 	C:\Program Files\Microsoft\jdk-17.0.16.8-hotspot\bin\jimage.dll
0x00007ff888b60000 - 0x00007ff888da2000 	C:\WINDOWS\SYSTEM32\DBGHELP.DLL
0x00007ff898a40000 - 0x00007ff898dcb000 	C:\WINDOWS\System32\combase.dll
0x00007ff8990c0000 - 0x00007ff899197000 	C:\WINDOWS\System32\OLEAUT32.dll
0x00007ff872ae0000 - 0x00007ff872b1c000 	C:\WINDOWS\SYSTEM32\dbgcore.DLL
0x00007ff897070000 - 0x00007ff897115000 	C:\WINDOWS\System32\bcryptPrimitives.dll
0x00007ff872a10000 - 0x00007ff872a1f000 	C:\Program Files\Microsoft\jdk-17.0.16.8-hotspot\bin\instrument.dll
0x00007ff865600000 - 0x00007ff865626000 	C:\Program Files\Microsoft\jdk-17.0.16.8-hotspot\bin\java.dll
0x00007ff850ae0000 - 0x00007ff850bb6000 	C:\Program Files\Microsoft\jdk-17.0.16.8-hotspot\bin\jsvml.dll
0x00007ff8982e0000 - 0x00007ff898a2f000 	C:\WINDOWS\System32\SHELL32.dll
0x00007ff8976c0000 - 0x00007ff89782b000 	C:\WINDOWS\System32\wintypes.dll
0x00007ff894860000 - 0x00007ff8950bd000 	C:\WINDOWS\SYSTEM32\windows.storage.dll
0x00007ff899300000 - 0x00007ff8993f2000 	C:\WINDOWS\System32\SHCORE.dll
0x00007ff897bf0000 - 0x00007ff897c57000 	C:\WINDOWS\System32\shlwapi.dll
0x00007ff896b90000 - 0x00007ff896bb9000 	C:\WINDOWS\SYSTEM32\profapi.dll
0x00007ff8653b0000 - 0x00007ff8653c8000 	C:\Program Files\Microsoft\jdk-17.0.16.8-hotspot\bin\zip.dll
0x00007ff866530000 - 0x00007ff86654b000 	C:\Program Files\Microsoft\jdk-17.0.16.8-hotspot\bin\net.dll
0x00007ff88ff90000 - 0x00007ff8900b8000 	C:\WINDOWS\SYSTEM32\WINHTTP.dll
0x00007ff895fa0000 - 0x00007ff89600b000 	C:\WINDOWS\system32\mswsock.dll
0x00007ff866150000 - 0x00007ff866166000 	C:\Program Files\Microsoft\jdk-17.0.16.8-hotspot\bin\nio.dll
0x00007ff876260000 - 0x00007ff876270000 	C:\Program Files\Microsoft\jdk-17.0.16.8-hotspot\bin\verify.dll
0x00007ff85eef0000 - 0x00007ff85ef17000 	C:\Users\vj999\.gradle\native\1def1411415f61bf3af743bc5b6707747c0891f09f0c88961ee8f79bc544acac\windows-amd64\native-platform.dll
0x00007ff850870000 - 0x00007ff8508e7000 	C:\Users\vj999\.gradle\native\0.2.8\x86_64-windows-gnu\gradle-fileevents.dll
0x00007ff877400000 - 0x00007ff87740a000 	C:\Program Files\Microsoft\jdk-17.0.16.8-hotspot\bin\management.dll
0x00007ff876e80000 - 0x00007ff876e8c000 	C:\Program Files\Microsoft\jdk-17.0.16.8-hotspot\bin\management_ext.dll
0x00007ff8992e0000 - 0x00007ff8992e8000 	C:\WINDOWS\System32\PSAPI.DLL
0x00007ff8954b0000 - 0x00007ff8954e4000 	C:\WINDOWS\SYSTEM32\IPHLPAPI.DLL
0x00007ff898f20000 - 0x00007ff898f2a000 	C:\WINDOWS\System32\NSI.dll
0x00007ff890cc0000 - 0x00007ff890cde000 	C:\WINDOWS\SYSTEM32\dhcpcsvc6.DLL
0x00007ff8907d0000 - 0x00007ff8907f3000 	C:\WINDOWS\SYSTEM32\dhcpcsvc.DLL
0x00007ff895590000 - 0x00007ff8956bc000 	C:\WINDOWS\SYSTEM32\DNSAPI.dll
0x00007ff872d30000 - 0x00007ff872d39000 	C:\Program Files\Microsoft\jdk-17.0.16.8-hotspot\bin\extnet.dll
0x00007ff896260000 - 0x00007ff89627b000 	C:\WINDOWS\SYSTEM32\CRYPTSP.dll
0x00007ff895990000 - 0x00007ff8959ca000 	C:\WINDOWS\system32\rsaenh.dll
0x00007ff896050000 - 0x00007ff89607b000 	C:\WINDOWS\SYSTEM32\USERENV.dll
0x00007ff896b60000 - 0x00007ff896b8a000 	C:\WINDOWS\SYSTEM32\bcrypt.dll
0x00007ff896280000 - 0x00007ff89628c000 	C:\WINDOWS\SYSTEM32\CRYPTBASE.dll
0x00007ff8780e0000 - 0x00007ff8780ee000 	C:\Program Files\Microsoft\jdk-17.0.16.8-hotspot\bin\sunmscapi.dll
0x00007ff896da0000 - 0x00007ff896f17000 	C:\WINDOWS\System32\CRYPT32.dll
0x00007ff896480000 - 0x00007ff8964b0000 	C:\WINDOWS\SYSTEM32\ncrypt.dll
0x00007ff896430000 - 0x00007ff89646f000 	C:\WINDOWS\SYSTEM32\NTASN1.dll
0x00007ff8079b0000 - 0x00007ff8079b8000 	C:\WINDOWS\system32\wshunix.dll

dbghelp: loaded successfully - version: 4.0.5 - missing functions: none
symbol engine: initialized successfully - sym options: 0x614 - pdb path: .;C:\Program Files\Microsoft\jdk-17.0.16.8-hotspot\bin;C:\WINDOWS\SYSTEM32;C:\WINDOWS\WinSxS\amd64_microsoft.windows.common-controls_6595b64144ccf1df_6.0.26100.7019_none_3e06ffa0e335b8a8;C:\Program Files\Microsoft\jdk-17.0.16.8-hotspot\bin\server;C:\Users\vj999\.gradle\native\1def1411415f61bf3af743bc5b6707747c0891f09f0c88961ee8f79bc544acac\windows-amd64;C:\Users\vj999\.gradle\native\0.2.8\x86_64-windows-gnu

VM Arguments:
jvm_args: --add-opens=java.base/java.lang=ALL-UNNAMED --add-opens=java.base/java.lang.invoke=ALL-UNNAMED --add-opens=java.base/java.util=ALL-UNNAMED --add-opens=java.prefs/java.util.prefs=ALL-UNNAMED --add-exports=jdk.compiler/com.sun.tools.javac.api=ALL-UNNAMED --add-exports=jdk.compiler/com.sun.tools.javac.util=ALL-UNNAMED --add-opens=java.base/java.util=ALL-UNNAMED --add-opens=java.prefs/java.util.prefs=ALL-UNNAMED --add-opens=java.base/java.nio.charset=ALL-UNNAMED --add-opens=java.base/java.net=ALL-UNNAMED --add-opens=java.base/java.util.concurrent=ALL-UNNAMED --add-opens=java.base/java.util.concurrent.atomic=ALL-UNNAMED --add-opens=java.xml/javax.xml.namespace=ALL-UNNAMED -XX:MaxMetaspaceSize=512m -Xmx2048m -Dfile.encoding=windows-1252 -Duser.country=IN -Duser.language=en -Duser.variant -javaagent:C:\Users\vj999\.gradle\wrapper\dists\gradle-9.0.0-bin\d6wjpkvcgsg3oed0qlfss3wgl\gradle-9.0.0\lib\agents\gradle-instrumentation-agent-9.0.0.jar 
java_command: org.gradle.launcher.daemon.bootstrap.GradleDaemon 9.0.0
java_class_path (initial): C:\Users\vj999\.gradle\wrapper\dists\gradle-9.0.0-bin\d6wjpkvcgsg3oed0qlfss3wgl\gradle-9.0.0\lib\gradle-daemon-main-9.0.0.jar
Launcher Type: SUN_STANDARD

[Global flags]
     intx CICompilerCount                          = 4                                         {product} {ergonomic}
   size_t CompressedClassSpaceSize                 = 436207616                                 {product} {ergonomic}
     uint ConcGCThreads                            = 3                                         {product} {ergonomic}
     uint G1ConcRefinementThreads                  = 10                                        {product} {ergonomic}
   size_t G1HeapRegionSize                         = 1048576                                   {product} {ergonomic}
    uintx GCDrainStackTargetSize                   = 64                                        {product} {ergonomic}
   size_t InitialHeapSize                          = 121634816                                 {product} {ergonomic}
   size_t MarkStackSize                            = 4194304                                   {product} {ergonomic}
   size_t MaxHeapSize                              = 2147483648                                {product} {command line}
   size_t MaxMetaspaceSize                         = 536870912                                 {product} {command line}
   size_t MaxNewSize                               = 1287651328                                {product} {ergonomic}
   size_t MinHeapDeltaBytes                        = 1048576                                   {product} {ergonomic}
   size_t MinHeapSize                              = 8388608                                   {product} {ergonomic}
    uintx NonNMethodCodeHeapSize                   = 5839372                                {pd product} {ergonomic}
    uintx NonProfiledCodeHeapSize                  = 122909434                              {pd product} {ergonomic}
    uintx ProfiledCodeHeapSize                     = 122909434                              {pd product} {ergonomic}
    uintx ReservedCodeCacheSize                    = 251658240                              {pd product} {ergonomic}
     bool SegmentedCodeCache                       = true                                      {product} {ergonomic}
   size_t SoftMaxHeapSize                          = 2147483648                             {manageable} {ergonomic}
     bool UseCompressedClassPointers               = true                           {product lp64_product} {ergonomic}
     bool UseCompressedOops                        = true                           {product lp64_product} {ergonomic}
     bool UseG1GC                                  = true                                      {product} {ergonomic}
     bool UseLargePagesIndividualAllocation        = false                                  {pd product} {ergonomic}

Logging:
Log output configuration:
 #0: stdout all=warning uptime,level,tags
 #1: stderr all=off uptime,level,tags

Environment Variables:
JAVA_HOME=C:\Program Files\Microsoft\jdk-17.0.16.8-hotspot\
PATH=D:\techpravaha\Vrikshamitra-SIH2K25\frontend\node_modules\.bin;D:\techpravaha\Vrikshamitra-SIH2K25\frontend\node_modules\.bin;D:\techpravaha\Vrikshamitra-SIH2K25\node_modules\.bin;D:\techpravaha\node_modules\.bin;D:\node_modules\.bin;C:\Users\vj999\AppData\Roaming\npm\node_modules\npm\node_modules\@npmcli\run-script\lib\node-gyp-bin;C:\Program Files\Microsoft\jdk-17.0.16.8-hotspot\bin;C:\xampp\php;C:\WINDOWS\system32;C:\WINDOWS;C:\WINDOWS\System32\Wbem;C:\WINDOWS\System32\WindowsPowerShell\v1.0\;C:\WINDOWS\System32\OpenSSH\;C:\Program Files\Git\bin;C:\sqllite;C:\ProgramData\ComposerSetup\bin;C:\ProgramData\chocolatey\bin;C:\Program Files\nodejs\;C:\Program Files\Docker\Docker\resources\bin;C:\flutter\bin;C:\Program Files\MySQL\MySQL Shell 8.0\bin\;C:\MinGW\bin;C:\Users\vj999\AppData\Local\Programs\Python\Python311\Scripts\;C:\Users\vj999\AppData\Local\Programs\Python\Python311\;C:\Users\vj999\AppData\Local\Microsoft\WindowsApps;C:\Users\vj999\AppData\Local\Programs\Microsoft VS Code\bin;C:\Program Files\JetBrains\IntelliJ IDEA Community Edition 2024.1.4\bin;;C:\Users\vj999\AppData\Local\Programs\MiKTeX\miktex\bin\x64\;C:\Program Files (x86)\MongoDB Atlas CLI\;C:\Users\vj999\AppData\Roaming\Composer\vendor\bin;C:\ProgramData\ComposerSetup\bin;C:\Users\vj999\AppData\Roaming\npm;C:\Users\vj999\AppData\Local\Android\Sdk\platform-tools;C:\Users\vj999\AppData\Local\Programs\Antigravity\bin
USERNAME=vj999
LANG=en_US.UTF-8
OS=Windows_NT
PROCESSOR_IDENTIFIER=AMD64 Family 25 Model 68 Stepping 1, AuthenticAMD
TMP=C:\Users\vj999\AppData\Local\Temp
TEMP=C:\Users\vj999\AppData\Local\Temp



Periodic native trim disabled


---------------  S Y S T E M  ---------------

OS:
 Windows 11 , 64 bit Build 26100 (10.0.26100.7019)
OS uptime: 0 days 20:17 hours
Hyper-V role detected

CPU: total 12 (initial active 12) (12 cores per cpu, 2 threads per core) family 25 model 68 stepping 1 microcode 0xa404107, cx8, cmov, fxsr, ht, mmx, 3dnowpref, sse, sse2, sse3, ssse3, sse4a, sse4.1, sse4.2, popcnt, lzcnt, tsc, tscinvbit, avx, avx2, aes, erms, clmul, bmi1, bmi2, adx, sha, fma, vzeroupper, clflush, clflushopt, hv
Processor Information for the first 12 processors :
  Max Mhz: 3301, Current Mhz: 2496, Mhz Limit: 3301

Memory: 4k page, system-wide physical 7381M (7M free)
TotalPageFile size 29908M (AvailPageFile size 0M)
current process WorkingSet (physical memory assigned to process): 219M, peak: 224M
current process commit charge ("private bytes"): 300M, peak: 316M

vm_info: OpenJDK 64-Bit Server VM (17.0.16+8-LTS) for windows-amd64 JRE (17.0.16+8-LTS), built on Jul 10 2025 00:24:24 by "MicrosoftCorporation" with unknown MS VC++:1944

END.
